34.1550 	INFO 	Loaded monitor calibration from ['2025_08_12 08:00']
34.1668 	WARNING 	User requested fullscreen with size [1024  768], but screen is actually [1470, 956]. Using actual size
34.3984 	INFO 	Using renderer 'Apple M2' for graphics
34.3984 	INFO 	OpenGL version supported by driver is 2..
34.4394 	EXP 	Created window1 = Window(allowGUI=False, allowStencil=False, autoLog=True, backendConf=UNKNOWN, backgroundFit=<method-wrapper '__getattribute__' of attributeSetter object at 0x14df338b0>, backgroundImage=<method-wrapper '__getattribute__' of attributeSetter object at 0x14df33850>, bitsMode=UNKNOWN, blendMode='avg', bpc=(8, 8, 8), color=array([0, 0, 0]), colorSpace='rgb', depthBits=8, fullscr=True, gamma=None, gammaErrorPolicy='raise', infoMsg=UNKNOWN, lms=UNKNOWN, monitor=<psychopy.monitors.calibTools.Monitor object at 0x14dd93430>, multiSample=False, name='window1', numSamples=2, pos=[np.float64(0.0), np.float64(0.0)], screen=0, size=array([2940, 1912]), stencilBits=0, stereo=False, title='PsychoPy', units='height', useFBO=True, useRetina=True, viewOri=0.0, viewPos=None, viewScale=None, waitBlanking=True, winType='pyglet')
34.4394 	EXP 	window1: backgroundImage = ''
34.4394 	EXP 	window1: backgroundFit = 'none'
34.9840 	EXP 	window1: Attempting to measure frame rate of screen (0) ...
34.9840 	EXP 	window1: recordFrameIntervals = False
35.1864 	EXP 	window1: recordFrameIntervals = True
36.0221 	WARNING 	Couldn't measure a consistent frame rate!
  - Is your graphics card set to sync to vertical blank?
  - Are you running other processes on your computer?

37.2058 	INFO 	keyboard.Keyboard is using ptb backend.
37.5404 	INFO 	keyboard.Keyboard is using ptb backend.
37.5404 	EXP 	Delay Discounting: status = STARTED
37.5525 	EXP 	Created fixation = ShapeStim(__class__=<class 'psychopy.visual.shape.ShapeStim'>, anchor=('center', 'center'), autoDraw=False, autoLog=True, closeShape=True, color=method-wrapper(...), colorSpace='rgb', contrast=None, depth=0.0, draggable=False, fillColor=array([1, 1, 1]), fillColorSpace='rgb', fillRGB=array([1, 1, 1]), interpolate=True, lineColor=array([1., 1., 1.]), lineColorSpace='rgb', lineRGB=array([1, 1, 1]), lineWidth=1.0, name='fixation', opacity=1, ori=0.0, pos=array([0., 0.]), size=array([0.05, 0.05]), units='height', vertices=ndarray(...), win=Window(...), windingRule=None)
37.5601 	EXP 	Created text = TextStim(__class__=<class 'psychopy.visual.text.TextStim'>, alignHoriz=method-wrapper(...), alignText='center', alignVert=method-wrapper(...), anchorHoriz='center', anchorVert='center', antialias=True, autoDraw=False, autoLog=True, bold=False, color=array([1., 1., 1.]), colorSpace='rgb', contrast=1.0, depth=-1.0, draggable=False, flipHoriz=False, flipVert=False, font='Arial', fontFiles=[], height=0.05, italic=False, languageStyle='LTR', name='text', opacity=1, ori=0.0, pos=array([0., 0.]), rgb=UNKNOWN, text='', units='height', win=Window(...), wrapWidth=1)
0.0465 	EXP 	Imported Conditions for Delay Discounting 100 - Sheet1.csv as conditions, 100 conditions, 3 params
0.0496 	EXP 	New trial (rep=0, index=0): <Trial 0 (0 in rep 0) data={'reward_today': np.int64(72), 'future_reward': np.int64(155), 'delay': np.int64(34), 'thisN': 0, 'thisTrialN': 0, 'thisRepN': 0}>
0.0952 	WARNING 	t of last frame was 74.98ms (=1/13)
0.0952 	EXP 	text: height = np.float64(0.05)
0.0952 	EXP 	text: height = np.float64(0.05)
0.0952 	EXP 	text: height = np.float64(0.05)
0.0952 	EXP 	text: text = 'GBP 72 today or GBP 155 after 34 days'
0.0952 	EXP 	fixation: autoDraw = True
1.0013 	INFO 	Keyboard events cleared
1.0011 	EXP 	text: autoDraw = True
1.0227 	WARNING 	t of last frame was 21.65ms (=1/46)
1.0896 	EXP 	fixation: autoDraw = False
3.8937 	EXP 	Device response: <KeyPress from None: t=3.6845684989821166, value=t, duration=None>
3.8939 	EXP 	Device response: <KeyPress from None: t=3.6845684989821166, value=t, duration=0.11383824999211356>
3.8940 	EXP 	New trial (rep=0, index=1): <Trial 1 (1 in rep 0) data={'reward_today': np.int64(37), 'future_reward': np.int64(65), 'delay': np.int64(40), 'thisN': 1, 'thisTrialN': 1, 'thisRepN': 0}>
3.9042 	DATA 	Keypress: t
3.9083 	WARNING 	t of last frame was 218.60ms (=1/4)
3.9083 	EXP 	fixation: autoDraw = False
3.9083 	EXP 	text: autoDraw = False
3.9083 	EXP 	text: height = np.float64(0.05)
3.9083 	EXP 	text: height = np.float64(0.05)
3.9083 	EXP 	text: height = np.float64(0.05)
3.9083 	EXP 	text: text = 'GBP 37 today or GBP 65 after 40 days'
3.9083 	EXP 	fixation: autoDraw = True
4.8897 	INFO 	Keyboard events cleared
4.8895 	EXP 	text: autoDraw = True
4.9061 	EXP 	fixation: autoDraw = False
5.8964 	EXP 	Device response: <KeyPress from None: t=5.892173791013192, value=l, duration=None>
5.8968 	EXP 	New trial (rep=0, index=2): <Trial 2 (2 in rep 0) data={'reward_today': np.int64(28), 'future_reward': np.int64(56), 'delay': np.int64(12), 'thisN': 2, 'thisTrialN': 2, 'thisRepN': 0}>
5.9089 	DATA 	Keypress: l
5.9130 	EXP 	fixation: autoDraw = False
5.9130 	EXP 	text: autoDraw = False
5.9130 	EXP 	text: height = np.float64(0.05)
5.9130 	EXP 	text: height = np.float64(0.05)
5.9130 	EXP 	text: height = np.float64(0.05)
5.9130 	EXP 	text: text = 'GBP 28 today or GBP 56 after 12 days'
5.9130 	EXP 	fixation: autoDraw = True
6.0077 	EXP 	Device response: <KeyPress from None: t=5.892173791013192, value=l, duration=0.11295491695636883>
6.8961 	INFO 	Keyboard events cleared
6.8959 	EXP 	text: autoDraw = True
6.9061 	EXP 	fixation: autoDraw = False
7.9412 	EXP 	Device response: <KeyPress from None: t=7.931123123969883, value=t, duration=None>
7.9418 	EXP 	New trial (rep=0, index=3): <Trial 3 (3 in rep 0) data={'reward_today': np.int64(90), 'future_reward': np.int64(200), 'delay': np.int64(43), 'thisN': 3, 'thisTrialN': 3, 'thisRepN': 0}>
7.9539 	DATA 	Keypress: t
7.9582 	EXP 	fixation: autoDraw = False
7.9582 	EXP 	text: autoDraw = False
7.9582 	EXP 	text: height = np.float64(0.05)
7.9582 	EXP 	text: height = np.float64(0.05)
7.9582 	EXP 	text: height = np.float64(0.05)
7.9582 	EXP 	text: text = 'GBP 90 today or GBP 200 after 43 days'
7.9582 	EXP 	fixation: autoDraw = True
8.1075 	EXP 	Device response: <KeyPress from None: t=7.931123123969883, value=t, duration=0.17218854202656075>
8.9395 	INFO 	Keyboard events cleared
8.9393 	EXP 	text: autoDraw = True
8.9560 	EXP 	fixation: autoDraw = False
9.9411 	EXP 	Device response: <KeyPress from None: t=9.933064082986675, value=l, duration=None>
9.9418 	EXP 	New trial (rep=0, index=4): <Trial 4 (4 in rep 0) data={'reward_today': np.int64(40), 'future_reward': np.int64(80), 'delay': np.int64(18), 'thisN': 4, 'thisTrialN': 4, 'thisRepN': 0}>
9.9522 	DATA 	Keypress: l
9.9567 	EXP 	fixation: autoDraw = False
9.9567 	EXP 	text: autoDraw = False
9.9567 	EXP 	text: height = np.float64(0.05)
9.9567 	EXP 	text: height = np.float64(0.05)
9.9567 	EXP 	text: height = np.float64(0.05)
9.9567 	EXP 	text: text = 'GBP 40 today or GBP 80 after 18 days'
9.9567 	EXP 	fixation: autoDraw = True
10.0578 	EXP 	Device response: <KeyPress from None: t=9.933064082986675, value=l, duration=0.12029666599119082>
10.9395 	INFO 	Keyboard events cleared
10.9393 	EXP 	text: autoDraw = True
10.9448 	EXP 	fixation: autoDraw = False
11.6298 	EXP 	Device response: <KeyPress from None: t=11.628001082979608, value=t, duration=None>
11.6302 	EXP 	New trial (rep=0, index=5): <Trial 5 (5 in rep 0) data={'reward_today': np.int64(11), 'future_reward': np.int64(30), 'delay': np.int64(7), 'thisN': 5, 'thisTrialN': 5, 'thisRepN': 0}>
11.6407 	DATA 	Keypress: t
11.6466 	EXP 	fixation: autoDraw = False
11.6466 	EXP 	text: autoDraw = False
11.6466 	EXP 	text: height = np.float64(0.05)
11.6466 	EXP 	text: height = np.float64(0.05)
11.6466 	EXP 	text: height = np.float64(0.05)
11.6466 	EXP 	text: text = 'GBP 11 today or GBP 30 after 7 days'
11.6466 	EXP 	fixation: autoDraw = True
11.7458 	EXP 	Device response: <KeyPress from None: t=11.628001082979608, value=t, duration=0.1162167500006035>
12.6302 	INFO 	Keyboard events cleared
12.6300 	EXP 	text: autoDraw = True
12.6394 	EXP 	fixation: autoDraw = False
13.6910 	EXP 	Device response: <KeyPress from None: t=13.688020373985637, value=t, duration=None>
13.6917 	EXP 	New trial (rep=0, index=6): <Trial 6 (6 in rep 0) data={'reward_today': np.int64(70), 'future_reward': np.int64(150), 'delay': np.int64(33), 'thisN': 6, 'thisTrialN': 6, 'thisRepN': 0}>
13.7122 	DATA 	Keypress: t
13.7163 	WARNING 	t of last frame was 26.90ms (=1/37)
13.7163 	EXP 	fixation: autoDraw = False
13.7163 	EXP 	text: autoDraw = False
13.7163 	EXP 	text: height = np.float64(0.05)
13.7163 	EXP 	text: height = np.float64(0.05)
13.7163 	EXP 	text: height = np.float64(0.05)
13.7163 	EXP 	text: text = 'GBP 70 today or GBP 150 after 33 days'
13.7163 	EXP 	fixation: autoDraw = True
13.7904 	EXP 	Device response: <KeyPress from None: t=13.688020373985637, value=t, duration=0.09626291698077694>
14.6895 	INFO 	Keyboard events cleared
14.6893 	EXP 	text: autoDraw = True
14.7119 	EXP 	fixation: autoDraw = False
15.4452 	EXP 	Device response: <KeyPress from None: t=15.4438358329935, value=l, duration=None>
15.4455 	EXP 	New trial (rep=0, index=7): <Trial 7 (7 in rep 0) data={'reward_today': np.int64(60), 'future_reward': np.int64(84), 'delay': np.int64(85), 'thisN': 7, 'thisTrialN': 7, 'thisRepN': 0}>
15.4551 	DATA 	Keypress: l
15.4589 	EXP 	fixation: autoDraw = False
15.4589 	EXP 	text: autoDraw = False
15.4589 	EXP 	text: height = np.float64(0.05)
15.4589 	EXP 	text: height = np.float64(0.05)
15.4589 	EXP 	text: height = np.float64(0.05)
15.4589 	EXP 	text: text = 'GBP 60 today or GBP 84 after 85 days'
15.4589 	EXP 	fixation: autoDraw = True
15.5743 	EXP 	Device response: <KeyPress from None: t=15.4438358329935, value=l, duration=0.12043062498560175>
16.4464 	INFO 	Keyboard events cleared
16.4462 	EXP 	text: autoDraw = True
16.4562 	EXP 	fixation: autoDraw = False
17.0077 	EXP 	Device response: <KeyPress from None: t=17.00091966596665, value=t, duration=None>
17.0084 	EXP 	New trial (rep=0, index=8): <Trial 8 (8 in rep 0) data={'reward_today': np.int64(98), 'future_reward': np.int64(155), 'delay': np.int64(180), 'thisN': 8, 'thisTrialN': 8, 'thisRepN': 0}>
17.0190 	DATA 	Keypress: t
17.0235 	EXP 	fixation: autoDraw = False
17.0235 	EXP 	text: autoDraw = False
17.0235 	EXP 	text: height = np.float64(0.05)
17.0235 	EXP 	text: height = np.float64(0.05)
17.0235 	EXP 	text: height = np.float64(0.05)
17.0235 	EXP 	text: text = 'GBP 98 today or GBP 155 after 180 days'
17.0235 	EXP 	fixation: autoDraw = True
17.1115 	EXP 	Device response: <KeyPress from None: t=17.00091966596665, value=t, duration=0.10832466703141108>
18.0060 	INFO 	Keyboard events cleared
18.0058 	EXP 	text: autoDraw = True
18.0113 	EXP 	fixation: autoDraw = False
19.0742 	EXP 	Device response: <KeyPress from None: t=19.071899248985574, value=t, duration=None>
19.0748 	EXP 	New trial (rep=0, index=9): <Trial 9 (9 in rep 0) data={'reward_today': np.int64(62), 'future_reward': np.int64(86), 'delay': np.int64(90), 'thisN': 9, 'thisTrialN': 9, 'thisRepN': 0}>
19.0850 	DATA 	Keypress: t
19.0894 	EXP 	fixation: autoDraw = False
19.0894 	EXP 	text: autoDraw = False
19.0894 	EXP 	text: height = np.float64(0.05)
19.0894 	EXP 	text: height = np.float64(0.05)
19.0894 	EXP 	text: height = np.float64(0.05)
19.0894 	EXP 	text: text = 'GBP 62 today or GBP 86 after 90 days'
19.0894 	EXP 	fixation: autoDraw = True
19.2075 	EXP 	Device response: <KeyPress from None: t=19.071899248985574, value=t, duration=0.12815558398142457>
20.0728 	INFO 	Keyboard events cleared
20.0725 	EXP 	text: autoDraw = True
20.0788 	EXP 	fixation: autoDraw = False
20.8575 	EXP 	Device response: <KeyPress from None: t=20.852783373964485, value=t, duration=None>
20.8582 	EXP 	New trial (rep=0, index=10): <Trial 10 (10 in rep 0) data={'reward_today': np.int64(52), 'future_reward': np.int64(105), 'delay': np.int64(24), 'thisN': 10, 'thisTrialN': 10, 'thisRepN': 0}>
20.8685 	DATA 	Keypress: t
20.8730 	EXP 	fixation: autoDraw = False
20.8730 	EXP 	text: autoDraw = False
20.8730 	EXP 	text: height = np.float64(0.05)
20.8730 	EXP 	text: height = np.float64(0.05)
20.8730 	EXP 	text: height = np.float64(0.05)
20.8730 	EXP 	text: text = 'GBP 52 today or GBP 105 after 24 days'
20.8730 	EXP 	fixation: autoDraw = True
20.9626 	EXP 	Device response: <KeyPress from None: t=20.852783373964485, value=t, duration=0.1051400420255959>
21.8564 	INFO 	Keyboard events cleared
21.8561 	EXP 	text: autoDraw = True
21.8622 	EXP 	fixation: autoDraw = False
23.0578 	EXP 	Device response: <KeyPress from None: t=23.054785707965493, value=l, duration=None>
23.0585 	EXP 	New trial (rep=0, index=11): <Trial 11 (11 in rep 0) data={'reward_today': np.int64(112), 'future_reward': np.int64(255), 'delay': np.int64(54), 'thisN': 11, 'thisTrialN': 11, 'thisRepN': 0}>
23.0694 	DATA 	Keypress: l
23.0739 	EXP 	fixation: autoDraw = False
23.0739 	EXP 	text: autoDraw = False
23.0739 	EXP 	text: height = np.float64(0.05)
23.0739 	EXP 	text: height = np.float64(0.05)
23.0739 	EXP 	text: height = np.float64(0.05)
23.0739 	EXP 	text: text = 'GBP 112 today or GBP 255 after 54 days'
23.0739 	EXP 	fixation: autoDraw = True
23.1739 	EXP 	Device response: <KeyPress from None: t=23.054785707965493, value=l, duration=0.10852895805146545>
24.0561 	INFO 	Keyboard events cleared
24.0559 	EXP 	text: autoDraw = True
24.0724 	EXP 	fixation: autoDraw = False
25.0070 	EXP 	Device response: <KeyPress from None: t=25.00069233297836, value=t, duration=None>
25.0075 	EXP 	New trial (rep=0, index=12): <Trial 12 (12 in rep 0) data={'reward_today': np.int64(20), 'future_reward': np.int64(38), 'delay': np.int64(12), 'thisN': 12, 'thisTrialN': 12, 'thisRepN': 0}>
25.0176 	DATA 	Keypress: t
25.0221 	EXP 	fixation: autoDraw = False
25.0221 	EXP 	text: autoDraw = False
25.0221 	EXP 	text: height = np.float64(0.05)
25.0221 	EXP 	text: height = np.float64(0.05)
25.0221 	EXP 	text: height = np.float64(0.05)
25.0221 	EXP 	text: text = 'GBP 20 today or GBP 38 after 12 days'
25.0221 	EXP 	fixation: autoDraw = True
25.1405 	EXP 	Device response: <KeyPress from None: t=25.00069233297836, value=t, duration=0.12841908301925287>
26.0062 	INFO 	Keyboard events cleared
26.0060 	EXP 	text: autoDraw = True
26.0119 	EXP 	fixation: autoDraw = False
28.3629 	EXP 	Device response: <KeyPress from None: t=28.357658582972363, value=t, duration=None>
28.3632 	EXP 	New trial (rep=0, index=13): <Trial 13 (13 in rep 0) data={'reward_today': np.int64(46), 'future_reward': np.int64(92), 'delay': np.int64(21), 'thisN': 13, 'thisTrialN': 13, 'thisRepN': 0}>
28.3730 	DATA 	Keypress: t
28.3773 	EXP 	fixation: autoDraw = False
28.3773 	EXP 	text: autoDraw = False
28.3773 	EXP 	text: height = np.float64(0.05)
28.3773 	EXP 	text: height = np.float64(0.05)
28.3773 	EXP 	text: height = np.float64(0.05)
28.3773 	EXP 	text: text = 'GBP 46 today or GBP 92 after 21 days'
28.3773 	EXP 	fixation: autoDraw = True
28.4910 	EXP 	Device response: <KeyPress from None: t=28.357658582972363, value=t, duration=0.1251452500000596>
29.3633 	INFO 	Keyboard events cleared
29.3631 	EXP 	text: autoDraw = True
29.3725 	EXP 	fixation: autoDraw = False
30.2241 	EXP 	Device response: <KeyPress from None: t=30.216617540980224, value=t, duration=None>
30.2247 	EXP 	New trial (rep=0, index=14): <Trial 14 (14 in rep 0) data={'reward_today': np.int64(72), 'future_reward': np.int64(96), 'delay': np.int64(115), 'thisN': 14, 'thisTrialN': 14, 'thisRepN': 0}>
30.2350 	DATA 	Keypress: t
30.2395 	EXP 	fixation: autoDraw = False
30.2395 	EXP 	text: autoDraw = False
30.2395 	EXP 	text: height = np.float64(0.05)
30.2395 	EXP 	text: height = np.float64(0.05)
30.2395 	EXP 	text: height = np.float64(0.05)
30.2395 	EXP 	text: text = 'GBP 72 today or GBP 96 after 115 days'
30.2395 	EXP 	fixation: autoDraw = True
30.3623 	EXP 	Device response: <KeyPress from None: t=30.216617540980224, value=t, duration=0.1441640830016695>
31.2227 	INFO 	Keyboard events cleared
31.2225 	EXP 	text: autoDraw = True
31.2286 	EXP 	fixation: autoDraw = False
32.0078 	EXP 	Device response: <KeyPress from None: t=32.00351445795968, value=t, duration=None>
32.0086 	EXP 	New trial (rep=0, index=15): <Trial 15 (15 in rep 0) data={'reward_today': np.int64(100), 'future_reward': np.int64(160), 'delay': np.int64(185), 'thisN': 15, 'thisTrialN': 15, 'thisRepN': 0}>
32.0195 	DATA 	Keypress: t
32.0239 	EXP 	fixation: autoDraw = False
32.0239 	EXP 	text: autoDraw = False
32.0239 	EXP 	text: height = np.float64(0.05)
32.0239 	EXP 	text: height = np.float64(0.05)
32.0239 	EXP 	text: height = np.float64(0.05)
32.0239 	EXP 	text: text = 'GBP 100 today or GBP 160 after 185 days'
32.0239 	EXP 	fixation: autoDraw = True
32.1290 	EXP 	Device response: <KeyPress from None: t=32.00351445795968, value=t, duration=0.12434066605055705>
33.0060 	INFO 	Keyboard events cleared
33.0058 	EXP 	text: autoDraw = True
33.0224 	EXP 	fixation: autoDraw = False
34.3795 	EXP 	Device response: <KeyPress from None: t=34.374500998994336, value=t, duration=None>
34.3799 	EXP 	New trial (rep=0, index=16): <Trial 16 (16 in rep 0) data={'reward_today': np.int64(92), 'future_reward': np.int64(205), 'delay': np.int64(44), 'thisN': 16, 'thisTrialN': 16, 'thisRepN': 0}>
34.3901 	DATA 	Keypress: t
34.3948 	EXP 	fixation: autoDraw = False
34.3948 	EXP 	text: autoDraw = False
34.3948 	EXP 	text: height = np.float64(0.05)
34.3948 	EXP 	text: height = np.float64(0.05)
34.3948 	EXP 	text: height = np.float64(0.05)
34.3948 	EXP 	text: text = 'GBP 92 today or GBP 205 after 44 days'
34.3948 	EXP 	fixation: autoDraw = True
34.4900 	EXP 	Device response: <KeyPress from None: t=34.374500998994336, value=t, duration=0.10873412498040125>
35.3791 	INFO 	Keyboard events cleared
35.3789 	EXP 	text: autoDraw = True
35.3892 	EXP 	fixation: autoDraw = False
36.4963 	EXP 	Device response: <KeyPress from None: t=36.489418208017014, value=l, duration=None>
36.4966 	EXP 	New trial (rep=0, index=17): <Trial 17 (17 in rep 0) data={'reward_today': np.int64(110), 'future_reward': np.int64(250), 'delay': np.int64(53), 'thisN': 17, 'thisTrialN': 17, 'thisRepN': 0}>
36.5072 	DATA 	Keypress: l
36.5117 	EXP 	fixation: autoDraw = False
36.5117 	EXP 	text: autoDraw = False
36.5117 	EXP 	text: height = np.float64(0.05)
36.5117 	EXP 	text: height = np.float64(0.05)
36.5117 	EXP 	text: height = np.float64(0.05)
36.5117 	EXP 	text: text = 'GBP 110 today or GBP 250 after 53 days'
36.5117 	EXP 	fixation: autoDraw = True
36.5960 	EXP 	Device response: <KeyPress from None: t=36.489418208017014, value=l, duration=0.10021937498822808>
37.4962 	INFO 	Keyboard events cleared
37.4960 	EXP 	text: autoDraw = True
37.5058 	EXP 	fixation: autoDraw = False
38.2461 	EXP 	Device response: <KeyPress from None: t=38.24145095801214, value=l, duration=None>
38.2465 	EXP 	New trial (rep=0, index=18): <Trial 18 (18 in rep 0) data={'reward_today': np.int64(114), 'future_reward': np.int64(260), 'delay': np.int64(55), 'thisN': 18, 'thisTrialN': 18, 'thisRepN': 0}>
38.2564 	DATA 	Keypress: l
38.2604 	EXP 	fixation: autoDraw = False
38.2604 	EXP 	text: autoDraw = False
38.2604 	EXP 	text: height = np.float64(0.05)
38.2604 	EXP 	text: height = np.float64(0.05)
38.2604 	EXP 	text: height = np.float64(0.05)
38.2604 	EXP 	text: text = 'GBP 114 today or GBP 260 after 55 days'
38.2604 	EXP 	fixation: autoDraw = True
38.3745 	EXP 	Device response: <KeyPress from None: t=38.24145095801214, value=l, duration=0.12431254098191857>
39.2459 	INFO 	Keyboard events cleared
39.2457 	EXP 	text: autoDraw = True
39.2559 	EXP 	fixation: autoDraw = False
40.0407 	EXP 	Device response: <KeyPress from None: t=40.03548870800296, value=l, duration=None>
40.0413 	EXP 	New trial (rep=0, index=19): <Trial 19 (19 in rep 0) data={'reward_today': np.int64(28), 'future_reward': np.int64(48), 'delay': np.int64(20), 'thisN': 19, 'thisTrialN': 19, 'thisRepN': 0}>
40.0529 	DATA 	Keypress: l
40.0576 	EXP 	fixation: autoDraw = False
40.0576 	EXP 	text: autoDraw = False
40.0576 	EXP 	text: height = np.float64(0.05)
40.0576 	EXP 	text: height = np.float64(0.05)
40.0576 	EXP 	text: height = np.float64(0.05)
40.0576 	EXP 	text: text = 'GBP 28 today or GBP 48 after 20 days'
40.0576 	EXP 	fixation: autoDraw = True
40.1905 	EXP 	Device response: <KeyPress from None: t=40.03548870800296, value=l, duration=0.14410066598793492>
41.0395 	INFO 	Keyboard events cleared
41.0393 	EXP 	text: autoDraw = True
41.0559 	EXP 	fixation: autoDraw = False
42.2295 	EXP 	Device response: <KeyPress from None: t=42.22633333300473, value=t, duration=None>
42.2298 	EXP 	New trial (rep=0, index=20): <Trial 20 (20 in rep 0) data={'reward_today': np.int64(34), 'future_reward': np.int64(68), 'delay': np.int64(15), 'thisN': 20, 'thisTrialN': 20, 'thisRepN': 0}>
42.2400 	DATA 	Keypress: t
42.2443 	EXP 	fixation: autoDraw = False
42.2443 	EXP 	text: autoDraw = False
42.2443 	EXP 	text: height = np.float64(0.05)
42.2443 	EXP 	text: height = np.float64(0.05)
42.2443 	EXP 	text: height = np.float64(0.05)
42.2443 	EXP 	text: text = 'GBP 34 today or GBP 68 after 15 days'
42.2443 	EXP 	fixation: autoDraw = True
42.3407 	EXP 	Device response: <KeyPress from None: t=42.22633333300473, value=t, duration=0.10850858298363164>
43.2292 	INFO 	Keyboard events cleared
43.2290 	EXP 	text: autoDraw = True
43.2390 	EXP 	fixation: autoDraw = False
44.1790 	EXP 	Device response: <KeyPress from None: t=44.17328554100823, value=t, duration=None>
44.1794 	EXP 	New trial (rep=0, index=21): <Trial 21 (21 in rep 0) data={'reward_today': np.int64(45), 'future_reward': np.int64(72), 'delay': np.int64(55), 'thisN': 21, 'thisTrialN': 21, 'thisRepN': 0}>
44.1901 	DATA 	Keypress: t
44.1944 	EXP 	fixation: autoDraw = False
44.1944 	EXP 	text: autoDraw = False
44.1944 	EXP 	text: height = np.float64(0.05)
44.1944 	EXP 	text: height = np.float64(0.05)
44.1944 	EXP 	text: height = np.float64(0.05)
44.1944 	EXP 	text: text = 'GBP 45 today or GBP 72 after 55 days'
44.1944 	EXP 	fixation: autoDraw = True
44.2958 	EXP 	Device response: <KeyPress from None: t=44.17328554100823, value=t, duration=0.12028774997452274>
45.1800 	INFO 	Keyboard events cleared
45.1799 	EXP 	text: autoDraw = True
45.1889 	EXP 	fixation: autoDraw = False
46.5071 	EXP 	Device response: <KeyPress from None: t=46.50015212397557, value=t, duration=None>
46.5076 	EXP 	New trial (rep=0, index=22): <Trial 22 (22 in rep 0) data={'reward_today': np.int64(102), 'future_reward': np.int64(230), 'delay': np.int64(49), 'thisN': 22, 'thisTrialN': 22, 'thisRepN': 0}>
46.5186 	DATA 	Keypress: t
46.5233 	EXP 	fixation: autoDraw = False
46.5233 	EXP 	text: autoDraw = False
46.5233 	EXP 	text: height = np.float64(0.05)
46.5233 	EXP 	text: height = np.float64(0.05)
46.5233 	EXP 	text: height = np.float64(0.05)
46.5233 	EXP 	text: text = 'GBP 102 today or GBP 230 after 49 days'
46.5233 	EXP 	fixation: autoDraw = True
46.6283 	EXP 	Device response: <KeyPress from None: t=46.50015212397557, value=t, duration=0.12441262503853068>
47.5058 	INFO 	Keyboard events cleared
47.5057 	EXP 	text: autoDraw = True
47.5112 	EXP 	fixation: autoDraw = False
48.3625 	EXP 	Device response: <KeyPress from None: t=48.360133832960855, value=l, duration=None>
48.3629 	EXP 	New trial (rep=0, index=23): <Trial 23 (23 in rep 0) data={'reward_today': np.int64(76), 'future_reward': np.int64(165), 'delay': np.int64(36), 'thisN': 23, 'thisTrialN': 23, 'thisRepN': 0}>
48.3738 	DATA 	Keypress: l
48.3780 	EXP 	fixation: autoDraw = False
48.3780 	EXP 	text: autoDraw = False
48.3780 	EXP 	text: height = np.float64(0.05)
48.3780 	EXP 	text: height = np.float64(0.05)
48.3780 	EXP 	text: height = np.float64(0.05)
48.3780 	EXP 	text: text = 'GBP 76 today or GBP 165 after 36 days'
48.3780 	EXP 	fixation: autoDraw = True
48.5074 	EXP 	Device response: <KeyPress from None: t=48.360133832960855, value=l, duration=0.1444081660010852>
49.3620 	INFO 	Keyboard events cleared
49.3619 	EXP 	text: autoDraw = True
49.3723 	EXP 	fixation: autoDraw = False
50.6406 	EXP 	Device response: <KeyPress from None: t=50.637176123971585, value=l, duration=None>
50.6412 	EXP 	New trial (rep=0, index=24): <Trial 24 (24 in rep 0) data={'reward_today': np.int64(12), 'future_reward': np.int64(25), 'delay': np.int64(5), 'thisN': 24, 'thisTrialN': 24, 'thisRepN': 0}>
50.6522 	DATA 	Keypress: l
50.6567 	EXP 	fixation: autoDraw = False
50.6567 	EXP 	text: autoDraw = False
50.6567 	EXP 	text: height = np.float64(0.05)
50.6567 	EXP 	text: height = np.float64(0.05)
50.6567 	EXP 	text: height = np.float64(0.05)
50.6567 	EXP 	text: text = 'GBP 12 today or GBP 25 after 5 days'
50.6567 	EXP 	fixation: autoDraw = True
50.7908 	EXP 	Device response: <KeyPress from None: t=50.637176123971585, value=l, duration=0.14835470903199166>
51.6395 	INFO 	Keyboard events cleared
51.6392 	EXP 	text: autoDraw = True
51.6454 	EXP 	fixation: autoDraw = False
52.4904 	EXP 	Device response: <KeyPress from None: t=52.485196248977445, value=l, duration=None>
52.4909 	EXP 	New trial (rep=0, index=25): <Trial 25 (25 in rep 0) data={'reward_today': np.int64(47), 'future_reward': np.int64(74), 'delay': np.int64(60), 'thisN': 25, 'thisTrialN': 25, 'thisRepN': 0}>
52.5021 	DATA 	Keypress: l
52.5067 	EXP 	fixation: autoDraw = False
52.5067 	EXP 	text: autoDraw = False
52.5067 	EXP 	text: height = np.float64(0.05)
52.5067 	EXP 	text: height = np.float64(0.05)
52.5067 	EXP 	text: height = np.float64(0.05)
52.5067 	EXP 	text: text = 'GBP 47 today or GBP 74 after 60 days'
52.5067 	EXP 	fixation: autoDraw = True
52.5909 	EXP 	Device response: <KeyPress from None: t=52.485196248977445, value=l, duration=0.10029645898612216>
53.4894 	INFO 	Keyboard events cleared
53.4892 	EXP 	text: autoDraw = True
53.4954 	EXP 	fixation: autoDraw = False
54.1459 	EXP 	Device response: <KeyPress from None: t=54.144029498973396, value=t, duration=None>
54.1463 	EXP 	New trial (rep=0, index=26): <Trial 26 (26 in rep 0) data={'reward_today': np.int64(44), 'future_reward': np.int64(88), 'delay': np.int64(20), 'thisN': 26, 'thisTrialN': 26, 'thisRepN': 0}>
54.1568 	DATA 	Keypress: t
54.1612 	EXP 	fixation: autoDraw = False
54.1612 	EXP 	text: autoDraw = False
54.1612 	EXP 	text: height = np.float64(0.05)
54.1612 	EXP 	text: height = np.float64(0.05)
54.1612 	EXP 	text: height = np.float64(0.05)
54.1612 	EXP 	text: text = 'GBP 44 today or GBP 88 after 20 days'
54.1612 	EXP 	fixation: autoDraw = True
54.2795 	EXP 	Device response: <KeyPress from None: t=54.144029498973396, value=t, duration=0.13238358398666605>
55.1458 	INFO 	Keyboard events cleared
55.1457 	EXP 	text: autoDraw = True
55.1556 	EXP 	fixation: autoDraw = False
56.3127 	EXP 	Device response: <KeyPress from None: t=56.31096716597676, value=t, duration=None>
56.3131 	EXP 	New trial (rep=0, index=27): <Trial 27 (27 in rep 0) data={'reward_today': np.int64(74), 'future_reward': np.int64(98), 'delay': np.int64(120), 'thisN': 27, 'thisTrialN': 27, 'thisRepN': 0}>
56.3233 	DATA 	Keypress: t
56.3277 	EXP 	fixation: autoDraw = False
56.3277 	EXP 	text: autoDraw = False
56.3277 	EXP 	text: height = np.float64(0.05)
56.3277 	EXP 	text: height = np.float64(0.05)
56.3277 	EXP 	text: height = np.float64(0.05)
56.3277 	EXP 	text: text = 'GBP 74 today or GBP 98 after 120 days'
56.3277 	EXP 	fixation: autoDraw = True
56.4397 	EXP 	Device response: <KeyPress from None: t=56.31096716597676, value=t, duration=0.124461000028532>
57.3129 	INFO 	Keyboard events cleared
57.3128 	EXP 	text: autoDraw = True
57.3224 	EXP 	fixation: autoDraw = False
58.5075 	EXP 	Device response: <KeyPress from None: t=58.506043582980055, value=t, duration=None>
58.5138 	EXP 	New trial (rep=0, index=28): <Trial 28 (28 in rep 0) data={'reward_today': np.int64(54), 'future_reward': np.int64(110), 'delay': np.int64(25), 'thisN': 28, 'thisTrialN': 28, 'thisRepN': 0}>
58.5232 	DATA 	Keypress: t
58.5277 	EXP 	fixation: autoDraw = False
58.5277 	EXP 	text: autoDraw = False
58.5277 	EXP 	text: height = np.float64(0.05)
58.5277 	EXP 	text: height = np.float64(0.05)
58.5277 	EXP 	text: height = np.float64(0.05)
58.5277 	EXP 	text: text = 'GBP 54 today or GBP 110 after 25 days'
58.5277 	EXP 	fixation: autoDraw = True
58.6736 	EXP 	Device response: <KeyPress from None: t=58.506043582980055, value=t, duration=0.15622783300932497>
59.5129 	INFO 	Keyboard events cleared
59.5128 	EXP 	text: autoDraw = True
59.5222 	EXP 	fixation: autoDraw = False
61.1739 	EXP 	Device response: <KeyPress from None: t=61.16791216598358, value=l, duration=None>
61.1746 	EXP 	New trial (rep=0, index=29): <Trial 29 (29 in rep 0) data={'reward_today': np.int64(26), 'future_reward': np.int64(52), 'delay': np.int64(11), 'thisN': 29, 'thisTrialN': 29, 'thisRepN': 0}>
61.1871 	DATA 	Keypress: l
61.1916 	EXP 	fixation: autoDraw = False
61.1916 	EXP 	text: autoDraw = False
61.1916 	EXP 	text: height = np.float64(0.05)
61.1916 	EXP 	text: height = np.float64(0.05)
61.1916 	EXP 	text: height = np.float64(0.05)
61.1916 	EXP 	text: text = 'GBP 26 today or GBP 52 after 11 days'
61.1916 	EXP 	fixation: autoDraw = True
61.2906 	EXP 	Device response: <KeyPress from None: t=61.16791216598358, value=l, duration=0.11625316698336974>
62.1725 	INFO 	Keyboard events cleared
62.1723 	EXP 	text: autoDraw = True
62.1889 	EXP 	fixation: autoDraw = False
63.8127 	EXP 	Device response: <KeyPress from None: t=63.80787487397902, value=t, duration=None>
63.8132 	EXP 	New trial (rep=0, index=30): <Trial 30 (30 in rep 0) data={'reward_today': np.int64(78), 'future_reward': np.int64(170), 'delay': np.int64(37), 'thisN': 30, 'thisTrialN': 30, 'thisRepN': 0}>
63.8233 	DATA 	Keypress: t
63.8277 	EXP 	fixation: autoDraw = False
63.8277 	EXP 	text: autoDraw = False
63.8277 	EXP 	text: height = np.float64(0.05)
63.8277 	EXP 	text: height = np.float64(0.05)
63.8277 	EXP 	text: height = np.float64(0.05)
63.8277 	EXP 	text: text = 'GBP 78 today or GBP 170 after 37 days'
63.8277 	EXP 	fixation: autoDraw = True
63.9567 	EXP 	Device response: <KeyPress from None: t=63.80787487397902, value=t, duration=0.14030808402458206>
64.8124 	INFO 	Keyboard events cleared
64.8122 	EXP 	text: autoDraw = True
64.8222 	EXP 	fixation: autoDraw = False
66.2240 	EXP 	Device response: <KeyPress from None: t=66.21272608300205, value=l, duration=None>
66.2247 	EXP 	New trial (rep=0, index=31): <Trial 31 (31 in rep 0) data={'reward_today': np.int64(50), 'future_reward': np.int64(100), 'delay': np.int64(23), 'thisN': 31, 'thisTrialN': 31, 'thisRepN': 0}>
66.2362 	DATA 	Keypress: l
66.2406 	EXP 	fixation: autoDraw = False
66.2406 	EXP 	text: autoDraw = False
66.2406 	EXP 	text: height = np.float64(0.05)
66.2406 	EXP 	text: height = np.float64(0.05)
66.2406 	EXP 	text: height = np.float64(0.05)
66.2406 	EXP 	text: text = 'GBP 50 today or GBP 100 after 23 days'
66.2406 	EXP 	fixation: autoDraw = True
66.3621 	EXP 	Device response: <KeyPress from None: t=66.21272608300205, value=l, duration=0.14443574997130781>
67.2225 	INFO 	Keyboard events cleared
67.2223 	EXP 	text: autoDraw = True
67.2389 	EXP 	fixation: autoDraw = False
67.6071 	EXP 	Device response: <KeyPress from None: t=67.60369420796633, value=l, duration=None>
67.6076 	EXP 	New trial (rep=0, index=32): <Trial 32 (32 in rep 0) data={'reward_today': np.int64(104), 'future_reward': np.int64(235), 'delay': np.int64(50), 'thisN': 32, 'thisTrialN': 32, 'thisRepN': 0}>
67.6190 	DATA 	Keypress: l
67.6234 	EXP 	fixation: autoDraw = False
67.6234 	EXP 	text: autoDraw = False
67.6234 	EXP 	text: height = np.float64(0.05)
67.6234 	EXP 	text: height = np.float64(0.05)
67.6234 	EXP 	text: height = np.float64(0.05)
67.6234 	EXP 	text: text = 'GBP 104 today or GBP 235 after 50 days'
67.6234 	EXP 	fixation: autoDraw = True
67.7406 	EXP 	Device response: <KeyPress from None: t=67.60369420796633, value=l, duration=0.13238975004060194>
68.6058 	INFO 	Keyboard events cleared
68.6055 	EXP 	text: autoDraw = True
68.6222 	EXP 	fixation: autoDraw = False
69.4238 	EXP 	Device response: <KeyPress from None: t=69.41168149898294, value=l, duration=None>
69.4245 	EXP 	New trial (rep=0, index=33): <Trial 33 (33 in rep 0) data={'reward_today': np.int64(58), 'future_reward': np.int64(82), 'delay': np.int64(80), 'thisN': 33, 'thisTrialN': 33, 'thisRepN': 0}>
69.4359 	DATA 	Keypress: l
69.4403 	EXP 	fixation: autoDraw = False
69.4403 	EXP 	text: autoDraw = False
69.4403 	EXP 	text: height = np.float64(0.05)
69.4403 	EXP 	text: height = np.float64(0.05)
69.4403 	EXP 	text: height = np.float64(0.05)
69.4403 	EXP 	text: text = 'GBP 58 today or GBP 82 after 80 days'
69.4403 	EXP 	fixation: autoDraw = True
69.5454 	EXP 	Device response: <KeyPress from None: t=69.41168149898294, value=l, duration=0.12822995899477974>
70.4223 	INFO 	Keyboard events cleared
70.4221 	EXP 	text: autoDraw = True
70.4389 	EXP 	fixation: autoDraw = False
71.2278 	EXP 	Device response: <KeyPress from None: t=71.22265662398422, value=t, duration=None>
71.2283 	EXP 	New trial (rep=0, index=34): <Trial 34 (34 in rep 0) data={'reward_today': np.int64(70), 'future_reward': np.int64(94), 'delay': np.int64(110), 'thisN': 34, 'thisTrialN': 34, 'thisRepN': 0}>
71.2396 	DATA 	Keypress: t
71.2436 	EXP 	fixation: autoDraw = False
71.2436 	EXP 	text: autoDraw = False
71.2436 	EXP 	text: height = np.float64(0.05)
71.2436 	EXP 	text: height = np.float64(0.05)
71.2436 	EXP 	text: height = np.float64(0.05)
71.2436 	EXP 	text: text = 'GBP 70 today or GBP 94 after 110 days'
71.2436 	EXP 	fixation: autoDraw = True
71.3791 	EXP 	Device response: <KeyPress from None: t=71.22265662398422, value=t, duration=0.15235358400968835>
72.2223 	INFO 	Keyboard events cleared
72.2221 	EXP 	text: autoDraw = True
72.2389 	EXP 	fixation: autoDraw = False
72.8293 	EXP 	Device response: <KeyPress from None: t=72.8266749989707, value=t, duration=None>
72.8298 	EXP 	New trial (rep=0, index=35): <Trial 35 (35 in rep 0) data={'reward_today': np.int64(106), 'future_reward': np.int64(240), 'delay': np.int64(51), 'thisN': 35, 'thisTrialN': 35, 'thisRepN': 0}>
72.8399 	DATA 	Keypress: t
72.8441 	EXP 	fixation: autoDraw = False
72.8441 	EXP 	text: autoDraw = False
72.8441 	EXP 	text: height = np.float64(0.05)
72.8441 	EXP 	text: height = np.float64(0.05)
72.8441 	EXP 	text: height = np.float64(0.05)
72.8441 	EXP 	text: text = 'GBP 106 today or GBP 240 after 51 days'
72.8441 	EXP 	fixation: autoDraw = True
72.9620 	EXP 	Device response: <KeyPress from None: t=72.8266749989707, value=t, duration=0.1323037919937633>
73.8293 	INFO 	Keyboard events cleared
73.8291 	EXP 	text: autoDraw = True
73.8387 	EXP 	fixation: autoDraw = False
74.4622 	EXP 	Device response: <KeyPress from None: t=74.45947995799361, value=l, duration=None>
74.4626 	EXP 	New trial (rep=0, index=36): <Trial 36 (36 in rep 0) data={'reward_today': np.int64(62), 'future_reward': np.int64(130), 'delay': np.int64(29), 'thisN': 36, 'thisTrialN': 36, 'thisRepN': 0}>
74.4728 	DATA 	Keypress: l
74.4769 	EXP 	fixation: autoDraw = False
74.4769 	EXP 	text: autoDraw = False
74.4769 	EXP 	text: height = np.float64(0.05)
74.4769 	EXP 	text: height = np.float64(0.05)
74.4769 	EXP 	text: height = np.float64(0.05)
74.4769 	EXP 	text: text = 'GBP 62 today or GBP 130 after 29 days'
74.4769 	EXP 	fixation: autoDraw = True
74.6239 	EXP 	Device response: <KeyPress from None: t=74.45947995799361, value=l, duration=0.1564967500162311>
75.4621 	INFO 	Keyboard events cleared
75.4620 	EXP 	text: autoDraw = True
75.4720 	EXP 	fixation: autoDraw = False
76.0899 	EXP 	Device response: <KeyPress from None: t=76.08351724897511, value=t, duration=None>
76.0904 	EXP 	New trial (rep=0, index=37): <Trial 37 (37 in rep 0) data={'reward_today': np.int64(98), 'future_reward': np.int64(220), 'delay': np.int64(47), 'thisN': 37, 'thisTrialN': 37, 'thisRepN': 0}>
76.1013 	DATA 	Keypress: t
76.1057 	EXP 	fixation: autoDraw = False
76.1057 	EXP 	text: autoDraw = False
76.1057 	EXP 	text: height = np.float64(0.05)
76.1057 	EXP 	text: height = np.float64(0.05)
76.1057 	EXP 	text: height = np.float64(0.05)
76.1057 	EXP 	text: text = 'GBP 98 today or GBP 220 after 47 days'
76.1057 	EXP 	fixation: autoDraw = True
76.2121 	EXP 	Device response: <KeyPress from None: t=76.08351724897511, value=t, duration=0.12440533400513232>
77.0891 	INFO 	Keyboard events cleared
77.0889 	EXP 	text: autoDraw = True
77.0952 	EXP 	fixation: autoDraw = False
78.8123 	EXP 	Device response: <KeyPress from None: t=78.80850633297814, value=l, duration=None>
78.8127 	EXP 	New trial (rep=0, index=38): <Trial 38 (38 in rep 0) data={'reward_today': np.int64(66), 'future_reward': np.int64(140), 'delay': np.int64(31), 'thisN': 38, 'thisTrialN': 38, 'thisRepN': 0}>
78.8226 	DATA 	Keypress: l
78.8264 	EXP 	fixation: autoDraw = False
78.8264 	EXP 	text: autoDraw = False
78.8264 	EXP 	text: height = np.float64(0.05)
78.8264 	EXP 	text: height = np.float64(0.05)
78.8264 	EXP 	text: height = np.float64(0.05)
78.8264 	EXP 	text: text = 'GBP 66 today or GBP 140 after 31 days'
78.8264 	EXP 	fixation: autoDraw = True
78.8952 	EXP 	Device response: <KeyPress from None: t=78.80850633297814, value=l, duration=0.08419129101093858>
79.8058 	INFO 	Keyboard events cleared
79.8056 	EXP 	text: autoDraw = True
79.8220 	EXP 	fixation: autoDraw = False
81.6238 	EXP 	Device response: <KeyPress from None: t=81.61342595797032, value=t, duration=None>
81.6246 	EXP 	New trial (rep=0, index=39): <Trial 39 (39 in rep 0) data={'reward_today': np.int64(108), 'future_reward': np.int64(245), 'delay': np.int64(52), 'thisN': 39, 'thisTrialN': 39, 'thisRepN': 0}>
81.6370 	DATA 	Keypress: t
81.6412 	EXP 	fixation: autoDraw = False
81.6412 	EXP 	text: autoDraw = False
81.6412 	EXP 	text: height = np.float64(0.05)
81.6412 	EXP 	text: height = np.float64(0.05)
81.6412 	EXP 	text: height = np.float64(0.05)
81.6412 	EXP 	text: text = 'GBP 108 today or GBP 245 after 52 days'
81.6412 	EXP 	fixation: autoDraw = True
81.7125 	EXP 	Device response: <KeyPress from None: t=81.61342595797032, value=t, duration=0.09623000002466142>
82.6223 	INFO 	Keyboard events cleared
82.6221 	EXP 	text: autoDraw = True
82.6387 	EXP 	fixation: autoDraw = False
84.7068 	EXP 	Device response: <KeyPress from None: t=84.7013847079943, value=l, duration=None>
84.7075 	EXP 	New trial (rep=0, index=40): <Trial 40 (40 in rep 0) data={'reward_today': np.int64(94), 'future_reward': np.int64(210), 'delay': np.int64(45), 'thisN': 40, 'thisTrialN': 40, 'thisRepN': 0}>
84.7185 	DATA 	Keypress: l
84.7230 	EXP 	fixation: autoDraw = False
84.7230 	EXP 	text: autoDraw = False
84.7230 	EXP 	text: height = np.float64(0.05)
84.7230 	EXP 	text: height = np.float64(0.05)
84.7230 	EXP 	text: height = np.float64(0.05)
84.7230 	EXP 	text: text = 'GBP 94 today or GBP 210 after 45 days'
84.7230 	EXP 	fixation: autoDraw = True
84.8286 	EXP 	Device response: <KeyPress from None: t=84.7013847079943, value=l, duration=0.12426825001602992>
85.7054 	INFO 	Keyboard events cleared
85.7052 	EXP 	text: autoDraw = True
85.7221 	EXP 	fixation: autoDraw = False
86.6461 	EXP 	Device response: <KeyPress from None: t=86.64023595798062, value=l, duration=None>
86.6464 	EXP 	New trial (rep=0, index=41): <Trial 41 (41 in rep 0) data={'reward_today': np.int64(39), 'future_reward': np.int64(68), 'delay': np.int64(45), 'thisN': 41, 'thisTrialN': 41, 'thisRepN': 0}>
86.6568 	DATA 	Keypress: l
86.6613 	EXP 	fixation: autoDraw = False
86.6613 	EXP 	text: autoDraw = False
86.6613 	EXP 	text: height = np.float64(0.05)
86.6613 	EXP 	text: height = np.float64(0.05)
86.6613 	EXP 	text: height = np.float64(0.05)
86.6613 	EXP 	text: text = 'GBP 39 today or GBP 68 after 45 days'
86.6613 	EXP 	fixation: autoDraw = True
86.7731 	EXP 	Device response: <KeyPress from None: t=86.64023595798062, value=l, duration=0.1283555410336703>
87.6464 	INFO 	Keyboard events cleared
87.6462 	EXP 	text: autoDraw = True
87.6551 	EXP 	fixation: autoDraw = False
88.2571 	EXP 	Device response: <KeyPress from None: t=88.25435954099521, value=t, duration=None>
88.2579 	EXP 	New trial (rep=0, index=42): <Trial 42 (42 in rep 0) data={'reward_today': np.int64(24), 'future_reward': np.int64(48), 'delay': np.int64(10), 'thisN': 42, 'thisTrialN': 42, 'thisRepN': 0}>
88.2694 	DATA 	Keypress: t
88.2737 	EXP 	fixation: autoDraw = False
88.2737 	EXP 	text: autoDraw = False
88.2737 	EXP 	text: height = np.float64(0.05)
88.2737 	EXP 	text: height = np.float64(0.05)
88.2737 	EXP 	text: height = np.float64(0.05)
88.2737 	EXP 	text: text = 'GBP 24 today or GBP 48 after 10 days'
88.2737 	EXP 	fixation: autoDraw = True
88.3903 	EXP 	Device response: <KeyPress from None: t=88.25435954099521, value=t, duration=0.132304499973543>
89.2555 	INFO 	Keyboard events cleared
89.2553 	EXP 	text: autoDraw = True
89.2719 	EXP 	fixation: autoDraw = False
90.1236 	EXP 	Device response: <KeyPress from None: t=90.11832366598537, value=t, duration=None>
90.1242 	EXP 	New trial (rep=0, index=43): <Trial 43 (43 in rep 0) data={'reward_today': np.int64(84), 'future_reward': np.int64(185), 'delay': np.int64(40), 'thisN': 43, 'thisTrialN': 43, 'thisRepN': 0}>
90.1358 	DATA 	Keypress: t
90.1404 	EXP 	fixation: autoDraw = False
90.1404 	EXP 	text: autoDraw = False
90.1404 	EXP 	text: height = np.float64(0.05)
90.1404 	EXP 	text: height = np.float64(0.05)
90.1404 	EXP 	text: height = np.float64(0.05)
90.1404 	EXP 	text: text = 'GBP 84 today or GBP 185 after 40 days'
90.1404 	EXP 	fixation: autoDraw = True
90.2570 	EXP 	Device response: <KeyPress from None: t=90.11832366598537, value=t, duration=0.1282548750168644>
91.1222 	INFO 	Keyboard events cleared
91.1219 	EXP 	text: autoDraw = True
91.1386 	EXP 	fixation: autoDraw = False
92.6115 	EXP 	Device response: <KeyPress from None: t=92.6072978329612, value=l, duration=None>
92.6119 	EXP 	New trial (rep=0, index=44): <Trial 44 (44 in rep 0) data={'reward_today': np.int64(12), 'future_reward': np.int64(24), 'delay': np.int64(4), 'thisN': 44, 'thisTrialN': 44, 'thisRepN': 0}>
92.6222 	DATA 	Keypress: l
92.6261 	EXP 	fixation: autoDraw = False
92.6261 	EXP 	text: autoDraw = False
92.6261 	EXP 	text: height = np.float64(0.05)
92.6261 	EXP 	text: height = np.float64(0.05)
92.6261 	EXP 	text: height = np.float64(0.05)
92.6261 	EXP 	text: text = 'GBP 12 today or GBP 24 after 4 days'
92.6261 	EXP 	fixation: autoDraw = True
92.7621 	EXP 	Device response: <KeyPress from None: t=92.6072978329612, value=l, duration=0.1521178330294788>
93.6123 	INFO 	Keyboard events cleared
93.6121 	EXP 	text: autoDraw = True
93.6219 	EXP 	fixation: autoDraw = False
94.5117 	EXP 	Device response: <KeyPress from None: t=94.50618266599486, value=t, duration=None>
94.5121 	EXP 	New trial (rep=0, index=45): <Trial 45 (45 in rep 0) data={'reward_today': np.int64(80), 'future_reward': np.int64(110), 'delay': np.int64(135), 'thisN': 45, 'thisTrialN': 45, 'thisRepN': 0}>
94.5229 	DATA 	Keypress: t
94.5268 	EXP 	fixation: autoDraw = False
94.5268 	EXP 	text: autoDraw = False
94.5268 	EXP 	text: height = np.float64(0.05)
94.5268 	EXP 	text: height = np.float64(0.05)
94.5268 	EXP 	text: height = np.float64(0.05)
94.5268 	EXP 	text: text = 'GBP 80 today or GBP 110 after 135 days'
94.5268 	EXP 	fixation: autoDraw = True
94.6285 	EXP 	Device response: <KeyPress from None: t=94.50618266599486, value=t, duration=0.12036162498407066>
95.5053 	INFO 	Keyboard events cleared
95.5051 	EXP 	text: autoDraw = True
95.5219 	EXP 	fixation: autoDraw = False
96.6454 	EXP 	Device response: <KeyPress from None: t=96.64406158297788, value=t, duration=None>
96.6458 	EXP 	New trial (rep=0, index=46): <Trial 46 (46 in rep 0) data={'reward_today': np.int64(82), 'future_reward': np.int64(180), 'delay': np.int64(39), 'thisN': 46, 'thisTrialN': 46, 'thisRepN': 0}>
96.6558 	DATA 	Keypress: t
96.6597 	EXP 	fixation: autoDraw = False
96.6597 	EXP 	text: autoDraw = False
96.6597 	EXP 	text: height = np.float64(0.05)
96.6597 	EXP 	text: height = np.float64(0.05)
96.6597 	EXP 	text: height = np.float64(0.05)
96.6597 	EXP 	text: text = 'GBP 82 today or GBP 180 after 39 days'
96.6597 	EXP 	fixation: autoDraw = True
96.7619 	EXP 	Device response: <KeyPress from None: t=96.64406158297788, value=t, duration=0.11624841601587832>
97.6458 	INFO 	Keyboard events cleared
97.6457 	EXP 	text: autoDraw = True
97.6553 	EXP 	fixation: autoDraw = False
98.6066 	EXP 	Device response: <KeyPress from None: t=98.60305541596608, value=t, duration=None>
98.6071 	EXP 	New trial (rep=0, index=47): <Trial 47 (47 in rep 0) data={'reward_today': np.int64(49), 'future_reward': np.int64(60), 'delay': np.int64(89), 'thisN': 47, 'thisTrialN': 47, 'thisRepN': 0}>
98.6183 	DATA 	Keypress: t
98.6228 	EXP 	fixation: autoDraw = False
98.6228 	EXP 	text: autoDraw = False
98.6228 	EXP 	text: height = np.float64(0.05)
98.6228 	EXP 	text: height = np.float64(0.05)
98.6228 	EXP 	text: height = np.float64(0.05)
98.6228 	EXP 	text: text = 'GBP 49 today or GBP 60 after 89 days'
98.6228 	EXP 	fixation: autoDraw = True
98.7285 	EXP 	Device response: <KeyPress from None: t=98.60305541596608, value=t, duration=0.12021812499733642>
99.6058 	INFO 	Keyboard events cleared
99.6055 	EXP 	text: autoDraw = True
99.6118 	EXP 	fixation: autoDraw = False
100.7897 	EXP 	Device response: <KeyPress from None: t=100.78297216596548, value=t, duration=None>
100.7902 	EXP 	New trial (rep=0, index=48): <Trial 48 (48 in rep 0) data={'reward_today': np.int64(88), 'future_reward': np.int64(195), 'delay': np.int64(42), 'thisN': 48, 'thisTrialN': 48, 'thisRepN': 0}>
100.8010 	DATA 	Keypress: t
100.8053 	EXP 	fixation: autoDraw = False
100.8053 	EXP 	text: autoDraw = False
100.8053 	EXP 	text: height = np.float64(0.05)
100.8053 	EXP 	text: height = np.float64(0.05)
100.8053 	EXP 	text: height = np.float64(0.05)
100.8053 	EXP 	text: text = 'GBP 88 today or GBP 195 after 42 days'
100.8053 	EXP 	fixation: autoDraw = True
100.8785 	EXP 	Device response: <KeyPress from None: t=100.78297216596548, value=t, duration=0.09233162499731407>
101.7888 	INFO 	Keyboard events cleared
101.7886 	EXP 	text: autoDraw = True
101.7945 	EXP 	fixation: autoDraw = False
102.8569 	EXP 	Device response: <KeyPress from None: t=102.85200133296894, value=t, duration=None>
102.8575 	EXP 	New trial (rep=0, index=49): <Trial 49 (49 in rep 0) data={'reward_today': np.int64(78), 'future_reward': np.int64(80), 'delay': np.int64(162), 'thisN': 49, 'thisTrialN': 49, 'thisRepN': 0}>
102.8689 	DATA 	Keypress: t
102.8733 	EXP 	fixation: autoDraw = False
102.8733 	EXP 	text: autoDraw = False
102.8733 	EXP 	text: height = np.float64(0.05)
102.8733 	EXP 	text: height = np.float64(0.05)
102.8733 	EXP 	text: height = np.float64(0.05)
102.8733 	EXP 	text: text = 'GBP 78 today or GBP 80 after 162 days'
102.8733 	EXP 	fixation: autoDraw = True
102.9777 	EXP 	Device response: <KeyPress from None: t=102.85200133296894, value=t, duration=0.12426766601856798>
103.8555 	INFO 	Keyboard events cleared
103.8553 	EXP 	text: autoDraw = True
103.8720 	EXP 	fixation: autoDraw = False
104.5459 	EXP 	Device response: <KeyPress from None: t=104.54194312397158, value=t, duration=None>
104.5464 	EXP 	New trial (rep=0, index=50): <Trial 50 (50 in rep 0) data={'reward_today': np.int64(64), 'future_reward': np.int64(135), 'delay': np.int64(30), 'thisN': 50, 'thisTrialN': 50, 'thisRepN': 0}>
104.5571 	DATA 	Keypress: t
104.5612 	EXP 	fixation: autoDraw = False
104.5612 	EXP 	text: autoDraw = False
104.5612 	EXP 	text: height = np.float64(0.05)
104.5612 	EXP 	text: height = np.float64(0.05)
104.5612 	EXP 	text: height = np.float64(0.05)
104.5612 	EXP 	text: text = 'GBP 64 today or GBP 135 after 30 days'
104.5612 	EXP 	fixation: autoDraw = True
104.6957 	EXP 	Device response: <KeyPress from None: t=104.54194312397158, value=t, duration=0.14820462500210851>
105.5453 	INFO 	Keyboard events cleared
105.5451 	EXP 	text: autoDraw = True
105.5551 	EXP 	fixation: autoDraw = False
106.7229 	EXP 	Device response: <KeyPress from None: t=106.71798312396277, value=l, duration=None>
106.7233 	EXP 	New trial (rep=0, index=51): <Trial 51 (51 in rep 0) data={'reward_today': np.int64(20), 'future_reward': np.int64(40), 'delay': np.int64(8), 'thisN': 51, 'thisTrialN': 51, 'thisRepN': 0}>
106.7341 	DATA 	Keypress: l
106.7386 	EXP 	fixation: autoDraw = False
106.7386 	EXP 	text: autoDraw = False
106.7386 	EXP 	text: height = np.float64(0.05)
106.7386 	EXP 	text: height = np.float64(0.05)
106.7386 	EXP 	text: height = np.float64(0.05)
106.7386 	EXP 	text: text = 'GBP 20 today or GBP 40 after 8 days'
106.7386 	EXP 	fixation: autoDraw = True
106.9235 	EXP 	Device response: <KeyPress from None: t=106.71798312396277, value=l, duration=0.20031579199712723>
107.7221 	INFO 	Keyboard events cleared
107.7219 	EXP 	text: autoDraw = True
107.7282 	EXP 	fixation: autoDraw = False
108.8569 	EXP 	Device response: <KeyPress from None: t=108.85283624898875, value=t, duration=None>
108.8575 	EXP 	New trial (rep=0, index=52): <Trial 52 (52 in rep 0) data={'reward_today': np.int64(100), 'future_reward': np.int64(225), 'delay': np.int64(48), 'thisN': 52, 'thisTrialN': 52, 'thisRepN': 0}>
108.8685 	DATA 	Keypress: t
108.8730 	EXP 	fixation: autoDraw = False
108.8730 	EXP 	text: autoDraw = False
108.8730 	EXP 	text: height = np.float64(0.05)
108.8730 	EXP 	text: height = np.float64(0.05)
108.8730 	EXP 	text: height = np.float64(0.05)
108.8730 	EXP 	text: text = 'GBP 100 today or GBP 225 after 48 days'
108.8730 	EXP 	fixation: autoDraw = True
109.0401 	EXP 	Device response: <KeyPress from None: t=108.85283624898875, value=t, duration=0.18035066698212177>
109.8554 	INFO 	Keyboard events cleared
109.8552 	EXP 	text: autoDraw = True
109.8719 	EXP 	fixation: autoDraw = False
110.9569 	EXP 	Device response: <KeyPress from None: t=110.95381433301372, value=l, duration=None>
110.9576 	EXP 	New trial (rep=0, index=53): <Trial 53 (53 in rep 0) data={'reward_today': np.int64(86), 'future_reward': np.int64(125), 'delay': np.int64(150), 'thisN': 53, 'thisTrialN': 53, 'thisRepN': 0}>
110.9686 	DATA 	Keypress: l
110.9731 	EXP 	fixation: autoDraw = False
110.9731 	EXP 	text: autoDraw = False
110.9731 	EXP 	text: height = np.float64(0.05)
110.9731 	EXP 	text: height = np.float64(0.05)
110.9731 	EXP 	text: height = np.float64(0.05)
110.9731 	EXP 	text: text = 'GBP 86 today or GBP 125 after 150 days'
110.9731 	EXP 	fixation: autoDraw = True
111.1284 	EXP 	Device response: <KeyPress from None: t=110.95381433301372, value=l, duration=0.16828254098072648>
111.9555 	INFO 	Keyboard events cleared
111.9553 	EXP 	text: autoDraw = True
111.9717 	EXP 	fixation: autoDraw = False
113.0289 	EXP 	Device response: <KeyPress from None: t=113.02683512400836, value=t, duration=None>
113.0292 	EXP 	New trial (rep=0, index=54): <Trial 54 (54 in rep 0) data={'reward_today': np.int64(92), 'future_reward': np.int64(140), 'delay': np.int64(165), 'thisN': 54, 'thisTrialN': 54, 'thisRepN': 0}>
113.0394 	DATA 	Keypress: t
113.0437 	EXP 	fixation: autoDraw = False
113.0437 	EXP 	text: autoDraw = False
113.0437 	EXP 	text: height = np.float64(0.05)
113.0437 	EXP 	text: height = np.float64(0.05)
113.0437 	EXP 	text: height = np.float64(0.05)
113.0437 	EXP 	text: text = 'GBP 92 today or GBP 140 after 165 days'
113.0437 	EXP 	fixation: autoDraw = True
113.1402 	EXP 	Device response: <KeyPress from None: t=113.02683512400836, value=t, duration=0.10822125000413507>
114.0286 	INFO 	Keyboard events cleared
114.0284 	EXP 	text: autoDraw = True
114.0384 	EXP 	fixation: autoDraw = False
115.9901 	EXP 	Device response: <KeyPress from None: t=115.98270762397442, value=l, duration=None>
115.9908 	EXP 	New trial (rep=0, index=55): <Trial 55 (55 in rep 0) data={'reward_today': np.int64(42), 'future_reward': np.int64(84), 'delay': np.int64(19), 'thisN': 55, 'thisTrialN': 55, 'thisRepN': 0}>
116.0035 	DATA 	Keypress: l
116.0080 	EXP 	fixation: autoDraw = False
116.0080 	EXP 	text: autoDraw = False
116.0080 	EXP 	text: height = np.float64(0.05)
116.0080 	EXP 	text: height = np.float64(0.05)
116.0080 	EXP 	text: height = np.float64(0.05)
116.0080 	EXP 	text: text = 'GBP 42 today or GBP 84 after 19 days'
116.0080 	EXP 	fixation: autoDraw = True
116.1454 	EXP 	Device response: <KeyPress from None: t=115.98270762397442, value=l, duration=0.15620800002943724>
116.9888 	INFO 	Keyboard events cleared
116.9886 	EXP 	text: autoDraw = True
117.0050 	EXP 	fixation: autoDraw = False
118.7733 	EXP 	Device response: <KeyPress from None: t=118.76246149896178, value=t, duration=None>
118.7740 	EXP 	New trial (rep=0, index=56): <Trial 56 (56 in rep 0) data={'reward_today': np.int64(74), 'future_reward': np.int64(160), 'delay': np.int64(35), 'thisN': 56, 'thisTrialN': 56, 'thisRepN': 0}>
118.7848 	DATA 	Keypress: t
118.7893 	EXP 	fixation: autoDraw = False
118.7893 	EXP 	text: autoDraw = False
118.7893 	EXP 	text: height = np.float64(0.05)
118.7893 	EXP 	text: height = np.float64(0.05)
118.7893 	EXP 	text: height = np.float64(0.05)
118.7893 	EXP 	text: text = 'GBP 74 today or GBP 160 after 35 days'
118.7893 	EXP 	fixation: autoDraw = True
118.9118 	EXP 	Device response: <KeyPress from None: t=118.76246149896178, value=t, duration=0.14448350004386157>
119.7721 	INFO 	Keyboard events cleared
119.7719 	EXP 	text: autoDraw = True
119.7783 	EXP 	fixation: autoDraw = False
121.3289 	EXP 	Device response: <KeyPress from None: t=121.32655220798915, value=t, duration=None>
121.3294 	EXP 	New trial (rep=0, index=57): <Trial 57 (57 in rep 0) data={'reward_today': np.int64(66), 'future_reward': np.int64(90), 'delay': np.int64(100), 'thisN': 57, 'thisTrialN': 57, 'thisRepN': 0}>
121.3397 	DATA 	Keypress: t
121.3444 	EXP 	fixation: autoDraw = False
121.3444 	EXP 	text: autoDraw = False
121.3444 	EXP 	text: height = np.float64(0.05)
121.3444 	EXP 	text: height = np.float64(0.05)
121.3444 	EXP 	text: height = np.float64(0.05)
121.3444 	EXP 	text: text = 'GBP 66 today or GBP 90 after 100 days'
121.3444 	EXP 	fixation: autoDraw = True
121.4566 	EXP 	Device response: <KeyPress from None: t=121.32655220798915, value=t, duration=0.12833120801951736>
122.3285 	INFO 	Keyboard events cleared
122.3283 	EXP 	text: autoDraw = True
122.3383 	EXP 	fixation: autoDraw = False
123.3565 	EXP 	Device response: <KeyPress from None: t=123.34942279098323, value=t, duration=None>
123.3571 	EXP 	New trial (rep=0, index=58): <Trial 58 (58 in rep 0) data={'reward_today': np.int64(10), 'future_reward': np.int64(20), 'delay': np.int64(3), 'thisN': 58, 'thisTrialN': 58, 'thisRepN': 0}>
123.3688 	DATA 	Keypress: t
123.3733 	EXP 	fixation: autoDraw = False
123.3733 	EXP 	text: autoDraw = False
123.3733 	EXP 	text: height = np.float64(0.05)
123.3733 	EXP 	text: height = np.float64(0.05)
123.3733 	EXP 	text: height = np.float64(0.05)
123.3733 	EXP 	text: text = 'GBP 10 today or GBP 20 after 3 days'
123.3733 	EXP 	fixation: autoDraw = True
123.4734 	EXP 	Device response: <KeyPress from None: t=123.34942279098323, value=t, duration=0.11231175001012161>
124.3553 	INFO 	Keyboard events cleared
124.3550 	EXP 	text: autoDraw = True
124.3717 	EXP 	fixation: autoDraw = False
125.1566 	EXP 	Device response: <KeyPress from None: t=125.1504192489665, value=t, duration=None>
125.1573 	EXP 	New trial (rep=0, index=59): <Trial 59 (59 in rep 0) data={'reward_today': np.int64(50), 'future_reward': np.int64(76), 'delay': np.int64(65), 'thisN': 59, 'thisTrialN': 59, 'thisRepN': 0}>
125.1689 	DATA 	Keypress: t
125.1735 	EXP 	fixation: autoDraw = False
125.1735 	EXP 	text: autoDraw = False
125.1735 	EXP 	text: height = np.float64(0.05)
125.1735 	EXP 	text: height = np.float64(0.05)
125.1735 	EXP 	text: height = np.float64(0.05)
125.1735 	EXP 	text: text = 'GBP 50 today or GBP 76 after 65 days'
125.1735 	EXP 	fixation: autoDraw = True
125.2901 	EXP 	Device response: <KeyPress from None: t=125.1504192489665, value=t, duration=0.12838800001190975>
125.9108 	EXP 	Device response: <KeyPress from None: t=125.90541845798725, value=l, duration=None>
125.9146 	DATA 	Keypress: l
126.1281 	EXP 	Device response: <KeyPress from None: t=125.90541845798725, value=l, duration=0.2203505409997888>
126.1552 	INFO 	Keyboard events cleared
126.1550 	EXP 	text: autoDraw = True
126.1716 	EXP 	fixation: autoDraw = False
126.7898 	EXP 	Device response: <KeyPress from None: t=126.78832149901427, value=l, duration=None>
126.7905 	EXP 	New trial (rep=0, index=60): <Trial 60 (60 in rep 0) data={'reward_today': np.int64(64), 'future_reward': np.int64(88), 'delay': np.int64(95), 'thisN': 60, 'thisTrialN': 60, 'thisRepN': 0}>
126.8019 	DATA 	Keypress: l
126.8064 	EXP 	fixation: autoDraw = False
126.8064 	EXP 	text: autoDraw = False
126.8064 	EXP 	text: height = np.float64(0.05)
126.8064 	EXP 	text: height = np.float64(0.05)
126.8064 	EXP 	text: height = np.float64(0.05)
126.8064 	EXP 	text: text = 'GBP 64 today or GBP 88 after 95 days'
126.8064 	EXP 	fixation: autoDraw = True
126.8955 	EXP 	Device response: <KeyPress from None: t=126.78832149901427, value=l, duration=0.1004697919706814>
127.7884 	INFO 	Keyboard events cleared
127.7882 	EXP 	text: autoDraw = True
127.8050 	EXP 	fixation: autoDraw = False
128.3620 	EXP 	Device response: <KeyPress from None: t=128.35638695798116, value=t, duration=None>
128.3624 	EXP 	New trial (rep=0, index=61): <Trial 61 (61 in rep 0) data={'reward_today': np.int64(58), 'future_reward': np.int64(120), 'delay': np.int64(27), 'thisN': 61, 'thisTrialN': 61, 'thisRepN': 0}>
128.3726 	DATA 	Keypress: t
128.3769 	EXP 	fixation: autoDraw = False
128.3769 	EXP 	text: autoDraw = False
128.3769 	EXP 	text: height = np.float64(0.05)
128.3769 	EXP 	text: height = np.float64(0.05)
128.3769 	EXP 	text: height = np.float64(0.05)
128.3769 	EXP 	text: text = 'GBP 58 today or GBP 120 after 27 days'
128.3769 	EXP 	fixation: autoDraw = True
128.4939 	EXP 	Device response: <KeyPress from None: t=128.35638695798116, value=t, duration=0.13633795798523352>
129.3617 	INFO 	Keyboard events cleared
129.3615 	EXP 	text: autoDraw = True
129.3715 	EXP 	fixation: autoDraw = False
130.3399 	EXP 	Device response: <KeyPress from None: t=130.3383272489882, value=t, duration=None>
130.3406 	EXP 	New trial (rep=0, index=62): <Trial 62 (62 in rep 0) data={'reward_today': np.int64(116), 'future_reward': np.int64(265), 'delay': np.int64(56), 'thisN': 62, 'thisTrialN': 62, 'thisRepN': 0}>
130.3517 	DATA 	Keypress: t
130.3563 	EXP 	fixation: autoDraw = False
130.3563 	EXP 	text: autoDraw = False
130.3563 	EXP 	text: height = np.float64(0.05)
130.3563 	EXP 	text: height = np.float64(0.05)
130.3563 	EXP 	text: height = np.float64(0.05)
130.3563 	EXP 	text: text = 'GBP 116 today or GBP 265 after 56 days'
130.3563 	EXP 	fixation: autoDraw = True
130.4567 	EXP 	Device response: <KeyPress from None: t=130.3383272489882, value=t, duration=0.10833587497472763>
131.3385 	INFO 	Keyboard events cleared
131.3383 	EXP 	text: autoDraw = True
131.3553 	EXP 	fixation: autoDraw = False
131.9951 	EXP 	Device response: <KeyPress from None: t=131.9923384989961, value=l, duration=None>
131.9956 	EXP 	New trial (rep=0, index=63): <Trial 63 (63 in rep 0) data={'reward_today': np.int64(96), 'future_reward': np.int64(215), 'delay': np.int64(46), 'thisN': 63, 'thisTrialN': 63, 'thisRepN': 0}>
132.0055 	DATA 	Keypress: l
132.0097 	EXP 	fixation: autoDraw = False
132.0097 	EXP 	text: autoDraw = False
132.0097 	EXP 	text: height = np.float64(0.05)
132.0097 	EXP 	text: height = np.float64(0.05)
132.0097 	EXP 	text: height = np.float64(0.05)
132.0097 	EXP 	text: text = 'GBP 96 today or GBP 215 after 46 days'
132.0097 	EXP 	fixation: autoDraw = True
132.1564 	EXP 	Device response: <KeyPress from None: t=131.9923384989961, value=l, duration=0.1603396669961512>
132.9958 	INFO 	Keyboard events cleared
132.9956 	EXP 	text: autoDraw = True
133.0049 	EXP 	fixation: autoDraw = False
133.5559 	EXP 	Device response: <KeyPress from None: t=133.54831062396988, value=l, duration=None>
133.5563 	EXP 	New trial (rep=0, index=64): <Trial 64 (64 in rep 0) data={'reward_today': np.int64(30), 'future_reward': np.int64(52), 'delay': np.int64(25), 'thisN': 64, 'thisTrialN': 64, 'thisRepN': 0}>
133.5667 	DATA 	Keypress: l
133.5711 	EXP 	fixation: autoDraw = False
133.5711 	EXP 	text: autoDraw = False
133.5711 	EXP 	text: height = np.float64(0.05)
133.5711 	EXP 	text: height = np.float64(0.05)
133.5711 	EXP 	text: height = np.float64(0.05)
133.5711 	EXP 	text: text = 'GBP 30 today or GBP 52 after 25 days'
133.5711 	EXP 	fixation: autoDraw = True
133.6952 	EXP 	Device response: <KeyPress from None: t=133.54831062396988, value=l, duration=0.1442890420439653>
134.5552 	INFO 	Keyboard events cleared
134.5550 	EXP 	text: autoDraw = True
134.5612 	EXP 	fixation: autoDraw = False
135.1233 	EXP 	Device response: <KeyPress from None: t=135.11828291596612, value=t, duration=None>
135.1240 	EXP 	New trial (rep=0, index=65): <Trial 65 (65 in rep 0) data={'reward_today': np.int64(15), 'future_reward': np.int64(35), 'delay': np.int64(13), 'thisN': 65, 'thisTrialN': 65, 'thisRepN': 0}>
135.1353 	DATA 	Keypress: t
135.1398 	EXP 	fixation: autoDraw = False
135.1398 	EXP 	text: autoDraw = False
135.1398 	EXP 	text: height = np.float64(0.05)
135.1398 	EXP 	text: height = np.float64(0.05)
135.1398 	EXP 	text: height = np.float64(0.05)
135.1398 	EXP 	text: text = 'GBP 15 today or GBP 35 after 13 days'
135.1398 	EXP 	fixation: autoDraw = True
135.2616 	EXP 	Device response: <KeyPress from None: t=135.11828291596612, value=t, duration=0.14097816700814292>
136.1220 	INFO 	Keyboard events cleared
136.1217 	EXP 	text: autoDraw = True
136.1381 	EXP 	fixation: autoDraw = False
136.8790 	EXP 	Device response: <KeyPress from None: t=136.87621558300452, value=t, duration=None>
136.8794 	EXP 	New trial (rep=0, index=66): <Trial 66 (66 in rep 0) data={'reward_today': np.int64(68), 'future_reward': np.int64(145), 'delay': np.int64(32), 'thisN': 66, 'thisTrialN': 66, 'thisRepN': 0}>
136.8899 	DATA 	Keypress: t
136.8939 	EXP 	fixation: autoDraw = False
136.8939 	EXP 	text: autoDraw = False
136.8939 	EXP 	text: height = np.float64(0.05)
136.8939 	EXP 	text: height = np.float64(0.05)
136.8939 	EXP 	text: height = np.float64(0.05)
136.8939 	EXP 	text: text = 'GBP 68 today or GBP 145 after 32 days'
136.8939 	EXP 	fixation: autoDraw = True
137.0233 	EXP 	Device response: <KeyPress from None: t=136.87621558300452, value=t, duration=0.1362667079665698>
137.8790 	INFO 	Keyboard events cleared
137.8788 	EXP 	text: autoDraw = True
137.8882 	EXP 	fixation: autoDraw = False
139.0568 	EXP 	Device response: <KeyPress from None: t=139.05505654099397, value=t, duration=None>
139.0575 	EXP 	New trial (rep=0, index=67): <Trial 67 (67 in rep 0) data={'reward_today': np.int64(60), 'future_reward': np.int64(125), 'delay': np.int64(28), 'thisN': 67, 'thisTrialN': 67, 'thisRepN': 0}>
139.0678 	DATA 	Keypress: t
139.0724 	EXP 	fixation: autoDraw = False
139.0724 	EXP 	text: autoDraw = False
139.0724 	EXP 	text: height = np.float64(0.05)
139.0724 	EXP 	text: height = np.float64(0.05)
139.0724 	EXP 	text: height = np.float64(0.05)
139.0724 	EXP 	text: text = 'GBP 60 today or GBP 125 after 28 days'
139.0724 	EXP 	fixation: autoDraw = True
139.1901 	EXP 	Device response: <KeyPress from None: t=139.05505654099397, value=t, duration=0.12432608299423009>
140.0553 	INFO 	Keyboard events cleared
140.0551 	EXP 	text: autoDraw = True
140.0616 	EXP 	fixation: autoDraw = False
141.0067 	EXP 	Device response: <KeyPress from None: t=140.99810483300826, value=l, duration=None>
141.0072 	EXP 	New trial (rep=0, index=68): <Trial 68 (68 in rep 0) data={'reward_today': np.int64(84), 'future_reward': np.int64(120), 'delay': np.int64(145), 'thisN': 68, 'thisTrialN': 68, 'thisRepN': 0}>
141.0178 	DATA 	Keypress: l
141.0223 	EXP 	fixation: autoDraw = False
141.0223 	EXP 	text: autoDraw = False
141.0223 	EXP 	text: height = np.float64(0.05)
141.0223 	EXP 	text: height = np.float64(0.05)
141.0223 	EXP 	text: height = np.float64(0.05)
141.0223 	EXP 	text: text = 'GBP 84 today or GBP 120 after 145 days'
141.0223 	EXP 	fixation: autoDraw = True
141.1730 	EXP 	Device response: <KeyPress from None: t=140.99810483300826, value=l, duration=0.16839804098708555>
142.0049 	INFO 	Keyboard events cleared
142.0047 	EXP 	text: autoDraw = True
142.0096 	EXP 	fixation: autoDraw = False
142.9731 	EXP 	Device response: <KeyPress from None: t=142.96816887398018, value=t, duration=None>
142.9737 	EXP 	New trial (rep=0, index=69): <Trial 69 (69 in rep 0) data={'reward_today': np.int64(38), 'future_reward': np.int64(76), 'delay': np.int64(17), 'thisN': 69, 'thisTrialN': 69, 'thisRepN': 0}>
142.9844 	DATA 	Keypress: t
142.9890 	EXP 	fixation: autoDraw = False
142.9890 	EXP 	text: autoDraw = False
142.9890 	EXP 	text: height = np.float64(0.05)
142.9890 	EXP 	text: height = np.float64(0.05)
142.9890 	EXP 	text: height = np.float64(0.05)
142.9890 	EXP 	text: text = 'GBP 38 today or GBP 76 after 17 days'
142.9890 	EXP 	fixation: autoDraw = True
143.0726 	EXP 	Device response: <KeyPress from None: t=142.96816887398018, value=t, duration=0.09616229200037196>
143.9719 	INFO 	Keyboard events cleared
143.9717 	EXP 	text: autoDraw = True
143.9779 	EXP 	fixation: autoDraw = False
149.4558 	EXP 	Device response: <KeyPress from None: t=149.44985349901253, value=t, duration=None>
149.4562 	EXP 	New trial (rep=0, index=70): <Trial 70 (70 in rep 0) data={'reward_today': np.int64(27), 'future_reward': np.int64(50), 'delay': np.int64(21), 'thisN': 70, 'thisTrialN': 70, 'thisRepN': 0}>
149.4669 	DATA 	Keypress: t
149.4715 	EXP 	fixation: autoDraw = False
149.4715 	EXP 	text: autoDraw = False
149.4715 	EXP 	text: height = np.float64(0.05)
149.4715 	EXP 	text: height = np.float64(0.05)
149.4715 	EXP 	text: height = np.float64(0.05)
149.4715 	EXP 	text: text = 'GBP 27 today or GBP 50 after 21 days'
149.4715 	EXP 	fixation: autoDraw = True
149.5731 	EXP 	Device response: <KeyPress from None: t=149.44985349901253, value=t, duration=0.11804720899090171>
150.4542 	INFO 	Keyboard events cleared
150.4541 	EXP 	text: autoDraw = True
150.4585 	EXP 	fixation: autoDraw = False
151.2619 	EXP 	Device response: <KeyPress from None: t=151.25847274897387, value=t, duration=None>
151.2622 	EXP 	New trial (rep=0, index=71): <Trial 71 (71 in rep 0) data={'reward_today': np.int64(14), 'future_reward': np.int64(28), 'delay': np.int64(5), 'thisN': 71, 'thisTrialN': 71, 'thisRepN': 0}>
151.2721 	DATA 	Keypress: t
151.2764 	EXP 	fixation: autoDraw = False
151.2764 	EXP 	text: autoDraw = False
151.2764 	EXP 	text: height = np.float64(0.05)
151.2764 	EXP 	text: height = np.float64(0.05)
151.2764 	EXP 	text: height = np.float64(0.05)
151.2764 	EXP 	text: text = 'GBP 14 today or GBP 28 after 5 days'
151.2764 	EXP 	fixation: autoDraw = True
151.3562 	EXP 	Device response: <KeyPress from None: t=151.25847274897387, value=t, duration=0.09633541700895876>
152.2619 	INFO 	Keyboard events cleared
152.2618 	EXP 	text: autoDraw = True
152.2714 	EXP 	fixation: autoDraw = False
153.3400 	EXP 	Device response: <KeyPress from None: t=153.3283313739812, value=t, duration=None>
153.3406 	EXP 	New trial (rep=0, index=72): <Trial 72 (72 in rep 0) data={'reward_today': np.int64(68), 'future_reward': np.int64(92), 'delay': np.int64(105), 'thisN': 72, 'thisTrialN': 72, 'thisRepN': 0}>
153.3520 	DATA 	Keypress: t
153.3562 	EXP 	fixation: autoDraw = False
153.3562 	EXP 	text: autoDraw = False
153.3562 	EXP 	text: height = np.float64(0.05)
153.3562 	EXP 	text: height = np.float64(0.05)
153.3562 	EXP 	text: height = np.float64(0.05)
153.3562 	EXP 	text: text = 'GBP 68 today or GBP 92 after 105 days'
153.3562 	EXP 	fixation: autoDraw = True
153.4560 	EXP 	Device response: <KeyPress from None: t=153.3283313739812, value=t, duration=0.12043245899258181>
154.3385 	INFO 	Keyboard events cleared
154.3382 	EXP 	text: autoDraw = True
154.3546 	EXP 	fixation: autoDraw = False
154.9785 	EXP 	Device response: <KeyPress from None: t=154.97258362401044, value=l, duration=None>
154.9789 	EXP 	New trial (rep=0, index=73): <Trial 73 (73 in rep 0) data={'reward_today': np.int64(118), 'future_reward': np.int64(270), 'delay': np.int64(57), 'thisN': 73, 'thisTrialN': 73, 'thisRepN': 0}>
154.9885 	DATA 	Keypress: l
154.9928 	EXP 	fixation: autoDraw = False
154.9928 	EXP 	text: autoDraw = False
154.9928 	EXP 	text: height = np.float64(0.05)
154.9928 	EXP 	text: height = np.float64(0.05)
154.9928 	EXP 	text: height = np.float64(0.05)
154.9928 	EXP 	text: text = 'GBP 118 today or GBP 270 after 57 days'
154.9928 	EXP 	fixation: autoDraw = True
155.1730 	EXP 	Device response: <KeyPress from None: t=154.97258362401044, value=l, duration=0.19216224999399856>
155.9786 	INFO 	Keyboard events cleared
155.9784 	EXP 	text: autoDraw = True
155.9882 	EXP 	fixation: autoDraw = False
156.5895 	EXP 	Device response: <KeyPress from None: t=156.5813417909667, value=l, duration=None>
156.5901 	EXP 	New trial (rep=0, index=74): <Trial 74 (74 in rep 0) data={'reward_today': np.int64(88), 'future_reward': np.int64(130), 'delay': np.int64(155), 'thisN': 74, 'thisTrialN': 74, 'thisRepN': 0}>
156.6009 	DATA 	Keypress: l
156.6053 	EXP 	fixation: autoDraw = False
156.6053 	EXP 	text: autoDraw = False
156.6053 	EXP 	text: height = np.float64(0.05)
156.6053 	EXP 	text: height = np.float64(0.05)
156.6053 	EXP 	text: height = np.float64(0.05)
156.6053 	EXP 	text: text = 'GBP 88 today or GBP 130 after 155 days'
156.6053 	EXP 	fixation: autoDraw = True
156.7283 	EXP 	Device response: <KeyPress from None: t=156.5813417909667, value=l, duration=0.14026654203189537>
157.5884 	INFO 	Keyboard events cleared
157.5882 	EXP 	text: autoDraw = True
157.5944 	EXP 	fixation: autoDraw = False
158.0897 	EXP 	Device response: <KeyPress from None: t=158.08326108299661, value=t, duration=None>
158.0903 	EXP 	New trial (rep=0, index=75): <Trial 75 (75 in rep 0) data={'reward_today': np.int64(53), 'future_reward': np.int64(78), 'delay': np.int64(70), 'thisN': 75, 'thisTrialN': 75, 'thisRepN': 0}>
158.1026 	DATA 	Keypress: t
158.1072 	EXP 	fixation: autoDraw = False
158.1072 	EXP 	text: autoDraw = False
158.1072 	EXP 	text: height = np.float64(0.05)
158.1072 	EXP 	text: height = np.float64(0.05)
158.1072 	EXP 	text: height = np.float64(0.05)
158.1072 	EXP 	text: text = 'GBP 53 today or GBP 78 after 70 days'
158.1072 	EXP 	fixation: autoDraw = True
158.2095 	EXP 	Device response: <KeyPress from None: t=158.08326108299661, value=t, duration=0.12435662501957268>
159.0879 	INFO 	Keyboard events cleared
159.0877 	EXP 	text: autoDraw = True
159.1049 	EXP 	fixation: autoDraw = False
159.8291 	EXP 	Device response: <KeyPress from None: t=159.82223379099742, value=t, duration=None>
159.8295 	EXP 	New trial (rep=0, index=76): <Trial 76 (76 in rep 0) data={'reward_today': np.int64(90), 'future_reward': np.int64(135), 'delay': np.int64(160), 'thisN': 76, 'thisTrialN': 76, 'thisRepN': 0}>
159.8402 	DATA 	Keypress: t
159.8451 	EXP 	fixation: autoDraw = False
159.8451 	EXP 	text: autoDraw = False
159.8451 	EXP 	text: height = np.float64(0.05)
159.8451 	EXP 	text: height = np.float64(0.05)
159.8451 	EXP 	text: height = np.float64(0.05)
159.8451 	EXP 	text: text = 'GBP 90 today or GBP 135 after 160 days'
159.8451 	EXP 	fixation: autoDraw = True
159.9230 	EXP 	Device response: <KeyPress from None: t=159.82223379099742, value=t, duration=0.09245533298235387>
160.8283 	INFO 	Keyboard events cleared
160.8281 	EXP 	text: autoDraw = True
160.8379 	EXP 	fixation: autoDraw = False
161.7564 	EXP 	Device response: <KeyPress from None: t=161.75226558296708, value=l, duration=None>
161.7571 	EXP 	New trial (rep=0, index=77): <Trial 77 (77 in rep 0) data={'reward_today': np.int64(80), 'future_reward': np.int64(175), 'delay': np.int64(38), 'thisN': 77, 'thisTrialN': 77, 'thisRepN': 0}>
161.7707 	DATA 	Keypress: l
161.7751 	WARNING 	Multiple dropped frames have occurred - I'll stop bothering you about them!
161.7750 	EXP 	fixation: autoDraw = False
161.7750 	EXP 	text: autoDraw = False
161.7750 	EXP 	text: height = np.float64(0.05)
161.7750 	EXP 	text: height = np.float64(0.05)
161.7750 	EXP 	text: height = np.float64(0.05)
161.7750 	EXP 	text: text = 'GBP 80 today or GBP 175 after 38 days'
161.7750 	EXP 	fixation: autoDraw = True
161.9731 	EXP 	Device response: <KeyPress from None: t=161.75226558296708, value=l, duration=0.21231525001348928>
162.0731 	EXP 	Device response: <KeyPress from None: t=162.0631172080175, value=roption, duration=None>
162.0764 	DATA 	Keypress: roption
162.2730 	EXP 	Device response: <KeyPress from None: t=162.0631172080175, value=roption, duration=0.2003017079550773>
162.7548 	INFO 	Keyboard events cleared
162.7546 	EXP 	text: autoDraw = True
162.7712 	EXP 	fixation: autoDraw = False
163.7897 	EXP 	Device response: <KeyPress from None: t=163.77913099899888, value=l, duration=None>
163.7904 	EXP 	New trial (rep=0, index=78): <Trial 78 (78 in rep 0) data={'reward_today': np.int64(96), 'future_reward': np.int64(150), 'delay': np.int64(175), 'thisN': 78, 'thisTrialN': 78, 'thisRepN': 0}>
163.8015 	DATA 	Keypress: l
163.8059 	EXP 	fixation: autoDraw = False
163.8059 	EXP 	text: autoDraw = False
163.8059 	EXP 	text: height = np.float64(0.05)
163.8059 	EXP 	text: height = np.float64(0.05)
163.8059 	EXP 	text: height = np.float64(0.05)
163.8059 	EXP 	text: text = 'GBP 96 today or GBP 150 after 175 days'
163.8059 	EXP 	fixation: autoDraw = True
163.9063 	EXP 	Device response: <KeyPress from None: t=163.77913099899888, value=l, duration=0.12432266696123406>
164.7883 	INFO 	Keyboard events cleared
164.7881 	EXP 	text: autoDraw = True
164.8047 	EXP 	fixation: autoDraw = False
165.9784 	EXP 	Device response: <KeyPress from None: t=165.97210016596364, value=t, duration=None>
165.9788 	EXP 	New trial (rep=0, index=79): <Trial 79 (79 in rep 0) data={'reward_today': np.int64(33), 'future_reward': np.int64(55), 'delay': np.int64(30), 'thisN': 79, 'thisTrialN': 79, 'thisRepN': 0}>
165.9889 	DATA 	Keypress: t
165.9933 	EXP 	fixation: autoDraw = False
165.9933 	EXP 	text: autoDraw = False
165.9933 	EXP 	text: height = np.float64(0.05)
165.9933 	EXP 	text: height = np.float64(0.05)
165.9933 	EXP 	text: height = np.float64(0.05)
165.9933 	EXP 	text: text = 'GBP 33 today or GBP 55 after 30 days'
165.9933 	EXP 	fixation: autoDraw = True
166.1111 	EXP 	Device response: <KeyPress from None: t=165.97210016596364, value=t, duration=0.1363750830059871>
166.9784 	INFO 	Keyboard events cleared
166.9783 	EXP 	text: autoDraw = True
166.9878 	EXP 	fixation: autoDraw = False
168.3725 	EXP 	Device response: <KeyPress from None: t=168.36613270797534, value=l, duration=None>
168.3730 	EXP 	New trial (rep=0, index=80): <Trial 80 (80 in rep 0) data={'reward_today': np.int64(56), 'future_reward': np.int64(115), 'delay': np.int64(26), 'thisN': 80, 'thisTrialN': 80, 'thisRepN': 0}>
168.3843 	DATA 	Keypress: l
168.3889 	EXP 	fixation: autoDraw = False
168.3889 	EXP 	text: autoDraw = False
168.3889 	EXP 	text: height = np.float64(0.05)
168.3889 	EXP 	text: height = np.float64(0.05)
168.3889 	EXP 	text: height = np.float64(0.05)
168.3889 	EXP 	text: text = 'GBP 56 today or GBP 115 after 26 days'
168.3889 	EXP 	fixation: autoDraw = True
168.5229 	EXP 	Device response: <KeyPress from None: t=168.36613270797534, value=l, duration=0.1483064999920316>
169.3719 	INFO 	Keyboard events cleared
169.3717 	EXP 	text: autoDraw = True
169.3780 	EXP 	fixation: autoDraw = False
171.0454 	EXP 	Device response: <KeyPress from None: t=171.04108299897052, value=l, duration=None>
171.0458 	EXP 	New trial (rep=0, index=81): <Trial 81 (81 in rep 0) data={'reward_today': np.int64(16), 'future_reward': np.int64(32), 'delay': np.int64(6), 'thisN': 81, 'thisTrialN': 81, 'thisRepN': 0}>
171.0573 	DATA 	Keypress: l
171.0620 	EXP 	fixation: autoDraw = False
171.0620 	EXP 	text: autoDraw = False
171.0620 	EXP 	text: height = np.float64(0.05)
171.0620 	EXP 	text: height = np.float64(0.05)
171.0620 	EXP 	text: height = np.float64(0.05)
171.0620 	EXP 	text: text = 'GBP 16 today or GBP 32 after 6 days'
171.0620 	EXP 	fixation: autoDraw = True
171.1729 	EXP 	Device response: <KeyPress from None: t=171.04108299897052, value=l, duration=0.1282491250312887>
172.0452 	INFO 	Keyboard events cleared
172.0450 	EXP 	text: autoDraw = True
172.0548 	EXP 	fixation: autoDraw = False
173.2067 	EXP 	Device response: <KeyPress from None: t=173.1990364160156, value=t, duration=None>
173.2074 	EXP 	New trial (rep=0, index=82): <Trial 82 (82 in rep 0) data={'reward_today': np.int64(18), 'future_reward': np.int64(32), 'delay': np.int64(9), 'thisN': 82, 'thisTrialN': 82, 'thisRepN': 0}>
173.2197 	DATA 	Keypress: t
173.2241 	EXP 	fixation: autoDraw = False
173.2241 	EXP 	text: autoDraw = False
173.2241 	EXP 	text: height = np.float64(0.05)
173.2241 	EXP 	text: height = np.float64(0.05)
173.2241 	EXP 	text: height = np.float64(0.05)
173.2241 	EXP 	text: text = 'GBP 18 today or GBP 32 after 9 days'
173.2241 	EXP 	fixation: autoDraw = True
173.3558 	EXP 	Device response: <KeyPress from None: t=173.1990364160156, value=t, duration=0.14412020798772573>
174.2047 	INFO 	Keyboard events cleared
174.2045 	EXP 	text: autoDraw = True
174.2211 	EXP 	fixation: autoDraw = False
175.0453 	EXP 	Device response: <KeyPress from None: t=175.0389532080153, value=t, duration=None>
175.0456 	EXP 	New trial (rep=0, index=83): <Trial 83 (83 in rep 0) data={'reward_today': np.int64(22), 'future_reward': np.int64(44), 'delay': np.int64(9), 'thisN': 83, 'thisTrialN': 83, 'thisRepN': 0}>
175.0557 	DATA 	Keypress: t
175.0601 	EXP 	fixation: autoDraw = False
175.0601 	EXP 	text: autoDraw = False
175.0601 	EXP 	text: height = np.float64(0.05)
175.0601 	EXP 	text: height = np.float64(0.05)
175.0601 	EXP 	text: height = np.float64(0.05)
175.0601 	EXP 	text: text = 'GBP 22 today or GBP 44 after 9 days'
175.0601 	EXP 	fixation: autoDraw = True
175.1730 	EXP 	Device response: <KeyPress from None: t=175.0389532080153, value=t, duration=0.13223870797082782>
176.0442 	INFO 	Keyboard events cleared
176.0441 	EXP 	text: autoDraw = True
176.0546 	EXP 	fixation: autoDraw = False
177.1397 	EXP 	Device response: <KeyPress from None: t=177.12890699901618, value=t, duration=None>
177.1404 	EXP 	New trial (rep=0, index=84): <Trial 84 (84 in rep 0) data={'reward_today': np.int64(86), 'future_reward': np.int64(190), 'delay': np.int64(41), 'thisN': 84, 'thisTrialN': 84, 'thisRepN': 0}>
177.1518 	DATA 	Keypress: t
177.1563 	EXP 	fixation: autoDraw = False
177.1563 	EXP 	text: autoDraw = False
177.1563 	EXP 	text: height = np.float64(0.05)
177.1563 	EXP 	text: height = np.float64(0.05)
177.1563 	EXP 	text: height = np.float64(0.05)
177.1563 	EXP 	text: text = 'GBP 86 today or GBP 190 after 41 days'
177.1563 	EXP 	fixation: autoDraw = True
177.2780 	EXP 	Device response: <KeyPress from None: t=177.12890699901618, value=t, duration=0.14430962497135624>
178.1382 	INFO 	Keyboard events cleared
178.1380 	EXP 	text: autoDraw = True
178.1547 	EXP 	fixation: autoDraw = False
179.4056 	EXP 	Device response: <KeyPress from None: t=179.39688795799157, value=l, duration=None>
179.4060 	EXP 	New trial (rep=0, index=85): <Trial 85 (85 in rep 0) data={'reward_today': np.int64(32), 'future_reward': np.int64(64), 'delay': np.int64(14), 'thisN': 85, 'thisTrialN': 85, 'thisRepN': 0}>
179.4169 	DATA 	Keypress: l
179.4214 	EXP 	fixation: autoDraw = False
179.4214 	EXP 	text: autoDraw = False
179.4214 	EXP 	text: height = np.float64(0.05)
179.4214 	EXP 	text: height = np.float64(0.05)
179.4214 	EXP 	text: height = np.float64(0.05)
179.4214 	EXP 	text: text = 'GBP 32 today or GBP 64 after 14 days'
179.4214 	EXP 	fixation: autoDraw = True
179.5278 	EXP 	Device response: <KeyPress from None: t=179.39688795799157, value=l, duration=0.12818612501723692>
180.4046 	INFO 	Keyboard events cleared
180.4045 	EXP 	text: autoDraw = True
180.4094 	EXP 	fixation: autoDraw = False
181.5230 	EXP 	Device response: <KeyPress from None: t=181.51877904101275, value=t, duration=None>
181.5235 	EXP 	New trial (rep=0, index=86): <Trial 86 (86 in rep 0) data={'reward_today': np.int64(67), 'future_reward': np.int64(75), 'delay': np.int64(119), 'thisN': 86, 'thisTrialN': 86, 'thisRepN': 0}>
181.5343 	DATA 	Keypress: t
181.5389 	EXP 	fixation: autoDraw = False
181.5389 	EXP 	text: autoDraw = False
181.5389 	EXP 	text: height = np.float64(0.05)
181.5389 	EXP 	text: height = np.float64(0.05)
181.5389 	EXP 	text: height = np.float64(0.05)
181.5389 	EXP 	text: text = 'GBP 67 today or GBP 75 after 119 days'
181.5389 	EXP 	fixation: autoDraw = True
181.6556 	EXP 	Device response: <KeyPress from None: t=181.51877904101275, value=t, duration=0.13239683298161253>
182.5212 	INFO 	Keyboard events cleared
182.5211 	EXP 	text: autoDraw = True
182.5378 	EXP 	fixation: autoDraw = False
183.7616 	EXP 	Device response: <KeyPress from None: t=183.75766808300978, value=t, duration=None>
183.7619 	EXP 	New trial (rep=0, index=87): <Trial 87 (87 in rep 0) data={'reward_today': np.int64(82), 'future_reward': np.int64(115), 'delay': np.int64(140), 'thisN': 87, 'thisTrialN': 87, 'thisRepN': 0}>
183.7725 	DATA 	Keypress: t
183.7768 	EXP 	fixation: autoDraw = False
183.7768 	EXP 	text: autoDraw = False
183.7768 	EXP 	text: height = np.float64(0.05)
183.7768 	EXP 	text: height = np.float64(0.05)
183.7768 	EXP 	text: height = np.float64(0.05)
183.7768 	EXP 	text: text = 'GBP 82 today or GBP 115 after 140 days'
183.7768 	EXP 	fixation: autoDraw = True
183.9064 	EXP 	Device response: <KeyPress from None: t=183.75766808300978, value=t, duration=0.13635524996789172>
184.7617 	INFO 	Keyboard events cleared
184.7615 	EXP 	text: autoDraw = True
184.7713 	EXP 	fixation: autoDraw = False
185.4894 	EXP 	Device response: <KeyPress from None: t=185.4776138740126, value=l, duration=None>
185.4901 	EXP 	New trial (rep=0, index=88): <Trial 88 (88 in rep 0) data={'reward_today': np.int64(40), 'future_reward': np.int64(55), 'delay': np.int64(62), 'thisN': 88, 'thisTrialN': 88, 'thisRepN': 0}>
185.5011 	DATA 	Keypress: l
185.5056 	EXP 	fixation: autoDraw = False
185.5056 	EXP 	text: autoDraw = False
185.5056 	EXP 	text: height = np.float64(0.05)
185.5056 	EXP 	text: height = np.float64(0.05)
185.5056 	EXP 	text: height = np.float64(0.05)
185.5056 	EXP 	text: text = 'GBP 40 today or GBP 55 after 62 days'
185.5056 	EXP 	fixation: autoDraw = True
185.5894 	EXP 	Device response: <KeyPress from None: t=185.4776138740126, value=l, duration=0.1084119169972837>
186.4880 	INFO 	Keyboard events cleared
186.4878 	EXP 	text: autoDraw = True
186.5045 	EXP 	fixation: autoDraw = False
187.7285 	EXP 	Device response: <KeyPress from None: t=187.72166270797607, value=t, duration=None>
187.7289 	EXP 	New trial (rep=0, index=89): <Trial 89 (89 in rep 0) data={'reward_today': np.int64(48), 'future_reward': np.int64(96), 'delay': np.int64(22), 'thisN': 89, 'thisTrialN': 89, 'thisRepN': 0}>
187.7389 	DATA 	Keypress: t
187.7433 	EXP 	fixation: autoDraw = False
187.7433 	EXP 	text: autoDraw = False
187.7433 	EXP 	text: height = np.float64(0.05)
187.7433 	EXP 	text: height = np.float64(0.05)
187.7433 	EXP 	text: height = np.float64(0.05)
187.7433 	EXP 	text: text = 'GBP 48 today or GBP 96 after 22 days'
187.7433 	EXP 	fixation: autoDraw = True
187.8782 	EXP 	Device response: <KeyPress from None: t=187.72166270797607, value=t, duration=0.15233712503686547>
188.7276 	INFO 	Keyboard events cleared
188.7274 	EXP 	text: autoDraw = True
188.7378 	EXP 	fixation: autoDraw = False
192.3115 	EXP 	Device response: <KeyPress from None: t=192.30585779098328, value=t, duration=None>
192.3120 	EXP 	New trial (rep=0, index=90): <Trial 90 (90 in rep 0) data={'reward_today': np.int64(30), 'future_reward': np.int64(60), 'delay': np.int64(13), 'thisN': 90, 'thisTrialN': 90, 'thisRepN': 0}>
192.3220 	DATA 	Keypress: t
192.3260 	EXP 	fixation: autoDraw = False
192.3260 	EXP 	text: autoDraw = False
192.3260 	EXP 	text: height = np.float64(0.05)
192.3260 	EXP 	text: height = np.float64(0.05)
192.3260 	EXP 	text: height = np.float64(0.05)
192.3260 	EXP 	text: text = 'GBP 30 today or GBP 60 after 13 days'
192.3260 	EXP 	fixation: autoDraw = True
192.3891 	EXP 	Device response: <KeyPress from None: t=192.30585779098328, value=t, duration=0.08187008299864829>
193.3111 	INFO 	Keyboard events cleared
193.3110 	EXP 	text: autoDraw = True
193.3210 	EXP 	fixation: autoDraw = False
194.8615 	EXP 	Device response: <KeyPress from None: t=194.85648637398845, value=l, duration=None>
194.8618 	EXP 	New trial (rep=0, index=91): <Trial 91 (91 in rep 0) data={'reward_today': np.int64(76), 'future_reward': np.int64(100), 'delay': np.int64(125), 'thisN': 91, 'thisTrialN': 91, 'thisRepN': 0}>
194.8717 	DATA 	Keypress: l
194.8759 	EXP 	fixation: autoDraw = False
194.8759 	EXP 	text: autoDraw = False
194.8759 	EXP 	text: height = np.float64(0.05)
194.8759 	EXP 	text: height = np.float64(0.05)
194.8759 	EXP 	text: height = np.float64(0.05)
194.8759 	EXP 	text: text = 'GBP 76 today or GBP 100 after 125 days'
194.8759 	EXP 	fixation: autoDraw = True
195.0112 	EXP 	Device response: <KeyPress from None: t=194.85648637398845, value=l, duration=0.15233162499498576>
195.8616 	INFO 	Keyboard events cleared
195.8614 	EXP 	text: autoDraw = True
195.8710 	EXP 	fixation: autoDraw = False
197.5394 	EXP 	Device response: <KeyPress from None: t=197.53441449900856, value=t, duration=None>
197.5400 	EXP 	New trial (rep=0, index=92): <Trial 92 (92 in rep 0) data={'reward_today': np.int64(78), 'future_reward': np.int64(105), 'delay': np.int64(130), 'thisN': 92, 'thisTrialN': 92, 'thisRepN': 0}>
197.5524 	DATA 	Keypress: t
197.5566 	EXP 	fixation: autoDraw = False
197.5566 	EXP 	text: autoDraw = False
197.5566 	EXP 	text: height = np.float64(0.05)
197.5566 	EXP 	text: height = np.float64(0.05)
197.5566 	EXP 	text: height = np.float64(0.05)
197.5566 	EXP 	text: text = 'GBP 78 today or GBP 105 after 130 days'
197.5566 	EXP 	fixation: autoDraw = True
197.6561 	EXP 	Device response: <KeyPress from None: t=197.53441449900856, value=t, duration=0.11231620900798589>
198.5376 	INFO 	Keyboard events cleared
198.5375 	EXP 	text: autoDraw = True
198.5544 	EXP 	fixation: autoDraw = False
199.9281 	EXP 	Device response: <KeyPress from None: t=199.92140099901007, value=t, duration=None>
199.9286 	EXP 	New trial (rep=0, index=93): <Trial 93 (93 in rep 0) data={'reward_today': np.int64(25), 'future_reward': np.int64(45), 'delay': np.int64(16), 'thisN': 93, 'thisTrialN': 93, 'thisRepN': 0}>
199.9386 	DATA 	Keypress: t
199.9427 	EXP 	fixation: autoDraw = False
199.9427 	EXP 	text: autoDraw = False
199.9427 	EXP 	text: height = np.float64(0.05)
199.9427 	EXP 	text: height = np.float64(0.05)
199.9427 	EXP 	text: height = np.float64(0.05)
199.9427 	EXP 	text: text = 'GBP 25 today or GBP 45 after 16 days'
199.9427 	EXP 	fixation: autoDraw = True
200.0726 	EXP 	Device response: <KeyPress from None: t=199.92140099901007, value=t, duration=0.1442829169682227>
200.9279 	INFO 	Keyboard events cleared
200.9278 	EXP 	text: autoDraw = True
200.9375 	EXP 	fixation: autoDraw = False
202.3394 	EXP 	Device response: <KeyPress from None: t=202.33021708298475, value=t, duration=None>
202.3401 	EXP 	New trial (rep=0, index=94): <Trial 94 (94 in rep 0) data={'reward_today': np.int64(36), 'future_reward': np.int64(72), 'delay': np.int64(16), 'thisN': 94, 'thisTrialN': 94, 'thisRepN': 0}>
202.3511 	DATA 	Keypress: t
202.3554 	EXP 	fixation: autoDraw = False
202.3554 	EXP 	text: autoDraw = False
202.3554 	EXP 	text: height = np.float64(0.05)
202.3554 	EXP 	text: height = np.float64(0.05)
202.3554 	EXP 	text: height = np.float64(0.05)
202.3554 	EXP 	text: text = 'GBP 36 today or GBP 72 after 16 days'
202.3554 	EXP 	fixation: autoDraw = True
202.4608 	EXP 	Device response: <KeyPress from None: t=202.33021708298475, value=t, duration=0.12842308299150318>
203.3378 	INFO 	Keyboard events cleared
203.3376 	EXP 	text: autoDraw = True
203.3542 	EXP 	fixation: autoDraw = False
204.2393 	EXP 	Device response: <KeyPress from None: t=204.235325748974, value=t, duration=None>
204.2400 	EXP 	New trial (rep=0, index=95): <Trial 95 (95 in rep 0) data={'reward_today': np.int64(94), 'future_reward': np.int64(145), 'delay': np.int64(170), 'thisN': 95, 'thisTrialN': 95, 'thisRepN': 0}>
204.2509 	DATA 	Keypress: t
204.2554 	EXP 	fixation: autoDraw = False
204.2554 	EXP 	text: autoDraw = False
204.2554 	EXP 	text: height = np.float64(0.05)
204.2554 	EXP 	text: height = np.float64(0.05)
204.2554 	EXP 	text: height = np.float64(0.05)
204.2554 	EXP 	text: text = 'GBP 94 today or GBP 145 after 170 days'
204.2554 	EXP 	fixation: autoDraw = True
204.3770 	EXP 	Device response: <KeyPress from None: t=204.235325748974, value=t, duration=0.13668304198654369>
205.2379 	INFO 	Keyboard events cleared
205.2377 	EXP 	text: autoDraw = True
205.2546 	EXP 	fixation: autoDraw = False
206.3559 	EXP 	Device response: <KeyPress from None: t=206.34927045798395, value=t, duration=None>
206.3565 	EXP 	New trial (rep=0, index=96): <Trial 96 (96 in rep 0) data={'reward_today': np.int64(35), 'future_reward': np.int64(60), 'delay': np.int64(35), 'thisN': 96, 'thisTrialN': 96, 'thisRepN': 0}>
206.3675 	DATA 	Keypress: t
206.3719 	EXP 	fixation: autoDraw = False
206.3719 	EXP 	text: autoDraw = False
206.3719 	EXP 	text: height = np.float64(0.05)
206.3719 	EXP 	text: height = np.float64(0.05)
206.3719 	EXP 	text: height = np.float64(0.05)
206.3719 	EXP 	text: text = 'GBP 35 today or GBP 60 after 35 days'
206.3719 	EXP 	fixation: autoDraw = True
206.4777 	EXP 	Device response: <KeyPress from None: t=206.34927045798395, value=t, duration=0.12427104101516306>
207.3546 	INFO 	Keyboard events cleared
207.3544 	EXP 	text: autoDraw = True
207.3602 	EXP 	fixation: autoDraw = False
208.0386 	EXP 	Device response: <KeyPress from None: t=208.0301015409641, value=t, duration=None>
208.0390 	EXP 	New trial (rep=0, index=97): <Trial 97 (97 in rep 0) data={'reward_today': np.int64(18), 'future_reward': np.int64(36), 'delay': np.int64(7), 'thisN': 97, 'thisTrialN': 97, 'thisRepN': 0}>
208.0495 	DATA 	Keypress: t
208.0537 	EXP 	fixation: autoDraw = False
208.0537 	EXP 	text: autoDraw = False
208.0537 	EXP 	text: height = np.float64(0.05)
208.0537 	EXP 	text: height = np.float64(0.05)
208.0537 	EXP 	text: height = np.float64(0.05)
208.0537 	EXP 	text: text = 'GBP 18 today or GBP 36 after 7 days'
208.0537 	EXP 	fixation: autoDraw = True
208.1892 	EXP 	Device response: <KeyPress from None: t=208.0301015409641, value=t, duration=0.15245579200563952>
209.0378 	INFO 	Keyboard events cleared
209.0376 	EXP 	text: autoDraw = True
209.0437 	EXP 	fixation: autoDraw = False
209.8558 	EXP 	Device response: <KeyPress from None: t=209.84412145800889, value=t, duration=None>
209.8565 	EXP 	New trial (rep=0, index=98): <Trial 98 (98 in rep 0) data={'reward_today': np.int64(55), 'future_reward': np.int64(80), 'delay': np.int64(75), 'thisN': 98, 'thisTrialN': 98, 'thisRepN': 0}>
209.8668 	DATA 	Keypress: t
209.8713 	EXP 	fixation: autoDraw = False
209.8713 	EXP 	text: autoDraw = False
209.8713 	EXP 	text: height = np.float64(0.05)
209.8713 	EXP 	text: height = np.float64(0.05)
209.8713 	EXP 	text: height = np.float64(0.05)
209.8713 	EXP 	text: text = 'GBP 55 today or GBP 80 after 75 days'
209.8713 	EXP 	fixation: autoDraw = True
209.9726 	EXP 	Device response: <KeyPress from None: t=209.84412145800889, value=t, duration=0.12042145797749981>
210.8543 	INFO 	Keyboard events cleared
210.8541 	EXP 	text: autoDraw = True
210.8596 	EXP 	fixation: autoDraw = False
211.5725 	EXP 	Device response: <KeyPress from None: t=211.56300858297618, value=t, duration=None>
211.5731 	EXP 	New trial (rep=0, index=99): <Trial 99 (99 in rep 0) data={'reward_today': np.int64(42), 'future_reward': np.int64(70), 'delay': np.int64(50), 'thisN': 99, 'thisTrialN': 99, 'thisRepN': 0}>
211.5839 	DATA 	Keypress: t
211.5885 	EXP 	fixation: autoDraw = False
211.5885 	EXP 	text: autoDraw = False
211.5885 	EXP 	text: height = np.float64(0.05)
211.5885 	EXP 	text: height = np.float64(0.05)
211.5885 	EXP 	text: height = np.float64(0.05)
211.5885 	EXP 	text: text = 'GBP 42 today or GBP 70 after 50 days'
211.5885 	EXP 	fixation: autoDraw = True
211.7559 	EXP 	Device response: <KeyPress from None: t=211.56300858297618, value=t, duration=0.18031050002900884>
212.5711 	INFO 	Keyboard events cleared
212.5709 	EXP 	text: autoDraw = True
212.5770 	EXP 	fixation: autoDraw = False
213.2722 	EXP 	Device response: <KeyPress from None: t=213.26102866599103, value=t, duration=None>
213.2763 	DATA 	Keypress: t
213.2807 	EXP 	fixation: autoDraw = False
213.2807 	EXP 	text: autoDraw = False
213.2809 	EXP 	Delay Discounting: status = STOPPED
213.3125 	INFO 	saved data to '/Users/vineesmacbook/Desktop/PsychoPy/Delay Discounting/data/p2_Delay Discounting_2025-10-31_16h14.29.838.csv'
213.3162 	INFO 	saved data to /Users/vineesmacbook/Desktop/PsychoPy/Delay Discounting/data/p2_Delay Discounting_2025-10-31_16h14.29.838.psydat
213.4820 	WARNING 	Stopping key buffers but this could be dangerous ifother keyboards rely on the same.
213.4821 	WARNING 	Stopping key buffers but this could be dangerous ifother keyboards rely on the same.
