22.1930 	INFO 	Loaded monitor calibration from ['2025_08_12 08:00']
22.3956 	INFO 	Using renderer 'Apple M2' for graphics
22.3956 	INFO 	OpenGL version supported by driver is 2..
22.4184 	EXP 	Created window1 = Window(allowGUI=True, allowStencil=False, autoLog=True, backendConf=UNKNOWN, backgroundFit=<method-wrapper '__getattribute__' of attributeSetter object at 0x14b9157e0>, backgroundImage=<method-wrapper '__getattribute__' of attributeSetter object at 0x14b915780>, bitsMode=UNKNOWN, blendMode='avg', bpc=(8, 8, 8), color=array([0, 0, 0]), colorSpace='rgb', depthBits=8, fullscr=False, gamma=None, gammaErrorPolicy='raise', infoMsg=UNKNOWN, lms=UNKNOWN, monitor=<psychopy.monitors.calibTools.Monitor object at 0x14bafb670>, multiSample=False, name='window1', numSamples=2, pos=[np.float64(235.0), np.float64(178.0)], screen=0, size=array([2000, 1200]), stencilBits=0, stereo=False, title='PsychoPy', units='height', useFBO=True, useRetina=True, viewOri=0.0, viewPos=None, viewScale=None, waitBlanking=True, winType='pyglet')
22.4184 	EXP 	window1: backgroundImage = ''
22.4184 	EXP 	window1: backgroundFit = 'none'
22.9473 	EXP 	window1: Attempting to measure frame rate of screen (0) ...
22.9474 	EXP 	window1: recordFrameIntervals = False
23.1691 	EXP 	window1: recordFrameIntervals = True
23.6248 	DATA 	Mouse: wheel shift=(0,0), pos=(757,222)
23.6426 	DATA 	Mouse: wheel shift=(0,0), pos=(757,222)
23.6596 	DATA 	Mouse: wheel shift=(0,0), pos=(757,222)
23.6721 	DATA 	Mouse: wheel shift=(0,0), pos=(757,222)
23.6888 	DATA 	Mouse: wheel shift=(0,0), pos=(757,222)
23.7058 	DATA 	Mouse: wheel shift=(0,0), pos=(757,222)
23.7061 	DATA 	Mouse: wheel shift=(0,0), pos=(757,222)
23.7221 	DATA 	Mouse: wheel shift=(0,0), pos=(757,222)
23.7388 	DATA 	Mouse: wheel shift=(0,0), pos=(757,222)
23.7553 	DATA 	Mouse: wheel shift=(0,0), pos=(757,222)
23.7722 	DATA 	Mouse: wheel shift=(0,0), pos=(757,222)
23.7888 	DATA 	Mouse: wheel shift=(0,0), pos=(757,222)
23.8055 	DATA 	Mouse: wheel shift=(0,0), pos=(757,222)
23.8221 	DATA 	Mouse: wheel shift=(0,1), pos=(757,222)
23.8388 	DATA 	Mouse: wheel shift=(0,0), pos=(757,222)
23.8555 	DATA 	Mouse: wheel shift=(0,0), pos=(757,222)
23.8721 	DATA 	Mouse: wheel shift=(0,0), pos=(757,222)
23.8888 	DATA 	Mouse: wheel shift=(0,0), pos=(757,222)
23.9055 	DATA 	Mouse: wheel shift=(0,1), pos=(757,222)
23.9221 	DATA 	Mouse: wheel shift=(0,0), pos=(757,222)
23.9387 	DATA 	Mouse: wheel shift=(0,0), pos=(757,222)
23.9557 	DATA 	Mouse: wheel shift=(0,0), pos=(757,222)
23.9728 	DATA 	Mouse: wheel shift=(0,0), pos=(757,222)
23.9899 	DATA 	Mouse: wheel shift=(0,0), pos=(757,222)
24.0029 	WARNING 	Couldn't measure a consistent frame rate!
  - Is your graphics card set to sync to vertical blank?
  - Are you running other processes on your computer?

25.0456 	INFO 	keyboard.Keyboard is using ptb backend.
25.3867 	INFO 	keyboard.Keyboard is using ptb backend.
25.3868 	EXP 	adaptive_staircase: status = STARTED
25.3961 	EXP 	Created fixation = ShapeStim(__class__=<class 'psychopy.visual.shape.ShapeStim'>, anchor=('center', 'center'), autoDraw=False, autoLog=True, closeShape=True, color=method-wrapper(...), colorSpace='rgb', contrast=None, depth=-1.0, draggable=False, fillColor=array([1, 1, 1]), fillColorSpace='rgb', fillRGB=array([1, 1, 1]), interpolate=True, lineColor=array([1., 1., 1.]), lineColorSpace='rgb', lineRGB=array([1, 1, 1]), lineWidth=1.0, name='fixation', opacity=1, ori=0.0, pos=array([0., 0.]), size=array([0.1, 0.1]), units='height', vertices=ndarray(...), win=Window(...), windingRule=None)
25.3993 	EXP 	Created grating = GratingStim(__class__=<class 'psychopy.visual.grating.GratingStim'>, anchor='center', autoDraw=False, autoLog=True, blendmode='avg', color=array([0.5, 0.5, 0.5]), colorSpace='rgb', contrast=0.5, depth=-2.0, draggable=False, interpolate=True, mask='gauss', maskParams=None, name='grating', opacity=1, ori=1.0, phase=array([0., 0.]), pos=array([0., 0.]), rgbPedestal=array([0., 0., 0.]), sf=array([8., 8.]), size=array([0.3, 0.3]), tex='sin', texRes=128.0, units='height', win=Window(...))
0.0161 	DATA 	Mouse: wheel shift=(0,0), pos=(757,222)
0.0164 	DATA 	Mouse: wheel shift=(0,0), pos=(757,222)
0.0227 	WARNING 	Increasing number of minimum required reversals to the number of step sizes, (4).
0.0373 	EXP 	grating: ori = np.float64(10.0)
0.0373 	EXP 	fixation: autoDraw = True
0.4999 	INFO 	Keyboard events cleared
0.4998 	EXP 	grating: autoDraw = True
0.4998 	EXP 	grating: tex = 'sin'
0.5224 	EXP 	fixation: autoDraw = False
0.7903 	EXP 	grating: autoDraw = False
1.1306 	EXP 	Device response: <KeyPress from None: t=0.9300552920030896, value=right, duration=None>
1.1308 	EXP 	Device response: <KeyPress from None: t=0.9300552920030896, value=right, duration=0.12038170799496584>
1.1540 	DATA 	Keypress: right
1.1564 	WARNING 	t of last frame was 219.18ms (=1/4)
1.1564 	EXP 	fixation: autoDraw = False
1.1564 	EXP 	grating: autoDraw = False
1.1564 	EXP 	grating: ori = np.float64(-8.0)
1.1564 	EXP 	fixation: autoDraw = True
1.6254 	INFO 	Keyboard events cleared
1.6253 	EXP 	grating: autoDraw = True
1.6535 	EXP 	fixation: autoDraw = False
1.9204 	EXP 	grating: autoDraw = False
2.2719 	EXP 	Device response: <KeyPress from None: t=2.2641851249936735, value=left, duration=None>
2.2780 	DATA 	Keypress: left
2.2810 	EXP 	fixation: autoDraw = False
2.2810 	EXP 	grating: autoDraw = False
2.2810 	EXP 	grating: ori = np.float64(6.0)
2.2810 	EXP 	fixation: autoDraw = True
2.3589 	EXP 	Device response: <KeyPress from None: t=2.2641851249936735, value=left, duration=0.09224841700051911>
2.7704 	INFO 	Keyboard events cleared
2.7703 	EXP 	grating: autoDraw = True
2.7745 	EXP 	fixation: autoDraw = False
3.0582 	EXP 	grating: autoDraw = False
3.2428 	EXP 	Device response: <KeyPress from None: t=3.237949624992325, value=right, duration=None>
3.2472 	DATA 	Keypress: right
3.2531 	EXP 	fixation: autoDraw = False
3.2531 	EXP 	grating: autoDraw = False
3.2531 	EXP 	grating: ori = np.float64(-4.0)
3.2531 	EXP 	fixation: autoDraw = True
3.3552 	EXP 	Device response: <KeyPress from None: t=3.237949624992325, value=right, duration=0.10446166701149195>
3.7420 	INFO 	Keyboard events cleared
3.7418 	EXP 	fixation: autoDraw = False
3.7418 	EXP 	grating: autoDraw = True
4.0403 	EXP 	grating: autoDraw = False
4.2717 	EXP 	Device response: <KeyPress from None: t=4.258947458991315, value=left, duration=None>
4.2766 	DATA 	Keypress: left
4.2794 	EXP 	fixation: autoDraw = False
4.2794 	EXP 	grating: autoDraw = False
4.2794 	EXP 	grating: ori = np.float64(-2.0)
4.2794 	EXP 	fixation: autoDraw = True
4.3716 	EXP 	Device response: <KeyPress from None: t=4.258947458991315, value=left, duration=0.10836587499943562>
4.7704 	INFO 	Keyboard events cleared
4.7702 	EXP 	grating: autoDraw = True
4.7741 	EXP 	fixation: autoDraw = False
5.0576 	EXP 	grating: autoDraw = False
5.3220 	EXP 	Device response: <KeyPress from None: t=5.309932749994914, value=left, duration=None>
5.3401 	DATA 	Keypress: left
5.3427 	WARNING 	t of last frame was 22.36ms (=1/44)
5.3427 	EXP 	fixation: autoDraw = False
5.3427 	EXP 	grating: autoDraw = False
5.3427 	EXP 	grating: ori = np.float64(-1.0)
5.3427 	EXP 	fixation: autoDraw = True
5.4047 	EXP 	Device response: <KeyPress from None: t=5.309932749994914, value=left, duration=0.08838499999546912>
5.8204 	INFO 	Keyboard events cleared
5.8202 	EXP 	grating: autoDraw = True
5.8404 	EXP 	fixation: autoDraw = False
6.1067 	EXP 	grating: autoDraw = False
6.3218 	EXP 	Device response: <KeyPress from None: t=6.319009999991977, value=left, duration=None>
6.3268 	DATA 	Keypress: left
6.3298 	EXP 	fixation: autoDraw = False
6.3298 	EXP 	grating: autoDraw = False
6.3298 	EXP 	grating: ori = np.float64(-1.0)
6.3298 	EXP 	fixation: autoDraw = True
6.4217 	EXP 	Device response: <KeyPress from None: t=6.319009999991977, value=left, duration=0.09634225000627339>
6.8206 	INFO 	Keyboard events cleared
6.8203 	EXP 	grating: autoDraw = True
6.8251 	EXP 	fixation: autoDraw = False
7.1075 	EXP 	grating: autoDraw = False
7.6216 	EXP 	Device response: <KeyPress from None: t=7.612191583990352, value=left, duration=None>
7.6261 	DATA 	Keypress: left
7.6290 	EXP 	fixation: autoDraw = False
7.6290 	EXP 	grating: autoDraw = False
7.6290 	EXP 	grating: ori = np.float64(1.0)
7.6290 	EXP 	fixation: autoDraw = True
7.7055 	EXP 	Device response: <KeyPress from None: t=7.612191583990352, value=left, duration=0.08811866601172369>
7.8916 	WARNING 	t of last frame was 34.78ms (=1/28)
8.1205 	INFO 	Keyboard events cleared
8.1203 	EXP 	grating: autoDraw = True
8.1254 	EXP 	fixation: autoDraw = False
8.4077 	EXP 	grating: autoDraw = False
8.6245 	EXP 	Device response: <KeyPress from None: t=8.621975542002474, value=right, duration=None>
8.6289 	DATA 	Keypress: right
8.6369 	EXP 	fixation: autoDraw = False
8.6369 	EXP 	grating: autoDraw = False
8.6369 	EXP 	grating: ori = np.float64(1.0)
8.6369 	EXP 	fixation: autoDraw = True
8.7387 	EXP 	Device response: <KeyPress from None: t=8.621975542002474, value=right, duration=0.10424141699331813>
9.1202 	INFO 	Keyboard events cleared
9.1200 	EXP 	grating: autoDraw = True
9.1230 	EXP 	fixation: autoDraw = False
9.4071 	EXP 	grating: autoDraw = False
9.7217 	EXP 	Device response: <KeyPress from None: t=9.708023500003037, value=right, duration=None>
9.7271 	DATA 	Keypress: right
9.7300 	EXP 	fixation: autoDraw = False
9.7300 	EXP 	grating: autoDraw = False
9.7300 	EXP 	grating: ori = np.float64(1.0)
9.7300 	EXP 	fixation: autoDraw = True
9.8382 	EXP 	Device response: <KeyPress from None: t=9.708023500003037, value=right, duration=0.12827670898695942>
10.2202 	INFO 	Keyboard events cleared
10.2201 	EXP 	grating: autoDraw = True
10.2239 	EXP 	fixation: autoDraw = False
10.5066 	EXP 	grating: autoDraw = False
10.7719 	EXP 	Device response: <KeyPress from None: t=10.76393183399341, value=right, duration=None>
10.7774 	DATA 	Keypress: right
10.7802 	EXP 	fixation: autoDraw = False
10.7802 	EXP 	grating: autoDraw = False
10.7802 	EXP 	grating: ori = np.float64(-1.0)
10.7802 	EXP 	fixation: autoDraw = True
10.9087 	EXP 	Device response: <KeyPress from None: t=10.76393183399341, value=right, duration=0.14035120799962897>
11.2703 	INFO 	Keyboard events cleared
11.2702 	EXP 	grating: autoDraw = True
11.2739 	EXP 	fixation: autoDraw = False
11.5570 	EXP 	grating: autoDraw = False
11.8720 	EXP 	Device response: <KeyPress from None: t=11.861996958992677, value=left, duration=None>
11.8774 	DATA 	Keypress: left
11.8802 	EXP 	fixation: autoDraw = False
11.8802 	EXP 	grating: autoDraw = False
11.8802 	EXP 	grating: ori = np.float64(-1.0)
11.8802 	EXP 	fixation: autoDraw = True
11.9713 	EXP 	Device response: <KeyPress from None: t=11.861996958992677, value=left, duration=0.10029554100765381>
12.3701 	INFO 	Keyboard events cleared
12.3700 	EXP 	grating: autoDraw = True
12.3745 	EXP 	fixation: autoDraw = False
12.6571 	EXP 	grating: autoDraw = False
12.9390 	EXP 	Device response: <KeyPress from None: t=12.936899291991722, value=left, duration=None>
12.9449 	DATA 	Keypress: left
12.9479 	EXP 	fixation: autoDraw = False
12.9479 	EXP 	grating: autoDraw = False
12.9479 	EXP 	grating: ori = np.float64(1.0)
12.9479 	EXP 	fixation: autoDraw = True
13.0554 	EXP 	Device response: <KeyPress from None: t=12.936899291991722, value=left, duration=0.10427045800315682>
13.4371 	INFO 	Keyboard events cleared
13.4369 	EXP 	grating: autoDraw = True
13.4413 	EXP 	fixation: autoDraw = False
13.7241 	EXP 	grating: autoDraw = False
14.0556 	EXP 	Device response: <KeyPress from None: t=14.053826000003028, value=right, duration=None>
14.0640 	DATA 	Keypress: right
14.0700 	EXP 	fixation: autoDraw = False
14.0700 	EXP 	grating: autoDraw = False
14.0700 	EXP 	grating: ori = np.float64(-1.0)
14.0700 	EXP 	fixation: autoDraw = True
14.1715 	EXP 	Device response: <KeyPress from None: t=14.053826000003028, value=right, duration=0.11628112499602139>
14.5581 	INFO 	Keyboard events cleared
14.5580 	EXP 	fixation: autoDraw = False
14.5580 	EXP 	grating: autoDraw = True
14.8535 	EXP 	grating: autoDraw = False
15.0749 	EXP 	Device response: <KeyPress from None: t=15.072833416998037, value=left, duration=None>
15.0797 	DATA 	Keypress: left
15.0869 	EXP 	fixation: autoDraw = False
15.0869 	EXP 	grating: autoDraw = False
15.0869 	EXP 	grating: ori = np.float64(-1.0)
15.0869 	EXP 	fixation: autoDraw = True
15.2060 	EXP 	Device response: <KeyPress from None: t=15.072833416998037, value=left, duration=0.12842654199630488>
15.5743 	INFO 	Keyboard events cleared
15.5741 	EXP 	fixation: autoDraw = False
15.5741 	EXP 	grating: autoDraw = True
15.8702 	EXP 	grating: autoDraw = False
16.0720 	EXP 	Device response: <KeyPress from None: t=16.06783129199175, value=right, duration=None>
16.0778 	DATA 	Keypress: right
16.0810 	EXP 	fixation: autoDraw = False
16.0810 	EXP 	grating: autoDraw = False
16.0810 	EXP 	grating: ori = np.float64(-2.0)
16.0810 	EXP 	fixation: autoDraw = True
16.2083 	EXP 	Device response: <KeyPress from None: t=16.06783129199175, value=right, duration=0.1363222920044791>
16.5703 	INFO 	Keyboard events cleared
16.5701 	EXP 	grating: autoDraw = True
16.5739 	EXP 	fixation: autoDraw = False
16.8573 	EXP 	grating: autoDraw = False
17.0881 	EXP 	Device response: <KeyPress from None: t=17.079730291996384, value=left, duration=None>
17.0933 	DATA 	Keypress: left
17.0964 	EXP 	fixation: autoDraw = False
17.0964 	EXP 	grating: autoDraw = False
17.0964 	EXP 	grating: ori = np.float64(2.0)
17.0964 	EXP 	fixation: autoDraw = True
17.2221 	EXP 	Device response: <KeyPress from None: t=17.079730291996384, value=left, duration=0.14026850000664126>
17.5868 	INFO 	Keyboard events cleared
17.5867 	EXP 	grating: autoDraw = True
17.5901 	EXP 	fixation: autoDraw = False
17.8738 	EXP 	grating: autoDraw = False
18.1215 	EXP 	Device response: <KeyPress from None: t=18.118748458990012, value=right, duration=None>
18.1276 	DATA 	Keypress: right
18.1307 	EXP 	fixation: autoDraw = False
18.1307 	EXP 	grating: autoDraw = False
18.1307 	EXP 	grating: ori = np.float64(-2.0)
18.1307 	EXP 	fixation: autoDraw = True
18.2382 	EXP 	Device response: <KeyPress from None: t=18.118748458990012, value=right, duration=0.1163242910115514>
18.6204 	INFO 	Keyboard events cleared
18.6202 	EXP 	grating: autoDraw = True
18.6246 	EXP 	fixation: autoDraw = False
18.9067 	EXP 	grating: autoDraw = False
19.2048 	EXP 	Device response: <KeyPress from None: t=19.192749291993096, value=left, duration=None>
19.2106 	DATA 	Keypress: left
19.2135 	EXP 	fixation: autoDraw = False
19.2135 	EXP 	grating: autoDraw = False
19.2135 	EXP 	grating: ori = np.float64(1.0)
19.2135 	EXP 	fixation: autoDraw = True
19.3215 	EXP 	Device response: <KeyPress from None: t=19.192749291993096, value=left, duration=0.12420958300936036>
19.7036 	INFO 	Keyboard events cleared
19.7034 	EXP 	grating: autoDraw = True
19.7072 	EXP 	fixation: autoDraw = False
19.9903 	EXP 	grating: autoDraw = False
20.4549 	EXP 	Device response: <KeyPress from None: t=20.44055616699916, value=right, duration=None>
20.4605 	DATA 	Keypress: right
20.4634 	EXP 	fixation: autoDraw = False
20.4634 	EXP 	grating: autoDraw = False
20.4634 	EXP 	grating: ori = np.float64(1.0)
20.4634 	EXP 	fixation: autoDraw = True
20.5544 	EXP 	Device response: <KeyPress from None: t=20.44055616699916, value=right, duration=0.10843091699643992>
20.9535 	INFO 	Keyboard events cleared
20.9533 	EXP 	grating: autoDraw = True
20.9567 	EXP 	fixation: autoDraw = False
21.2396 	EXP 	grating: autoDraw = False
21.9382 	EXP 	Device response: <KeyPress from None: t=21.928458374997717, value=right, duration=None>
21.9439 	DATA 	Keypress: right
21.9468 	EXP 	fixation: autoDraw = False
21.9468 	EXP 	grating: autoDraw = False
21.9468 	EXP 	grating: ori = np.float64(1.0)
21.9468 	EXP 	fixation: autoDraw = True
22.0715 	EXP 	Device response: <KeyPress from None: t=21.928458374997717, value=right, duration=0.1355831249966286>
22.4372 	INFO 	Keyboard events cleared
22.4370 	EXP 	grating: autoDraw = True
22.4421 	EXP 	fixation: autoDraw = False
22.7236 	EXP 	grating: autoDraw = False
23.0908 	EXP 	Device response: <KeyPress from None: t=23.08759724999254, value=right, duration=None>
23.0957 	DATA 	Keypress: right
23.1035 	EXP 	fixation: autoDraw = False
23.1035 	EXP 	grating: autoDraw = False
23.1035 	EXP 	grating: ori = np.float64(-1.0)
23.1035 	EXP 	fixation: autoDraw = True
23.1881 	EXP 	Device response: <KeyPress from None: t=23.08759724999254, value=right, duration=0.09229975000198465>
23.5914 	INFO 	Keyboard events cleared
23.5912 	EXP 	fixation: autoDraw = False
23.5912 	EXP 	grating: autoDraw = True
23.8899 	EXP 	grating: autoDraw = False
24.3411 	EXP 	Device response: <KeyPress from None: t=24.33764854200126, value=left, duration=None>
24.3459 	DATA 	Keypress: left
24.3535 	EXP 	fixation: autoDraw = False
24.3535 	EXP 	grating: autoDraw = False
24.3535 	EXP 	grating: ori = np.float64(1.0)
24.3535 	EXP 	fixation: autoDraw = True
24.4553 	EXP 	Device response: <KeyPress from None: t=24.33764854200126, value=left, duration=0.10826958299730904>
24.8368 	INFO 	Keyboard events cleared
24.8366 	EXP 	grating: autoDraw = True
24.8403 	EXP 	fixation: autoDraw = False
25.1242 	EXP 	grating: autoDraw = False
25.5049 	EXP 	Device response: <KeyPress from None: t=25.501614749999135, value=right, duration=None>
25.5097 	EXP 	fixation: autoDraw = False
25.5097 	EXP 	grating: autoDraw = False
25.5097 	EXP 	grating: ori = np.float64(1.0)
25.5097 	EXP 	fixation: autoDraw = True
25.5134 	DATA 	Keypress: right
25.6212 	EXP 	Device response: <KeyPress from None: t=25.501614749999135, value=right, duration=0.11238237499492243>
26.0037 	INFO 	Keyboard events cleared
26.0035 	EXP 	grating: autoDraw = True
26.0079 	EXP 	fixation: autoDraw = False
26.2899 	EXP 	grating: autoDraw = False
26.7052 	EXP 	Device response: <KeyPress from None: t=26.700592334003886, value=right, duration=None>
26.7109 	DATA 	Keypress: right
26.7139 	EXP 	fixation: autoDraw = False
26.7139 	EXP 	grating: autoDraw = False
26.7139 	EXP 	grating: ori = np.float64(-1.0)
26.7139 	EXP 	fixation: autoDraw = True
26.8052 	EXP 	Device response: <KeyPress from None: t=26.700592334003886, value=right, duration=0.09637349999684375>
27.2035 	INFO 	Keyboard events cleared
27.2033 	EXP 	grating: autoDraw = True
27.2075 	EXP 	fixation: autoDraw = False
27.4906 	EXP 	grating: autoDraw = False
27.8385 	EXP 	Device response: <KeyPress from None: t=27.83021583399386, value=left, duration=None>
27.8442 	DATA 	Keypress: left
27.8471 	EXP 	fixation: autoDraw = False
27.8471 	EXP 	grating: autoDraw = False
27.8471 	EXP 	grating: ori = np.float64(-1.0)
27.8471 	EXP 	fixation: autoDraw = True
27.9551 	EXP 	Device response: <KeyPress from None: t=27.83021583399386, value=left, duration=0.11576904100365937>
28.3368 	INFO 	Keyboard events cleared
28.3366 	EXP 	grating: autoDraw = True
28.3408 	EXP 	fixation: autoDraw = False
28.6230 	EXP 	grating: autoDraw = False
29.2744 	EXP 	Device response: <KeyPress from None: t=29.273477750000893, value=left, duration=None>
29.2791 	DATA 	Keypress: left
29.2867 	EXP 	fixation: autoDraw = False
29.2867 	EXP 	grating: autoDraw = False
29.2867 	EXP 	grating: ori = np.float64(-1.0)
29.2867 	EXP 	fixation: autoDraw = True
29.3718 	EXP 	Device response: <KeyPress from None: t=29.273477750000893, value=left, duration=0.09239708399400115>
29.7761 	INFO 	Keyboard events cleared
29.7759 	EXP 	fixation: autoDraw = False
29.7759 	EXP 	grating: autoDraw = True
30.0735 	EXP 	grating: autoDraw = False
30.6047 	EXP 	Device response: <KeyPress from None: t=30.59133620899229, value=left, duration=None>
30.6096 	DATA 	Keypress: left
30.6124 	EXP 	fixation: autoDraw = False
30.6124 	EXP 	grating: autoDraw = False
30.6124 	EXP 	grating: ori = np.float64(1.0)
30.6124 	EXP 	fixation: autoDraw = True
30.6717 	EXP 	Device response: <KeyPress from None: t=30.59133620899229, value=left, duration=0.07253887499973644>
31.1034 	INFO 	Keyboard events cleared
31.1033 	EXP 	grating: autoDraw = True
31.1073 	EXP 	fixation: autoDraw = False
31.3899 	EXP 	grating: autoDraw = False
31.7714 	EXP 	Device response: <KeyPress from None: t=31.75747333400068, value=right, duration=None>
31.7764 	DATA 	Keypress: right
31.7793 	EXP 	fixation: autoDraw = False
31.7793 	EXP 	grating: autoDraw = False
31.7793 	EXP 	grating: ori = np.float64(-1.0)
31.7793 	EXP 	fixation: autoDraw = True
31.8884 	EXP 	Device response: <KeyPress from None: t=31.75747333400068, value=right, duration=0.1203561250003986>
32.2701 	INFO 	Keyboard events cleared
32.2700 	EXP 	grating: autoDraw = True
32.2739 	EXP 	fixation: autoDraw = False
32.5569 	EXP 	grating: autoDraw = False
32.9047 	EXP 	Device response: <KeyPress from None: t=32.89651429199148, value=left, duration=None>
32.9101 	DATA 	Keypress: left
32.9130 	EXP 	fixation: autoDraw = False
32.9130 	EXP 	grating: autoDraw = False
32.9130 	EXP 	grating: ori = np.float64(1.0)
32.9130 	EXP 	fixation: autoDraw = True
33.0052 	EXP 	Device response: <KeyPress from None: t=32.89651429199148, value=left, duration=0.1042725420120405>
33.4033 	INFO 	Keyboard events cleared
33.4032 	EXP 	grating: autoDraw = True
33.4067 	EXP 	fixation: autoDraw = False
33.6905 	EXP 	grating: autoDraw = False
34.4715 	EXP 	Device response: <KeyPress from None: t=34.46028929199383, value=right, duration=None>
34.4769 	DATA 	Keypress: right
34.4799 	EXP 	fixation: autoDraw = False
34.4799 	EXP 	grating: autoDraw = False
34.4799 	EXP 	grating: ori = np.float64(1.0)
34.4799 	EXP 	fixation: autoDraw = True
34.6218 	EXP 	Device response: <KeyPress from None: t=34.46028929199383, value=right, duration=0.14845116699871141>
34.9701 	INFO 	Keyboard events cleared
34.9699 	EXP 	grating: autoDraw = True
34.9737 	EXP 	fixation: autoDraw = False
35.2562 	EXP 	grating: autoDraw = False
35.6575 	EXP 	Device response: <KeyPress from None: t=35.65351579200069, value=right, duration=None>
35.6622 	DATA 	Keypress: right
35.6700 	EXP 	fixation: autoDraw = False
35.6700 	EXP 	grating: autoDraw = False
35.6700 	EXP 	grating: ori = np.float64(1.0)
35.6700 	EXP 	fixation: autoDraw = True
35.7582 	EXP 	Device response: <KeyPress from None: t=35.65351579200069, value=right, duration=0.10018091699748766>
36.1534 	INFO 	Keyboard events cleared
36.1532 	EXP 	grating: autoDraw = True
36.1574 	EXP 	fixation: autoDraw = False
36.4404 	EXP 	grating: autoDraw = False
36.8549 	EXP 	Device response: <KeyPress from None: t=36.847413791998406, value=right, duration=None>
36.8598 	DATA 	Keypress: right
36.8627 	EXP 	fixation: autoDraw = False
36.8627 	EXP 	grating: autoDraw = False
36.8627 	EXP 	grating: ori = np.float64(1.0)
36.8627 	EXP 	fixation: autoDraw = True
36.9751 	EXP 	Device response: <KeyPress from None: t=36.847413791998406, value=right, duration=0.12424908300454263>
37.3534 	INFO 	Keyboard events cleared
37.3533 	EXP 	grating: autoDraw = True
37.3573 	EXP 	fixation: autoDraw = False
37.6404 	EXP 	grating: autoDraw = False
37.9885 	EXP 	Device response: <KeyPress from None: t=37.98439466700074, value=right, duration=None>
37.9944 	DATA 	Keypress: right
37.9972 	EXP 	fixation: autoDraw = False
37.9972 	EXP 	grating: autoDraw = False
37.9972 	EXP 	grating: ori = np.float64(-1.0)
37.9972 	EXP 	fixation: autoDraw = True
38.1385 	EXP 	Device response: <KeyPress from None: t=37.98439466700074, value=right, duration=0.14425516698975116>
38.4869 	INFO 	Keyboard events cleared
38.4867 	EXP 	grating: autoDraw = True
38.4909 	EXP 	fixation: autoDraw = False
38.7737 	EXP 	grating: autoDraw = False
39.0714 	EXP 	Device response: <KeyPress from None: t=39.068290416995296, value=left, duration=None>
39.0767 	DATA 	Keypress: left
39.0795 	EXP 	fixation: autoDraw = False
39.0795 	EXP 	grating: autoDraw = False
39.0795 	EXP 	grating: ori = np.float64(-1.0)
39.0795 	EXP 	fixation: autoDraw = True
39.1878 	EXP 	Device response: <KeyPress from None: t=39.068290416995296, value=left, duration=0.11236275000555906>
39.5701 	INFO 	Keyboard events cleared
39.5699 	EXP 	grating: autoDraw = True
39.5736 	EXP 	fixation: autoDraw = False
39.8566 	EXP 	grating: autoDraw = False
40.1880 	EXP 	Device response: <KeyPress from None: t=40.17728845900274, value=left, duration=None>
40.1933 	DATA 	Keypress: left
40.1961 	EXP 	fixation: autoDraw = False
40.1961 	EXP 	grating: autoDraw = False
40.1961 	EXP 	grating: ori = np.float64(-1.0)
40.1961 	EXP 	fixation: autoDraw = True
40.3080 	EXP 	Device response: <KeyPress from None: t=40.17728845900274, value=left, duration=0.12825970799895003>
40.6867 	INFO 	Keyboard events cleared
40.6865 	EXP 	grating: autoDraw = True
40.6908 	EXP 	fixation: autoDraw = False
40.9732 	EXP 	grating: autoDraw = False
41.3051 	EXP 	Device response: <KeyPress from None: t=41.29627808400255, value=left, duration=None>
41.3109 	DATA 	Keypress: left
41.3138 	EXP 	fixation: autoDraw = False
41.3138 	EXP 	grating: autoDraw = False
41.3138 	EXP 	grating: ori = np.float64(-1.0)
41.3138 	EXP 	fixation: autoDraw = True
41.4218 	EXP 	Device response: <KeyPress from None: t=41.29627808400255, value=left, duration=0.11228654099977575>
41.8034 	INFO 	Keyboard events cleared
41.8032 	EXP 	grating: autoDraw = True
41.8084 	EXP 	fixation: autoDraw = False
42.0896 	EXP 	grating: autoDraw = False
42.3408 	EXP 	Device response: <KeyPress from None: t=42.33719854199444, value=left, duration=None>
42.3456 	DATA 	Keypress: left
42.3533 	EXP 	fixation: autoDraw = False
42.3533 	EXP 	grating: autoDraw = False
42.3533 	EXP 	grating: ori = np.float64(-1.0)
42.3533 	EXP 	fixation: autoDraw = True
42.4712 	EXP 	Device response: <KeyPress from None: t=42.33719854199444, value=left, duration=0.1322427080012858>
42.8367 	INFO 	Keyboard events cleared
42.8365 	EXP 	grating: autoDraw = True
42.8405 	EXP 	fixation: autoDraw = False
43.1239 	EXP 	grating: autoDraw = False
43.4383 	EXP 	Device response: <KeyPress from None: t=43.42802887500147, value=left, duration=None>
43.4441 	DATA 	Keypress: left
43.4469 	EXP 	fixation: autoDraw = False
43.4469 	EXP 	grating: autoDraw = False
43.4469 	EXP 	grating: ori = np.float64(1.0)
43.4469 	EXP 	fixation: autoDraw = True
43.5381 	EXP 	Device response: <KeyPress from None: t=43.42802887500147, value=left, duration=0.10750641699996777>
43.9367 	INFO 	Keyboard events cleared
43.9365 	EXP 	grating: autoDraw = True
43.9408 	EXP 	fixation: autoDraw = False
44.2237 	EXP 	grating: autoDraw = False
44.4912 	EXP 	Device response: <KeyPress from None: t=44.48802208399866, value=right, duration=None>
44.4960 	DATA 	Keypress: right
44.5033 	EXP 	fixation: autoDraw = False
44.5033 	EXP 	grating: autoDraw = False
44.5033 	EXP 	grating: ori = np.float64(1.0)
44.5033 	EXP 	fixation: autoDraw = True
44.6048 	EXP 	Device response: <KeyPress from None: t=44.48802208399866, value=right, duration=0.10853850000421517>
44.9916 	INFO 	Keyboard events cleared
44.9914 	EXP 	fixation: autoDraw = False
44.9914 	EXP 	grating: autoDraw = True
45.2896 	EXP 	grating: autoDraw = False
45.6051 	EXP 	Device response: <KeyPress from None: t=45.5951877089974, value=right, duration=None>
45.6102 	DATA 	Keypress: right
45.6130 	EXP 	fixation: autoDraw = False
45.6130 	EXP 	grating: autoDraw = False
45.6130 	EXP 	grating: ori = np.float64(1.0)
45.6130 	EXP 	fixation: autoDraw = True
45.7217 	EXP 	Device response: <KeyPress from None: t=45.5951877089974, value=right, duration=0.12417179100157227>
46.1034 	INFO 	Keyboard events cleared
46.1032 	EXP 	grating: autoDraw = True
46.1070 	EXP 	fixation: autoDraw = False
46.3901 	EXP 	grating: autoDraw = False
46.5712 	EXP 	Device response: <KeyPress from None: t=46.56815087499854, value=right, duration=None>
46.5761 	DATA 	Keypress: right
46.5790 	EXP 	fixation: autoDraw = False
46.5790 	EXP 	grating: autoDraw = False
46.5790 	EXP 	grating: ori = np.float64(1.0)
46.5790 	EXP 	fixation: autoDraw = True
46.7074 	EXP 	Device response: <KeyPress from None: t=46.56815087499854, value=right, duration=0.13625479199981783>
47.0701 	INFO 	Keyboard events cleared
47.0699 	EXP 	grating: autoDraw = True
47.0748 	EXP 	fixation: autoDraw = False
47.3574 	EXP 	grating: autoDraw = False
47.6380 	EXP 	Device response: <KeyPress from None: t=47.633161709003616, value=right, duration=None>
47.6433 	DATA 	Keypress: right
47.6463 	EXP 	fixation: autoDraw = False
47.6463 	EXP 	grating: autoDraw = False
47.6463 	EXP 	grating: ori = np.float64(-1.0)
47.6463 	EXP 	fixation: autoDraw = True
47.7711 	EXP 	Device response: <KeyPress from None: t=47.633161709003616, value=right, duration=0.12824654098949395>
48.1369 	INFO 	Keyboard events cleared
48.1367 	EXP 	grating: autoDraw = True
48.1417 	EXP 	fixation: autoDraw = False
48.4240 	EXP 	grating: autoDraw = False
48.7045 	EXP 	Device response: <KeyPress from None: t=48.70096691699291, value=left, duration=None>
48.7093 	DATA 	Keypress: left
48.7122 	EXP 	fixation: autoDraw = False
48.7122 	EXP 	grating: autoDraw = False
48.7122 	EXP 	grating: ori = np.float64(1.0)
48.7122 	EXP 	fixation: autoDraw = True
48.8214 	EXP 	Device response: <KeyPress from None: t=48.70096691699291, value=left, duration=0.10850550000031944>
49.2034 	INFO 	Keyboard events cleared
49.2032 	EXP 	grating: autoDraw = True
49.2073 	EXP 	fixation: autoDraw = False
49.4894 	EXP 	grating: autoDraw = False
49.7544 	EXP 	Device response: <KeyPress from None: t=49.748994499997934, value=right, duration=None>
49.7593 	DATA 	Keypress: right
49.7623 	EXP 	fixation: autoDraw = False
49.7623 	EXP 	grating: autoDraw = False
49.7623 	EXP 	grating: ori = np.float64(-1.0)
49.7623 	EXP 	fixation: autoDraw = True
49.8713 	EXP 	Device response: <KeyPress from None: t=49.748994499997934, value=right, duration=0.11245220899581909>
50.2533 	INFO 	Keyboard events cleared
50.2531 	EXP 	grating: autoDraw = True
50.2567 	EXP 	fixation: autoDraw = False
50.5397 	EXP 	grating: autoDraw = False
50.8383 	EXP 	Device response: <KeyPress from None: t=50.82705533399712, value=left, duration=None>
50.8440 	DATA 	Keypress: left
50.8469 	EXP 	fixation: autoDraw = False
50.8469 	EXP 	grating: autoDraw = False
50.8469 	EXP 	grating: ori = np.float64(1.0)
50.8469 	EXP 	fixation: autoDraw = True
50.9549 	EXP 	Device response: <KeyPress from None: t=50.82705533399712, value=left, duration=0.11631566600408405>
51.3365 	INFO 	Keyboard events cleared
51.3364 	EXP 	grating: autoDraw = True
51.3406 	EXP 	fixation: autoDraw = False
51.6234 	EXP 	grating: autoDraw = False
52.0044 	EXP 	Device response: <KeyPress from None: t=51.99509779199434, value=right, duration=None>
52.0097 	DATA 	Keypress: right
52.0126 	EXP 	fixation: autoDraw = False
52.0126 	EXP 	grating: autoDraw = False
52.0126 	EXP 	grating: ori = np.float64(-1.0)
52.0126 	EXP 	fixation: autoDraw = True
52.1212 	EXP 	Device response: <KeyPress from None: t=51.99509779199434, value=right, duration=0.1202395419968525>
52.5035 	INFO 	Keyboard events cleared
52.5033 	EXP 	grating: autoDraw = True
52.5079 	EXP 	fixation: autoDraw = False
52.7899 	EXP 	grating: autoDraw = False
53.1378 	EXP 	Device response: <KeyPress from None: t=53.125982958998065, value=left, duration=None>
53.1440 	DATA 	Keypress: left
53.1470 	EXP 	fixation: autoDraw = False
53.1470 	EXP 	grating: autoDraw = False
53.1470 	EXP 	grating: ori = np.float64(1.0)
53.1470 	EXP 	fixation: autoDraw = True
53.2550 	EXP 	Device response: <KeyPress from None: t=53.125982958998065, value=left, duration=0.12040195800364017>
53.6366 	INFO 	Keyboard events cleared
53.6364 	EXP 	grating: autoDraw = True
53.6402 	EXP 	fixation: autoDraw = False
53.9234 	EXP 	grating: autoDraw = False
54.1741 	EXP 	Device response: <KeyPress from None: t=54.17095770899323, value=right, duration=None>
54.1787 	DATA 	Keypress: right
54.1865 	EXP 	fixation: autoDraw = False
54.1865 	EXP 	grating: autoDraw = False
54.1865 	EXP 	grating: ori = np.float64(1.0)
54.1865 	EXP 	fixation: autoDraw = True
54.3050 	EXP 	Device response: <KeyPress from None: t=54.17095770899323, value=right, duration=0.13228387500566896>
54.6700 	INFO 	Keyboard events cleared
54.6698 	EXP 	grating: autoDraw = True
54.6735 	EXP 	fixation: autoDraw = False
54.9571 	EXP 	grating: autoDraw = False
55.3879 	EXP 	Device response: <KeyPress from None: t=55.38395375000255, value=right, duration=None>
55.3934 	DATA 	Keypress: right
55.3964 	EXP 	fixation: autoDraw = False
55.3964 	EXP 	grating: autoDraw = False
55.3964 	EXP 	grating: ori = np.float64(1.0)
55.3964 	EXP 	fixation: autoDraw = True
55.5379 	EXP 	Device response: <KeyPress from None: t=55.38395375000255, value=right, duration=0.1443789999902947>
55.8865 	INFO 	Keyboard events cleared
55.8863 	EXP 	grating: autoDraw = True
55.8905 	EXP 	fixation: autoDraw = False
56.1736 	EXP 	grating: autoDraw = False
56.5572 	EXP 	Device response: <KeyPress from None: t=56.555937958997674, value=right, duration=None>
56.5617 	DATA 	Keypress: right
56.5698 	EXP 	fixation: autoDraw = False
56.5698 	EXP 	grating: autoDraw = False
56.5698 	EXP 	grating: ori = np.float64(1.0)
56.5698 	EXP 	fixation: autoDraw = True
56.6877 	EXP 	Device response: <KeyPress from None: t=56.555937958997674, value=right, duration=0.12428187500336207>
57.0532 	INFO 	Keyboard events cleared
57.0530 	EXP 	grating: autoDraw = True
57.0570 	EXP 	fixation: autoDraw = False
57.3395 	EXP 	grating: autoDraw = False
57.5879 	EXP 	Device response: <KeyPress from None: t=57.572885166999185, value=right, duration=None>
57.5931 	DATA 	Keypress: right
57.5960 	EXP 	fixation: autoDraw = False
57.5960 	EXP 	grating: autoDraw = False
57.5960 	EXP 	grating: ori = np.float64(-1.0)
57.5960 	EXP 	fixation: autoDraw = True
57.6581 	EXP 	Device response: <KeyPress from None: t=57.572885166999185, value=right, duration=0.08420258299156558>
58.0865 	INFO 	Keyboard events cleared
58.0863 	EXP 	grating: autoDraw = True
58.0904 	EXP 	fixation: autoDraw = False
58.3732 	EXP 	grating: autoDraw = False
58.6571 	EXP 	Device response: <KeyPress from None: t=58.655853292002575, value=left, duration=None>
58.6617 	DATA 	Keypress: left
58.6698 	EXP 	fixation: autoDraw = False
58.6698 	EXP 	grating: autoDraw = False
58.6698 	EXP 	grating: ori = np.float64(1.0)
58.6698 	EXP 	fixation: autoDraw = True
58.7880 	EXP 	Device response: <KeyPress from None: t=58.655853292002575, value=left, duration=0.12427083299553487>
59.1532 	INFO 	Keyboard events cleared
59.1530 	EXP 	grating: autoDraw = True
59.1563 	EXP 	fixation: autoDraw = False
59.4395 	EXP 	grating: autoDraw = False
59.7549 	EXP 	Device response: <KeyPress from None: t=59.742804333989625, value=right, duration=None>
59.7603 	DATA 	Keypress: right
59.7632 	EXP 	fixation: autoDraw = False
59.7632 	EXP 	grating: autoDraw = False
59.7632 	EXP 	grating: ori = np.float64(1.0)
59.7632 	EXP 	fixation: autoDraw = True
59.8410 	EXP 	Device response: <KeyPress from None: t=59.742804333989625, value=right, duration=0.09628237500146497>
60.2533 	INFO 	Keyboard events cleared
60.2531 	EXP 	grating: autoDraw = True
60.2571 	EXP 	fixation: autoDraw = False
60.5400 	EXP 	grating: autoDraw = False
60.8071 	EXP 	Device response: <KeyPress from None: t=60.805813874991145, value=right, duration=None>
60.8118 	DATA 	Keypress: right
60.8197 	EXP 	fixation: autoDraw = False
60.8197 	EXP 	grating: autoDraw = False
60.8197 	EXP 	grating: ori = np.float64(-1.0)
60.8197 	EXP 	fixation: autoDraw = True
60.9377 	EXP 	Device response: <KeyPress from None: t=60.805813874991145, value=right, duration=0.12423395900987089>
61.3035 	INFO 	Keyboard events cleared
61.3033 	EXP 	grating: autoDraw = True
61.3074 	EXP 	fixation: autoDraw = False
61.5898 	EXP 	grating: autoDraw = False
62.0382 	EXP 	Device response: <KeyPress from None: t=62.026848416993744, value=left, duration=None>
62.0443 	DATA 	Keypress: left
62.0474 	EXP 	fixation: autoDraw = False
62.0474 	EXP 	grating: autoDraw = False
62.0474 	EXP 	grating: ori = np.float64(1.0)
62.0474 	EXP 	fixation: autoDraw = True
62.1212 	EXP 	Device response: <KeyPress from None: t=62.026848416993744, value=left, duration=0.08824233300401829>
62.5366 	INFO 	Keyboard events cleared
62.5364 	EXP 	grating: autoDraw = True
62.5408 	EXP 	fixation: autoDraw = False
62.8226 	EXP 	grating: autoDraw = False
63.1212 	EXP 	Device response: <KeyPress from None: t=63.11287483399792, value=right, duration=None>
63.1268 	DATA 	Keypress: right
63.1299 	EXP 	fixation: autoDraw = False
63.1299 	EXP 	grating: autoDraw = False
63.1299 	EXP 	grating: ori = np.float64(1.0)
63.1299 	EXP 	fixation: autoDraw = True
63.2879 	EXP 	Device response: <KeyPress from None: t=63.11287483399792, value=right, duration=0.1722550830018008>
63.6200 	INFO 	Keyboard events cleared
63.6198 	EXP 	grating: autoDraw = True
63.6248 	EXP 	fixation: autoDraw = False
63.9063 	EXP 	grating: autoDraw = False
64.1414 	EXP 	Device response: <KeyPress from None: t=64.13776254199911, value=right, duration=None>
64.1465 	DATA 	Keypress: right
64.1532 	EXP 	fixation: autoDraw = False
64.1532 	EXP 	grating: autoDraw = False
64.1532 	EXP 	grating: ori = np.float64(1.0)
64.1532 	EXP 	fixation: autoDraw = True
64.2878 	EXP 	Device response: <KeyPress from None: t=64.13776254199911, value=right, duration=0.13621212499856483>
64.6424 	INFO 	Keyboard events cleared
64.6422 	EXP 	fixation: autoDraw = False
64.6422 	EXP 	grating: autoDraw = True
64.9395 	EXP 	grating: autoDraw = False
65.2384 	EXP 	Device response: <KeyPress from None: t=65.2247198339901, value=right, duration=None>
65.2449 	DATA 	Keypress: right
65.2479 	EXP 	fixation: autoDraw = False
65.2479 	EXP 	grating: autoDraw = False
65.2479 	EXP 	grating: ori = np.float64(-1.0)
65.2479 	EXP 	fixation: autoDraw = True
65.3378 	EXP 	Device response: <KeyPress from None: t=65.2247198339901, value=right, duration=0.10426554101286456>
65.7365 	INFO 	Keyboard events cleared
65.7363 	EXP 	grating: autoDraw = True
65.7402 	EXP 	fixation: autoDraw = False
66.0236 	EXP 	grating: autoDraw = False
66.3383 	EXP 	Device response: <KeyPress from None: t=66.32676333400013, value=left, duration=None>
66.3443 	DATA 	Keypress: left
66.3472 	EXP 	fixation: autoDraw = False
66.3472 	EXP 	grating: autoDraw = False
66.3472 	EXP 	grating: ori = np.float64(1.0)
66.3472 	EXP 	fixation: autoDraw = True
66.4410 	EXP 	Device response: <KeyPress from None: t=66.32676333400013, value=left, duration=0.11219279099896085>
66.8365 	INFO 	Keyboard events cleared
66.8363 	EXP 	grating: autoDraw = True
66.8404 	EXP 	fixation: autoDraw = False
67.1233 	EXP 	grating: autoDraw = False
67.4214 	EXP 	Device response: <KeyPress from None: t=67.41367791699304, value=right, duration=None>
67.4266 	DATA 	Keypress: right
67.4295 	EXP 	fixation: autoDraw = False
67.4295 	EXP 	grating: autoDraw = False
67.4295 	EXP 	grating: ori = np.float64(1.0)
67.4295 	EXP 	fixation: autoDraw = True
67.5245 	EXP 	Device response: <KeyPress from None: t=67.41367791699304, value=right, duration=0.10825395800929982>
67.9199 	INFO 	Keyboard events cleared
67.9197 	EXP 	grating: autoDraw = True
67.9240 	EXP 	fixation: autoDraw = False
68.2070 	EXP 	grating: autoDraw = False
68.5049 	EXP 	Device response: <KeyPress from None: t=68.50165008399927, value=right, duration=None>
68.5109 	DATA 	Keypress: right
68.5138 	EXP 	fixation: autoDraw = False
68.5138 	EXP 	grating: autoDraw = False
68.5138 	EXP 	grating: ori = np.float64(1.0)
68.5138 	EXP 	fixation: autoDraw = True
68.6078 	EXP 	Device response: <KeyPress from None: t=68.50165008399927, value=right, duration=0.10427875000459608>
69.0031 	INFO 	Keyboard events cleared
69.0029 	EXP 	grating: autoDraw = True
69.0066 	EXP 	fixation: autoDraw = False
69.2895 	EXP 	grating: autoDraw = False
69.5046 	EXP 	Device response: <KeyPress from None: t=69.4965475420031, value=right, duration=None>
69.5101 	DATA 	Keypress: right
69.5130 	EXP 	fixation: autoDraw = False
69.5130 	EXP 	grating: autoDraw = False
69.5130 	EXP 	grating: ori = np.float64(1.0)
69.5130 	EXP 	fixation: autoDraw = True
69.6375 	EXP 	Device response: <KeyPress from None: t=69.4965475420031, value=right, duration=0.1322499169909861>
70.0033 	INFO 	Keyboard events cleared
70.0032 	EXP 	grating: autoDraw = True
70.0071 	EXP 	fixation: autoDraw = False
70.2904 	EXP 	grating: autoDraw = False
70.4878 	EXP 	Device response: <KeyPress from None: t=70.4845271249942, value=right, duration=None>
70.4935 	DATA 	Keypress: right
70.4965 	EXP 	fixation: autoDraw = False
70.4965 	EXP 	grating: autoDraw = False
70.4965 	EXP 	grating: ori = np.float64(1.0)
70.4965 	EXP 	fixation: autoDraw = True
70.6381 	EXP 	Device response: <KeyPress from None: t=70.4845271249942, value=right, duration=0.14433845900930464>
70.9864 	INFO 	Keyboard events cleared
70.9862 	EXP 	grating: autoDraw = True
70.9900 	EXP 	fixation: autoDraw = False
71.2734 	EXP 	grating: autoDraw = False
71.5050 	EXP 	Device response: <KeyPress from None: t=71.49048304199823, value=right, duration=None>
71.5106 	DATA 	Keypress: right
71.5134 	EXP 	fixation: autoDraw = False
71.5134 	EXP 	grating: autoDraw = False
71.5134 	EXP 	grating: ori = np.float64(1.0)
71.5134 	EXP 	fixation: autoDraw = True
71.6381 	EXP 	Device response: <KeyPress from None: t=71.49048304199823, value=right, duration=0.13640166699769907>
72.0031 	INFO 	Keyboard events cleared
72.0029 	EXP 	grating: autoDraw = True
72.0072 	EXP 	fixation: autoDraw = False
72.2896 	EXP 	grating: autoDraw = False
72.4382 	EXP 	Device response: <KeyPress from None: t=72.42953345899878, value=right, duration=None>
72.4438 	DATA 	Keypress: right
72.4464 	EXP 	fixation: autoDraw = False
72.4464 	EXP 	grating: autoDraw = False
72.4464 	EXP 	grating: ori = np.float64(-1.0)
72.4464 	EXP 	fixation: autoDraw = True
72.5544 	EXP 	Device response: <KeyPress from None: t=72.42953345899878, value=right, duration=0.11234595799760427>
72.9363 	INFO 	Keyboard events cleared
72.9362 	EXP 	grating: autoDraw = True
72.9394 	EXP 	fixation: autoDraw = False
73.2232 	EXP 	grating: autoDraw = False
73.4709 	EXP 	Device response: <KeyPress from None: t=73.46547929199005, value=left, duration=None>
73.4751 	DATA 	Keypress: left
73.4779 	EXP 	fixation: autoDraw = False
73.4779 	EXP 	grating: autoDraw = False
73.4779 	EXP 	grating: ori = np.float64(-1.0)
73.4779 	EXP 	fixation: autoDraw = True
73.5876 	EXP 	Device response: <KeyPress from None: t=73.46547929199005, value=left, duration=0.12035104200185742>
73.9697 	INFO 	Keyboard events cleared
73.9695 	EXP 	grating: autoDraw = True
73.9732 	EXP 	fixation: autoDraw = False
74.2568 	EXP 	grating: autoDraw = False
74.4213 	EXP 	Device response: <KeyPress from None: t=74.4175013339991, value=left, duration=None>
74.4259 	DATA 	Keypress: left
74.4288 	EXP 	fixation: autoDraw = False
74.4288 	EXP 	grating: autoDraw = False
74.4288 	EXP 	grating: ori = np.float64(1.0)
74.4288 	EXP 	fixation: autoDraw = True
74.5376 	EXP 	Device response: <KeyPress from None: t=74.4175013339991, value=left, duration=0.1082485410006484>
74.9200 	INFO 	Keyboard events cleared
74.9197 	EXP 	grating: autoDraw = True
74.9243 	EXP 	fixation: autoDraw = False
75.2070 	EXP 	grating: autoDraw = False
75.5544 	EXP 	Device response: <KeyPress from None: t=75.54860229199403, value=right, duration=None>
75.5591 	DATA 	Keypress: right
75.5619 	EXP 	fixation: autoDraw = False
75.5619 	EXP 	grating: autoDraw = False
75.5619 	EXP 	grating: ori = np.float64(-1.0)
75.5619 	EXP 	fixation: autoDraw = True
75.6710 	EXP 	Device response: <KeyPress from None: t=75.54860229199403, value=right, duration=0.11627312500786502>
76.0532 	INFO 	Keyboard events cleared
76.0530 	EXP 	grating: autoDraw = True
76.0578 	EXP 	fixation: autoDraw = False
76.3396 	EXP 	grating: autoDraw = False
76.6216 	EXP 	Device response: <KeyPress from None: t=76.6174926669919, value=left, duration=None>
76.6268 	DATA 	Keypress: left
76.6296 	EXP 	fixation: autoDraw = False
76.6296 	EXP 	grating: autoDraw = False
76.6296 	EXP 	grating: ori = np.float64(-1.0)
76.6296 	EXP 	fixation: autoDraw = True
76.7407 	EXP 	Device response: <KeyPress from None: t=76.6174926669919, value=left, duration=0.12027908299933188>
77.1197 	INFO 	Keyboard events cleared
77.1195 	EXP 	grating: autoDraw = True
77.1233 	EXP 	fixation: autoDraw = False
77.4065 	EXP 	grating: autoDraw = False
77.6377 	EXP 	Device response: <KeyPress from None: t=77.62441366699932, value=left, duration=None>
77.6421 	DATA 	Keypress: left
77.6449 	EXP 	fixation: autoDraw = False
77.6449 	EXP 	grating: autoDraw = False
77.6449 	EXP 	grating: ori = np.float64(1.0)
77.6449 	EXP 	fixation: autoDraw = True
77.7576 	EXP 	Device response: <KeyPress from None: t=77.62441366699932, value=left, duration=0.13225441699614748>
78.1364 	INFO 	Keyboard events cleared
78.1362 	EXP 	grating: autoDraw = True
78.1406 	EXP 	fixation: autoDraw = False
78.4226 	EXP 	grating: autoDraw = False
78.7210 	EXP 	Device response: <KeyPress from None: t=78.71239170899207, value=left, duration=None>
78.7256 	DATA 	Keypress: left
78.7286 	EXP 	fixation: autoDraw = False
78.7286 	EXP 	grating: autoDraw = False
78.7286 	EXP 	grating: ori = np.float64(-1.5)
78.7286 	EXP 	fixation: autoDraw = True
78.8043 	EXP 	Device response: <KeyPress from None: t=78.71239170899207, value=left, duration=0.08823845800361596>
78.8376 	EXP 	Device response: <KeyPress from None: t=78.82443033400341, value=right, duration=None>
78.8413 	DATA 	Keypress: right
78.9875 	EXP 	Device response: <KeyPress from None: t=78.82443033400341, value=right, duration=0.1562756659986917>
79.2199 	INFO 	Keyboard events cleared
79.2196 	EXP 	grating: autoDraw = True
79.2246 	EXP 	fixation: autoDraw = False
79.5065 	EXP 	grating: autoDraw = False
80.3243 	EXP 	Device response: <KeyPress from None: t=80.32236070900399, value=left, duration=None>
80.3283 	DATA 	Keypress: left
80.3362 	EXP 	fixation: autoDraw = False
80.3362 	EXP 	grating: autoDraw = False
80.3362 	EXP 	grating: ori = np.float64(-1.5)
80.3362 	EXP 	fixation: autoDraw = True
80.4208 	EXP 	Device response: <KeyPress from None: t=80.32236070900399, value=left, duration=0.0883379159931792>
80.8197 	INFO 	Keyboard events cleared
80.8196 	EXP 	grating: autoDraw = True
80.8233 	EXP 	fixation: autoDraw = False
81.1061 	EXP 	grating: autoDraw = False
81.3214 	EXP 	Device response: <KeyPress from None: t=81.31924695899943, value=left, duration=None>
81.3261 	DATA 	Keypress: left
81.3291 	EXP 	fixation: autoDraw = False
81.3291 	EXP 	grating: autoDraw = False
81.3291 	EXP 	grating: ori = np.float64(-1.5)
81.3291 	EXP 	fixation: autoDraw = True
81.4377 	EXP 	Device response: <KeyPress from None: t=81.31924695899943, value=left, duration=0.11645400000270456>
81.8196 	INFO 	Keyboard events cleared
81.8195 	EXP 	grating: autoDraw = True
81.8233 	EXP 	fixation: autoDraw = False
82.1073 	EXP 	grating: autoDraw = False
82.2878 	EXP 	Device response: <KeyPress from None: t=82.28435570899455, value=left, duration=None>
82.2928 	EXP 	fixation: autoDraw = False
82.2928 	EXP 	grating: autoDraw = False
82.2928 	EXP 	grating: ori = np.float64(1.0)
82.2928 	EXP 	fixation: autoDraw = True
82.2958 	DATA 	Keypress: left
82.4222 	EXP 	Device response: <KeyPress from None: t=82.28435570899455, value=left, duration=0.12833175000560004>
82.7863 	INFO 	Keyboard events cleared
82.7861 	EXP 	grating: autoDraw = True
82.7906 	EXP 	fixation: autoDraw = False
83.0737 	EXP 	grating: autoDraw = False
83.4069 	EXP 	Device response: <KeyPress from None: t=83.40429595900059, value=right, duration=None>
83.4110 	DATA 	Keypress: right
83.4196 	EXP 	fixation: autoDraw = False
83.4196 	EXP 	grating: autoDraw = False
83.4196 	EXP 	grating: ori = np.float64(-1.0)
83.4196 	EXP 	fixation: autoDraw = True
83.5209 	EXP 	Device response: <KeyPress from None: t=83.40429595900059, value=right, duration=0.11234549999062438>
83.9031 	INFO 	Keyboard events cleared
83.9029 	EXP 	grating: autoDraw = True
83.9062 	EXP 	fixation: autoDraw = False
84.1901 	EXP 	grating: autoDraw = False
84.6042 	EXP 	Device response: <KeyPress from None: t=84.59224349999567, value=right, duration=None>
84.6086 	DATA 	Keypress: right
84.6116 	EXP 	fixation: autoDraw = False
84.6116 	EXP 	grating: autoDraw = False
84.6116 	EXP 	grating: ori = np.float64(1.5)
84.6116 	EXP 	fixation: autoDraw = True
84.6876 	EXP 	Device response: <KeyPress from None: t=84.59224349999567, value=right, duration=0.08439091700711288>
85.1034 	INFO 	Keyboard events cleared
85.1032 	EXP 	grating: autoDraw = True
85.1108 	EXP 	fixation: autoDraw = False
85.3904 	EXP 	grating: autoDraw = False
85.8219 	EXP 	Device response: <KeyPress from None: t=85.81825808399299, value=right, duration=None>
85.8270 	EXP 	fixation: autoDraw = False
85.8270 	EXP 	grating: autoDraw = False
85.8270 	EXP 	grating: ori = np.float64(-1.5)
85.8270 	EXP 	fixation: autoDraw = True
85.8304 	DATA 	Keypress: right
85.9205 	EXP 	Device response: <KeyPress from None: t=85.81825808399299, value=right, duration=0.0923400410101749>
86.3198 	INFO 	Keyboard events cleared
86.3196 	EXP 	grating: autoDraw = True
86.3243 	EXP 	fixation: autoDraw = False
86.6065 	EXP 	grating: autoDraw = False
86.9709 	EXP 	Device response: <KeyPress from None: t=86.95723166699463, value=left, duration=None>
86.9752 	DATA 	Keypress: left
86.9781 	EXP 	fixation: autoDraw = False
86.9781 	EXP 	grating: autoDraw = False
86.9781 	EXP 	grating: ori = np.float64(-1.5)
86.9781 	EXP 	fixation: autoDraw = True
87.0709 	EXP 	Device response: <KeyPress from None: t=86.95723166699463, value=left, duration=0.10032774999854155>
87.4696 	INFO 	Keyboard events cleared
87.4694 	EXP 	grating: autoDraw = True
87.4735 	EXP 	fixation: autoDraw = False
87.7568 	EXP 	grating: autoDraw = False
88.1069 	EXP 	Device response: <KeyPress from None: t=88.10318179200112, value=left, duration=None>
88.1111 	DATA 	Keypress: left
88.1195 	EXP 	fixation: autoDraw = False
88.1195 	EXP 	grating: autoDraw = False
88.1195 	EXP 	grating: ori = np.float64(-1.0)
88.1195 	EXP 	fixation: autoDraw = True
88.2048 	EXP 	Device response: <KeyPress from None: t=88.10318179200112, value=left, duration=0.09227779199136421>
88.6031 	INFO 	Keyboard events cleared
88.6029 	EXP 	grating: autoDraw = True
88.6076 	EXP 	fixation: autoDraw = False
88.8898 	EXP 	grating: autoDraw = False
89.1876 	EXP 	Device response: <KeyPress from None: t=89.18614125000022, value=left, duration=None>
89.1921 	DATA 	Keypress: left
89.1950 	EXP 	fixation: autoDraw = False
89.1950 	EXP 	grating: autoDraw = False
89.1950 	EXP 	grating: ori = np.float64(-1.0)
89.1950 	EXP 	fixation: autoDraw = True
89.3210 	EXP 	Device response: <KeyPress from None: t=89.18614125000022, value=left, duration=0.12031191699497867>
89.6862 	INFO 	Keyboard events cleared
89.6861 	EXP 	grating: autoDraw = True
89.6902 	EXP 	fixation: autoDraw = False
89.9723 	EXP 	grating: autoDraw = False
90.2210 	EXP 	Device response: <KeyPress from None: t=90.20821054199769, value=left, duration=None>
90.2258 	DATA 	Keypress: left
90.2287 	EXP 	fixation: autoDraw = False
90.2287 	EXP 	grating: autoDraw = False
90.2287 	EXP 	grating: ori = np.float64(-1.0)
90.2287 	EXP 	fixation: autoDraw = True
90.3214 	EXP 	Device response: <KeyPress from None: t=90.20821054199769, value=left, duration=0.1085934169968823>
90.7195 	INFO 	Keyboard events cleared
90.7193 	EXP 	grating: autoDraw = True
90.7226 	EXP 	fixation: autoDraw = False
91.0061 	EXP 	grating: autoDraw = False
92.1209 	EXP 	Device response: <KeyPress from None: t=92.10701875000086, value=right, duration=None>
92.1257 	DATA 	Keypress: right
92.1286 	EXP 	fixation: autoDraw = False
92.1286 	EXP 	grating: autoDraw = False
92.1286 	EXP 	grating: ori = np.float64(1.5)
92.1286 	EXP 	fixation: autoDraw = True
92.2214 	EXP 	Device response: <KeyPress from None: t=92.10701875000086, value=right, duration=0.10031562499352731>
92.6197 	INFO 	Keyboard events cleared
92.6195 	EXP 	grating: autoDraw = True
92.6245 	EXP 	fixation: autoDraw = False
92.9064 	EXP 	grating: autoDraw = False
93.3377 	EXP 	Device response: <KeyPress from None: t=93.33004787500249, value=right, duration=None>
93.3426 	DATA 	Keypress: right
93.3454 	EXP 	fixation: autoDraw = False
93.3454 	EXP 	grating: autoDraw = False
93.3454 	EXP 	grating: ori = np.float64(1.5)
93.3454 	EXP 	fixation: autoDraw = True
93.4042 	EXP 	Device response: <KeyPress from None: t=93.33004787500249, value=right, duration=0.07231362498714589>
93.8363 	INFO 	Keyboard events cleared
93.8360 	EXP 	grating: autoDraw = True
93.8406 	EXP 	fixation: autoDraw = False
94.1225 	EXP 	grating: autoDraw = False
95.1874 	EXP 	Device response: <KeyPress from None: t=95.17711620900081, value=right, duration=None>
95.1921 	DATA 	Keypress: right
95.1949 	EXP 	fixation: autoDraw = False
95.1949 	EXP 	grating: autoDraw = False
95.1949 	EXP 	grating: ori = np.float64(-1.5)
95.1949 	EXP 	fixation: autoDraw = True
95.3042 	EXP 	Device response: <KeyPress from None: t=95.17711620900081, value=right, duration=0.12426979099109303>
95.6862 	INFO 	Keyboard events cleared
95.6860 	EXP 	grating: autoDraw = True
95.6903 	EXP 	fixation: autoDraw = False
95.9730 	EXP 	grating: autoDraw = False
96.4905 	EXP 	Device response: <KeyPress from None: t=96.48687641699507, value=left, duration=None>
96.4946 	DATA 	Keypress: left
96.5027 	EXP 	fixation: autoDraw = False
96.5027 	EXP 	grating: autoDraw = False
96.5027 	EXP 	grating: ori = np.float64(-1.0)
96.5027 	EXP 	fixation: autoDraw = True
96.6042 	EXP 	Device response: <KeyPress from None: t=96.48687641699507, value=left, duration=0.11251529199944343>
96.9907 	INFO 	Keyboard events cleared
96.9905 	EXP 	fixation: autoDraw = False
96.9905 	EXP 	grating: autoDraw = True
97.2894 	EXP 	grating: autoDraw = False
97.8068 	EXP 	Device response: <KeyPress from None: t=97.80493637500331, value=left, duration=None>
97.8111 	DATA 	Keypress: left
97.8194 	EXP 	fixation: autoDraw = False
97.8194 	EXP 	grating: autoDraw = False
97.8194 	EXP 	grating: ori = np.float64(1.0)
97.8194 	EXP 	fixation: autoDraw = True
97.9077 	EXP 	Device response: <KeyPress from None: t=97.80493637500331, value=left, duration=0.100348916996154>
98.3029 	INFO 	Keyboard events cleared
98.3027 	EXP 	grating: autoDraw = True
98.3063 	EXP 	fixation: autoDraw = False
98.5895 	EXP 	grating: autoDraw = False
98.9876 	EXP 	Device response: <KeyPress from None: t=98.97596716700355, value=right, duration=None>
98.9923 	DATA 	Keypress: right
98.9951 	EXP 	fixation: autoDraw = False
98.9951 	EXP 	grating: autoDraw = False
98.9951 	EXP 	grating: ori = np.float64(1.0)
98.9951 	EXP 	fixation: autoDraw = True
99.1208 	EXP 	Device response: <KeyPress from None: t=98.97596716700355, value=right, duration=0.1322417079936713>
99.4861 	INFO 	Keyboard events cleared
99.4860 	EXP 	grating: autoDraw = True
99.4901 	EXP 	fixation: autoDraw = False
99.7730 	EXP 	grating: autoDraw = False
100.5212 	EXP 	Device response: <KeyPress from None: t=100.50887483399129, value=right, duration=None>
100.5265 	DATA 	Keypress: right
100.5293 	EXP 	fixation: autoDraw = False
100.5293 	EXP 	grating: autoDraw = False
100.5293 	EXP 	grating: ori = np.float64(1.0)
100.5293 	EXP 	fixation: autoDraw = True
100.6379 	EXP 	Device response: <KeyPress from None: t=100.50887483399129, value=right, duration=0.12036962500133086>
101.0194 	INFO 	Keyboard events cleared
101.0193 	EXP 	grating: autoDraw = True
101.0231 	EXP 	fixation: autoDraw = False
101.3062 	EXP 	grating: autoDraw = False
101.7878 	EXP 	Device response: <KeyPress from None: t=101.77988383399497, value=right, duration=None>
101.7922 	DATA 	Keypress: right
101.7950 	EXP 	fixation: autoDraw = False
101.7950 	EXP 	grating: autoDraw = False
101.7950 	EXP 	grating: ori = np.float64(1.0)
101.7950 	EXP 	fixation: autoDraw = True
101.9541 	EXP 	Device response: <KeyPress from None: t=101.77988383399497, value=right, duration=0.16839691600762308>
102.2859 	INFO 	Keyboard events cleared
102.2858 	EXP 	grating: autoDraw = True
102.2893 	EXP 	fixation: autoDraw = False
102.5725 	EXP 	grating: autoDraw = False
102.9583 	EXP 	Device response: <KeyPress from None: t=102.95389508399239, value=right, duration=None>
102.9636 	DATA 	Keypress: right
102.9691 	EXP 	fixation: autoDraw = False
102.9691 	EXP 	grating: autoDraw = False
102.9691 	EXP 	grating: ori = np.float64(1.0)
102.9691 	EXP 	fixation: autoDraw = True
103.1040 	EXP 	Device response: <KeyPress from None: t=102.95389508399239, value=right, duration=0.1442260830081068>
103.4575 	INFO 	Keyboard events cleared
103.4574 	EXP 	fixation: autoDraw = False
103.4574 	EXP 	grating: autoDraw = True
103.7567 	EXP 	grating: autoDraw = False
104.0412 	EXP 	Device response: <KeyPress from None: t=104.03973812499316, value=right, duration=None>
104.0453 	DATA 	Keypress: right
104.0527 	EXP 	fixation: autoDraw = False
104.0527 	EXP 	grating: autoDraw = False
104.0527 	EXP 	grating: ori = np.float64(1.0)
104.0527 	EXP 	fixation: autoDraw = True
104.2046 	EXP 	Device response: <KeyPress from None: t=104.03973812499316, value=right, duration=0.15646687500702683>
104.5410 	INFO 	Keyboard events cleared
104.5409 	EXP 	fixation: autoDraw = False
104.5409 	EXP 	grating: autoDraw = True
104.8360 	EXP 	grating: autoDraw = False
105.1542 	EXP 	Device response: <KeyPress from None: t=105.14286141699995, value=right, duration=None>
105.1589 	DATA 	Keypress: right
105.1618 	EXP 	fixation: autoDraw = False
105.1618 	EXP 	grating: autoDraw = False
105.1618 	EXP 	grating: ori = np.float64(1.0)
105.1618 	EXP 	fixation: autoDraw = True
105.2917 	EXP 	Device response: <KeyPress from None: t=105.14286141699995, value=right, duration=0.14427562500350177>
105.6528 	INFO 	Keyboard events cleared
105.6527 	EXP 	grating: autoDraw = True
105.6565 	EXP 	fixation: autoDraw = False
105.9391 	EXP 	grating: autoDraw = False
106.1735 	EXP 	Device response: <KeyPress from None: t=106.17194008399383, value=right, duration=None>
106.1775 	DATA 	Keypress: right
106.1861 	EXP 	fixation: autoDraw = False
106.1861 	EXP 	grating: autoDraw = False
106.1861 	EXP 	grating: ori = np.float64(1.0)
106.1861 	EXP 	fixation: autoDraw = True
106.3380 	EXP 	Device response: <KeyPress from None: t=106.17194008399383, value=right, duration=0.15625650000583846>
106.6694 	INFO 	Keyboard events cleared
106.6692 	EXP 	grating: autoDraw = True
106.6732 	EXP 	fixation: autoDraw = False
106.9566 	EXP 	grating: autoDraw = False
107.2205 	EXP 	Device response: <KeyPress from None: t=107.21873737499118, value=right, duration=None>
107.2255 	DATA 	Keypress: right
107.2283 	EXP 	fixation: autoDraw = False
107.2283 	EXP 	grating: autoDraw = False
107.2283 	EXP 	grating: ori = np.float64(-1.0)
107.2283 	EXP 	fixation: autoDraw = True
107.3375 	EXP 	Device response: <KeyPress from None: t=107.21873737499118, value=right, duration=0.11234837501251604>
107.7196 	INFO 	Keyboard events cleared
107.7194 	EXP 	grating: autoDraw = True
107.7241 	EXP 	fixation: autoDraw = False
108.0067 	EXP 	grating: autoDraw = False
108.3541 	EXP 	Device response: <KeyPress from None: t=108.35274995899817, value=right, duration=None>
108.3586 	DATA 	Keypress: right
108.3615 	EXP 	fixation: autoDraw = False
108.3615 	EXP 	grating: autoDraw = False
108.3615 	EXP 	grating: ori = np.float64(-1.5)
108.3615 	EXP 	fixation: autoDraw = True
108.5205 	EXP 	Device response: <KeyPress from None: t=108.35274995899817, value=right, duration=0.15616095799487084>
108.8527 	INFO 	Keyboard events cleared
108.8526 	EXP 	grating: autoDraw = True
108.8562 	EXP 	fixation: autoDraw = False
109.1402 	EXP 	grating: autoDraw = False
109.4872 	EXP 	Device response: <KeyPress from None: t=109.48173233399575, value=left, duration=None>
109.4922 	DATA 	Keypress: left
109.4950 	EXP 	fixation: autoDraw = False
109.4950 	EXP 	grating: autoDraw = False
109.4950 	EXP 	grating: ori = np.float64(-1.5)
109.4950 	EXP 	fixation: autoDraw = True
109.5878 	EXP 	Device response: <KeyPress from None: t=109.48173233399575, value=left, duration=0.1043435000028694>
109.9860 	INFO 	Keyboard events cleared
109.9858 	EXP 	grating: autoDraw = True
109.9899 	EXP 	fixation: autoDraw = False
110.2731 	EXP 	grating: autoDraw = False
110.6212 	EXP 	Device response: <KeyPress from None: t=110.6117138749978, value=left, duration=None>
110.6264 	DATA 	Keypress: left
110.6293 	EXP 	fixation: autoDraw = False
110.6293 	EXP 	grating: autoDraw = False
110.6293 	EXP 	grating: ori = np.float64(-1.5)
110.6293 	EXP 	fixation: autoDraw = True
110.7212 	EXP 	Device response: <KeyPress from None: t=110.6117138749978, value=left, duration=0.10124416700273287>
111.1194 	INFO 	Keyboard events cleared
111.1192 	EXP 	grating: autoDraw = True
111.1231 	EXP 	fixation: autoDraw = False
111.4062 	EXP 	grating: autoDraw = False
111.8212 	EXP 	Device response: <KeyPress from None: t=111.80960595900251, value=left, duration=None>
111.8265 	DATA 	Keypress: left
111.8292 	EXP 	fixation: autoDraw = False
111.8292 	EXP 	grating: autoDraw = False
111.8292 	EXP 	grating: ori = np.float64(-1.0)
111.8292 	EXP 	fixation: autoDraw = True
111.9205 	EXP 	Device response: <KeyPress from None: t=111.80960595900251, value=left, duration=0.10836770798778161>
112.3193 	INFO 	Keyboard events cleared
112.3192 	EXP 	grating: autoDraw = True
112.3227 	EXP 	fixation: autoDraw = False
112.6056 	EXP 	grating: autoDraw = False
112.9898 	EXP 	Device response: <KeyPress from None: t=112.98765149999235, value=left, duration=None>
112.9939 	DATA 	Keypress: left
113.0025 	EXP 	fixation: autoDraw = False
113.0025 	EXP 	grating: autoDraw = False
113.0025 	EXP 	grating: ori = np.float64(-1.0)
113.0025 	EXP 	fixation: autoDraw = True
113.1045 	EXP 	Device response: <KeyPress from None: t=112.98765149999235, value=left, duration=0.108372041999246>
113.4860 	INFO 	Keyboard events cleared
113.4858 	EXP 	grating: autoDraw = True
113.4905 	EXP 	fixation: autoDraw = False
113.7733 	EXP 	grating: autoDraw = False
114.2411 	EXP 	Device response: <KeyPress from None: t=114.23762829200132, value=left, duration=None>
114.2445 	DATA 	Keypress: left
114.2527 	EXP 	fixation: autoDraw = False
114.2527 	EXP 	grating: autoDraw = False
114.2528 	EXP 	adaptive_staircase: status = STOPPED
114.2797 	INFO 	saved data to '/Users/vineesmacbook/Desktop/PsychoPy/data/711727_adaptive_staircase_2025-09-02_11h25.38.848.csv'
114.2823 	INFO 	saved data to /Users/vineesmacbook/Desktop/PsychoPy/data/711727_adaptive_staircase_2025-09-02_11h25.38.848.psydat
114.2849 	WARNING 	t of last frame was 32.27ms (=1/30)
114.4055 	WARNING 	Stopping key buffers but this could be dangerous ifother keyboards rely on the same.
114.4056 	WARNING 	Stopping key buffers but this could be dangerous ifother keyboards rely on the same.
