28.0458 	INFO 	Loaded monitor calibration from ['2025_08_12 08:00']
28.2312 	INFO 	Using renderer 'Apple M2' for graphics
28.2313 	INFO 	OpenGL version supported by driver is 2..
28.2531 	EXP 	Created window1 = Window(allowGUI=True, allowStencil=True, autoLog=True, backendConf=UNKNOWN, backgroundFit=<method-wrapper '__getattribute__' of attributeSetter object at 0x14e50e830>, backgroundImage=<method-wrapper '__getattribute__' of attributeSetter object at 0x14e50e890>, bitsMode=UNKNOWN, blendMode='avg', bpc=(8, 8, 8), color=array([0, 0, 0]), colorSpace='rgb', depthBits=8, fullscr=False, gamma=None, gammaErrorPolicy='raise', infoMsg=UNKNOWN, lms=UNKNOWN, monitor=<psychopy.monitors.calibTools.Monitor object at 0x14e674580>, multiSample=False, name='window1', numSamples=2, pos=[np.float64(135.0), np.float64(78.0)], screen=0, size=array([2400, 1600]), stencilBits=8, stereo=False, title='PsychoPy', units='height', useFBO=True, useRetina=True, viewOri=0.0, viewPos=None, viewScale=None, waitBlanking=True, winType='pyglet')
28.2532 	EXP 	window1: backgroundImage = ''
28.2532 	EXP 	window1: backgroundFit = 'none'
28.7877 	EXP 	window1: Attempting to measure frame rate of screen (0) ...
28.7877 	EXP 	window1: recordFrameIntervals = False
28.9471 	EXP 	window1: recordFrameIntervals = True
29.7801 	WARNING 	Couldn't measure a consistent frame rate!
  - Is your graphics card set to sync to vertical blank?
  - Are you running other processes on your computer?

30.7209 	INFO 	keyboard.Keyboard is using ptb backend.
30.7210 	EXP 	Word Priming Experiment: status = STARTED
30.7305 	EXP 	Created StudyText = TextStim(__class__=<class 'psychopy.visual.text.TextStim'>, alignHoriz=method-wrapper(...), alignText='center', alignVert=method-wrapper(...), anchorHoriz='center', anchorVert='center', antialias=True, autoDraw=False, autoLog=True, bold=False, color=array([1., 1., 1.]), colorSpace='rgb', contrast=1.0, depth=0.0, draggable=False, flipHoriz=False, flipVert=False, font='Arial', fontFiles=[], height=0.05, italic=False, languageStyle='LTR', name='StudyText', opacity=1, ori=0.0, pos=array([0., 0.]), rgb=UNKNOWN, text='', units='height', win=Window(...), wrapWidth=1)
30.8682 	EXP 	Created slider = Slider(__class__=<class 'psychopy.visual.slider.Slider'>, autoDraw=False, autoLog=True, borderColor=None, color=None, colorSpace='rgb', depth=-1, fillColor=None, flip=False, font='Noto Sans', granularity=0.0, labelColor=None, labelHeight=np.float64(0.05), labelWrapWidth=None, labels=['Familiar', 'Unfamiliar'], lineColor=None, markerColor=None, name='slider', opacity=None, ori=0.0, pos=array([ 0. , -0.3]), readOnly=False, self=UNKNOWN, size=array([1. , 0.1]), startValue=None, style='rating', styleTweaks=[], ticks=array([1, 2, 3, 4, 5]), units='height', win=Window(...))
30.8691 	EXP 	Created TestText = TextStim(__class__=<class 'psychopy.visual.text.TextStim'>, alignHoriz=method-wrapper(...), alignText='center', alignVert=method-wrapper(...), anchorHoriz='center', anchorVert='center', antialias=True, autoDraw=False, autoLog=True, bold=False, color=array([1., 1., 1.]), colorSpace='rgb', contrast=1.0, depth=0.0, draggable=False, flipHoriz=False, flipVert=False, font='Arial', fontFiles=[], height=0.05, italic=False, languageStyle='LTR', name='TestText', opacity=1, ori=0.0, pos=array([0. , 0.3]), rgb=UNKNOWN, text='', units='height', win=Window(...), wrapWidth=1)
30.9251 	EXP 	Created submit_text = TextStim(__class__=<class 'psychopy.visual.text.TextStim'>, alignHoriz=method-wrapper(...), alignText='center', alignVert=method-wrapper(...), anchorHoriz='center', anchorVert='center', antialias=True, autoDraw=False, autoLog=True, bold=False, color=array([1., 1., 1.]), colorSpace='rgb', contrast=1.0, depth=-2.0, draggable=False, flipHoriz=False, flipVert=False, font='Arial', fontFiles=[], height=np.float64(0.05), italic=False, languageStyle='LTR', name='submit_text', opacity=1, ori=0.0, pos=array([ 0. , -0.3]), rgb=UNKNOWN, text='Click to Submit', units='height', win=Window(...), wrapWidth=1)
0.0032 	EXP 	slider: autoLog = True
0.0032 	EXP 	slider: styleTweaks = []
0.0032 	EXP 	slider: styleTweaks = []
0.0032 	EXP 	slider: styleTweaks = []
0.0032 	EXP 	slider: styleTweaks = []
0.0032 	EXP 	slider: contrast = 1.0
0.0032 	EXP 	slider: markerPos = None
0.0032 	EXP 	slider: autoLog = True
0.0032 	EXP 	test_textbox: autoLog = True
0.0094 	EXP 	Imported /Users/vineesmacbook/Desktop/PsychoPy/Word Priming/study_conditions - Sheet1.csv as conditions, 15 conditions, 1 params
0.0101 	EXP 	New trial (rep=0, index=0): <Trial 0 (0 in rep 0) data={'Study_word': 'cushion', 'thisN': 0, 'thisTrialN': 0, 'thisRepN': 0}>
0.0269 	WARNING 	t of last frame was 23.71ms (=1/42)
0.0269 	EXP 	StudyText: height = np.float64(0.05)
0.0269 	EXP 	StudyText: height = np.float64(0.05)
0.0269 	EXP 	StudyText: height = np.float64(0.05)
0.0269 	EXP 	StudyText: text = 'cushion'
0.0269 	EXP 	slider: markerPos = None
0.0269 	EXP 	slider: markerPos = None
0.0269 	EXP 	StudyText: autoDraw = True
0.0269 	EXP 	slider: autoDraw = True
2.4283 	DATA 	Mouse: Left button down, pos=(400,169)
2.4368 	EXP 	slider: markerPos = np.float64(2.0)
2.4431 	EXP 	slider: markerPos = np.float64(2.0)
2.4544 	EXP 	slider: markerPos = np.float64(2.0)
2.4611 	EXP 	slider: markerPos = np.float64(2.0)
2.4711 	EXP 	slider: markerPos = np.float64(2.0)
2.4779 	EXP 	slider: markerPos = np.float64(2.0)
2.4877 	EXP 	slider: markerPos = np.float64(2.0)
2.4945 	EXP 	slider: markerPos = np.float64(2.0)
2.5041 	EXP 	slider: markerPos = np.float64(2.0)
2.5107 	EXP 	slider: markerPos = np.float64(2.0)
2.5207 	EXP 	slider: markerPos = np.float64(2.0)
2.5270 	EXP 	slider: markerPos = np.float64(2.0)
2.5374 	EXP 	slider: markerPos = np.float64(2.0)
2.5439 	EXP 	slider: markerPos = np.float64(2.0)
2.5537 	EXP 	slider: markerPos = np.float64(2.0)
2.5602 	EXP 	slider: markerPos = np.float64(2.0)
2.5707 	EXP 	slider: markerPos = np.float64(2.0)
2.5770 	EXP 	slider: markerPos = np.float64(2.0)
2.5871 	EXP 	slider: markerPos = np.float64(2.0)
2.5934 	EXP 	slider: markerPos = np.float64(2.0)
2.6037 	EXP 	slider: markerPos = np.float64(2.0)
2.6099 	EXP 	slider: markerPos = np.float64(2.0)
2.6205 	EXP 	slider: markerPos = np.float64(2.0)
2.6267 	EXP 	slider: markerPos = np.float64(2.0)
2.6371 	EXP 	slider: markerPos = np.float64(2.0)
2.6433 	EXP 	slider: markerPos = np.float64(2.0)
2.6474 	DATA 	Mouse:  Left button up, pos=(400,169)
2.6538 	EXP 	slider: markerPos = np.float64(2.0)
2.6599 	EXP 	slider: markerPos = np.float64(2.0)
2.6604 	EXP 	New trial (rep=0, index=1): <Trial 1 (1 in rep 0) data={'Study_word': 'phone ', 'thisN': 1, 'thisTrialN': 1, 'thisRepN': 0}>
2.6700 	EXP 	StudyText: autoDraw = False
2.6700 	EXP 	slider: autoDraw = False
2.6700 	EXP 	StudyText: height = np.float64(0.05)
2.6700 	EXP 	StudyText: height = np.float64(0.05)
2.6700 	EXP 	StudyText: height = np.float64(0.05)
2.6700 	EXP 	StudyText: text = 'phone '
2.6700 	EXP 	slider: markerPos = None
2.6700 	EXP 	slider: markerPos = None
2.6700 	EXP 	StudyText: autoDraw = True
2.6700 	EXP 	slider: autoDraw = True
4.4938 	DATA 	Mouse: Left button down, pos=(198,157)
4.5046 	EXP 	slider: markerPos = np.float64(0.9900000000000002)
4.5116 	EXP 	slider: markerPos = np.float64(0.9900000000000002)
4.5202 	EXP 	slider: markerPos = np.float64(0.9900000000000002)
4.5270 	EXP 	slider: markerPos = np.float64(0.9900000000000002)
4.5379 	EXP 	slider: markerPos = np.float64(0.9900000000000002)
4.5449 	EXP 	slider: markerPos = np.float64(0.9900000000000002)
4.5540 	EXP 	slider: markerPos = np.float64(0.9900000000000002)
4.5606 	EXP 	slider: markerPos = np.float64(0.9900000000000002)
4.5713 	EXP 	slider: markerPos = np.float64(0.9900000000000002)
4.5782 	EXP 	slider: markerPos = np.float64(0.9900000000000002)
4.5873 	EXP 	slider: markerPos = np.float64(0.9900000000000002)
4.5944 	EXP 	slider: markerPos = np.float64(0.9900000000000002)
4.6045 	EXP 	slider: markerPos = np.float64(0.9900000000000002)
4.6114 	EXP 	slider: markerPos = np.float64(0.9900000000000002)
4.6208 	EXP 	slider: markerPos = np.float64(0.9900000000000002)
4.6274 	EXP 	slider: markerPos = np.float64(0.9900000000000002)
4.6378 	EXP 	slider: markerPos = np.float64(0.9900000000000002)
4.6445 	EXP 	slider: markerPos = np.float64(0.9900000000000002)
4.6540 	EXP 	slider: markerPos = np.float64(0.9900000000000002)
4.6608 	EXP 	slider: markerPos = np.float64(0.9900000000000002)
4.6708 	EXP 	slider: markerPos = np.float64(0.9900000000000002)
4.6772 	EXP 	slider: markerPos = np.float64(0.9900000000000002)
4.6874 	EXP 	slider: markerPos = np.float64(0.9900000000000002)
4.6913 	DATA 	Mouse:  Left button up, pos=(198,157)
4.6941 	EXP 	slider: markerPos = np.float64(0.9900000000000002)
4.7044 	EXP 	slider: markerPos = np.int64(1)
4.7048 	EXP 	New trial (rep=0, index=2): <Trial 2 (2 in rep 0) data={'Study_word': 'case', 'thisN': 2, 'thisTrialN': 2, 'thisRepN': 0}>
4.7139 	EXP 	StudyText: autoDraw = False
4.7139 	EXP 	slider: autoDraw = False
4.7139 	EXP 	StudyText: height = np.float64(0.05)
4.7139 	EXP 	StudyText: height = np.float64(0.05)
4.7139 	EXP 	StudyText: height = np.float64(0.05)
4.7139 	EXP 	StudyText: text = 'case'
4.7139 	EXP 	slider: markerPos = None
4.7139 	EXP 	slider: markerPos = None
4.7139 	EXP 	StudyText: autoDraw = True
4.7139 	EXP 	slider: autoDraw = True
6.4609 	DATA 	Mouse: Left button down, pos=(204,160)
6.4708 	EXP 	slider: markerPos = np.float64(1.02)
6.4779 	EXP 	slider: markerPos = np.float64(1.02)
6.4868 	EXP 	slider: markerPos = np.float64(1.02)
6.4932 	EXP 	slider: markerPos = np.float64(1.02)
6.5044 	EXP 	slider: markerPos = np.float64(1.02)
6.5112 	EXP 	slider: markerPos = np.float64(1.02)
6.5208 	EXP 	slider: markerPos = np.float64(1.02)
6.5276 	EXP 	slider: markerPos = np.float64(1.02)
6.5379 	EXP 	slider: markerPos = np.float64(1.02)
6.5447 	EXP 	slider: markerPos = np.float64(1.02)
6.5542 	EXP 	slider: markerPos = np.float64(1.02)
6.5610 	EXP 	slider: markerPos = np.float64(1.02)
6.5710 	EXP 	slider: markerPos = np.float64(1.02)
6.5778 	EXP 	slider: markerPos = np.float64(1.02)
6.5873 	EXP 	slider: markerPos = np.float64(1.02)
6.5938 	EXP 	slider: markerPos = np.float64(1.02)
6.6041 	EXP 	slider: markerPos = np.float64(1.02)
6.6108 	EXP 	slider: markerPos = np.float64(1.02)
6.6210 	EXP 	slider: markerPos = np.float64(1.02)
6.6275 	EXP 	slider: markerPos = np.float64(1.02)
6.6373 	EXP 	slider: markerPos = np.float64(1.02)
6.6438 	EXP 	slider: markerPos = np.float64(1.02)
6.6541 	EXP 	slider: markerPos = np.float64(1.02)
6.6606 	EXP 	slider: markerPos = np.float64(1.02)
6.6707 	EXP 	slider: markerPos = np.float64(1.02)
6.6712 	DATA 	Mouse:  Left button up, pos=(204,160)
6.6772 	EXP 	slider: markerPos = np.float64(1.02)
6.6777 	EXP 	New trial (rep=0, index=3): <Trial 3 (3 in rep 0) data={'Study_word': 'mouse', 'thisN': 3, 'thisTrialN': 3, 'thisRepN': 0}>
6.6867 	EXP 	StudyText: autoDraw = False
6.6867 	EXP 	slider: autoDraw = False
6.6867 	EXP 	StudyText: height = np.float64(0.05)
6.6867 	EXP 	StudyText: height = np.float64(0.05)
6.6867 	EXP 	StudyText: height = np.float64(0.05)
6.6867 	EXP 	StudyText: text = 'mouse'
6.6867 	EXP 	slider: markerPos = None
6.6867 	EXP 	slider: markerPos = None
6.6867 	EXP 	StudyText: autoDraw = True
6.6867 	EXP 	slider: autoDraw = True
7.8436 	DATA 	Mouse: Left button down, pos=(196,160)
7.8545 	EXP 	slider: markerPos = np.float64(0.98)
7.8614 	EXP 	slider: markerPos = np.float64(0.98)
7.8702 	EXP 	slider: markerPos = np.float64(0.98)
7.8771 	EXP 	slider: markerPos = np.float64(0.98)
7.8879 	EXP 	slider: markerPos = np.float64(0.98)
7.8949 	EXP 	slider: markerPos = np.float64(0.98)
7.9040 	EXP 	slider: markerPos = np.float64(0.98)
7.9108 	EXP 	slider: markerPos = np.float64(0.98)
7.9208 	EXP 	slider: markerPos = np.float64(0.98)
7.9279 	EXP 	slider: markerPos = np.float64(0.98)
7.9376 	EXP 	slider: markerPos = np.float64(0.98)
7.9443 	EXP 	slider: markerPos = np.float64(0.98)
7.9542 	EXP 	slider: markerPos = np.float64(0.98)
7.9611 	EXP 	slider: markerPos = np.float64(0.98)
7.9708 	EXP 	slider: markerPos = np.float64(0.98)
7.9777 	EXP 	slider: markerPos = np.float64(0.98)
7.9876 	EXP 	slider: markerPos = np.float64(0.98)
7.9944 	EXP 	slider: markerPos = np.float64(0.98)
8.0040 	EXP 	slider: markerPos = np.float64(0.98)
8.0107 	EXP 	slider: markerPos = np.float64(0.98)
8.0209 	EXP 	slider: markerPos = np.float64(0.98)
8.0276 	EXP 	slider: markerPos = np.float64(0.98)
8.0376 	EXP 	slider: markerPos = np.float64(0.98)
8.0416 	DATA 	Mouse:  Left button up, pos=(196,160)
8.0445 	EXP 	slider: markerPos = np.float64(0.98)
8.0538 	EXP 	slider: markerPos = np.int64(1)
8.0542 	EXP 	New trial (rep=0, index=4): <Trial 4 (4 in rep 0) data={'Study_word': 'cruise', 'thisN': 4, 'thisTrialN': 4, 'thisRepN': 0}>
8.0628 	EXP 	StudyText: autoDraw = False
8.0628 	EXP 	slider: autoDraw = False
8.0628 	EXP 	StudyText: height = np.float64(0.05)
8.0628 	EXP 	StudyText: height = np.float64(0.05)
8.0628 	EXP 	StudyText: height = np.float64(0.05)
8.0628 	EXP 	StudyText: text = 'cruise'
8.0628 	EXP 	slider: markerPos = None
8.0628 	EXP 	slider: markerPos = None
8.0628 	EXP 	StudyText: autoDraw = True
8.0628 	EXP 	slider: autoDraw = True
9.4438 	DATA 	Mouse: Left button down, pos=(397,164)
9.4546 	EXP 	slider: markerPos = np.float64(1.985)
9.4617 	EXP 	slider: markerPos = np.float64(1.985)
9.4700 	EXP 	slider: markerPos = np.float64(1.985)
9.4770 	EXP 	slider: markerPos = np.float64(1.985)
9.4879 	EXP 	slider: markerPos = np.float64(1.985)
9.4948 	EXP 	slider: markerPos = np.float64(1.985)
9.5035 	EXP 	slider: markerPos = np.float64(1.985)
9.5097 	EXP 	slider: markerPos = np.float64(1.985)
9.5209 	EXP 	slider: markerPos = np.float64(1.985)
9.5276 	EXP 	slider: markerPos = np.float64(1.985)
9.5377 	EXP 	slider: markerPos = np.float64(1.985)
9.5444 	EXP 	slider: markerPos = np.float64(1.985)
9.5546 	EXP 	slider: markerPos = np.float64(1.985)
9.5614 	EXP 	slider: markerPos = np.float64(1.985)
9.5706 	EXP 	slider: markerPos = np.float64(1.985)
9.5770 	EXP 	slider: markerPos = np.float64(1.985)
9.5873 	EXP 	slider: markerPos = np.float64(1.985)
9.5940 	EXP 	slider: markerPos = np.float64(1.985)
9.6040 	EXP 	slider: markerPos = np.float64(1.985)
9.6104 	EXP 	slider: markerPos = np.float64(1.985)
9.6207 	EXP 	slider: markerPos = np.float64(1.985)
9.6271 	EXP 	slider: markerPos = np.float64(1.985)
9.6376 	EXP 	slider: markerPos = np.float64(1.985)
9.6381 	DATA 	Mouse:  Left button up, pos=(397,164)
9.6442 	EXP 	slider: markerPos = np.float64(1.985)
9.6447 	EXP 	New trial (rep=0, index=5): <Trial 5 (5 in rep 0) data={'Study_word': 't-shirt', 'thisN': 5, 'thisTrialN': 5, 'thisRepN': 0}>
9.6535 	EXP 	StudyText: autoDraw = False
9.6535 	EXP 	slider: autoDraw = False
9.6535 	EXP 	StudyText: height = np.float64(0.05)
9.6535 	EXP 	StudyText: height = np.float64(0.05)
9.6535 	EXP 	StudyText: height = np.float64(0.05)
9.6535 	EXP 	StudyText: text = 't-shirt'
9.6535 	EXP 	slider: markerPos = None
9.6535 	EXP 	slider: markerPos = None
9.6535 	EXP 	StudyText: autoDraw = True
9.6535 	EXP 	slider: autoDraw = True
11.5218 	DATA 	Mouse: Left button down, pos=(197,159)
11.5290 	EXP 	slider: markerPos = np.float64(0.9849999999999999)
11.5367 	EXP 	slider: markerPos = np.float64(0.9849999999999999)
11.5438 	EXP 	slider: markerPos = np.float64(0.9849999999999999)
11.5545 	EXP 	slider: markerPos = np.float64(0.9849999999999999)
11.5615 	EXP 	slider: markerPos = np.float64(0.9849999999999999)
11.5706 	EXP 	slider: markerPos = np.float64(0.9849999999999999)
11.5774 	EXP 	slider: markerPos = np.float64(0.9849999999999999)
11.5872 	EXP 	slider: markerPos = np.float64(0.9849999999999999)
11.5942 	EXP 	slider: markerPos = np.float64(0.9849999999999999)
11.6042 	EXP 	slider: markerPos = np.float64(0.9849999999999999)
11.6108 	EXP 	slider: markerPos = np.float64(0.9849999999999999)
11.6212 	EXP 	slider: markerPos = np.float64(0.9849999999999999)
11.6282 	EXP 	slider: markerPos = np.float64(0.9849999999999999)
11.6372 	EXP 	slider: markerPos = np.float64(0.9849999999999999)
11.6436 	EXP 	slider: markerPos = np.float64(0.9849999999999999)
11.6538 	EXP 	slider: markerPos = np.float64(0.9849999999999999)
11.6600 	EXP 	slider: markerPos = np.float64(0.9849999999999999)
11.6706 	EXP 	slider: markerPos = np.float64(0.9849999999999999)
11.6770 	EXP 	slider: markerPos = np.float64(0.9849999999999999)
11.6873 	EXP 	slider: markerPos = np.float64(0.9849999999999999)
11.6938 	EXP 	slider: markerPos = np.float64(0.9849999999999999)
11.6943 	DATA 	Mouse:  Left button up, pos=(197,159)
11.7040 	EXP 	slider: markerPos = np.int64(1)
11.7044 	EXP 	New trial (rep=0, index=6): <Trial 6 (6 in rep 0) data={'Study_word': 'poster', 'thisN': 6, 'thisTrialN': 6, 'thisRepN': 0}>
11.7123 	EXP 	StudyText: autoDraw = False
11.7123 	EXP 	slider: autoDraw = False
11.7123 	EXP 	StudyText: height = np.float64(0.05)
11.7123 	EXP 	StudyText: height = np.float64(0.05)
11.7123 	EXP 	StudyText: height = np.float64(0.05)
11.7123 	EXP 	StudyText: text = 'poster'
11.7123 	EXP 	slider: markerPos = None
11.7123 	EXP 	slider: markerPos = None
11.7123 	EXP 	StudyText: autoDraw = True
11.7123 	EXP 	slider: autoDraw = True
13.0468 	DATA 	Mouse: Left button down, pos=(404,166)
13.0617 	EXP 	slider: markerPos = np.float64(2.02)
13.0700 	EXP 	slider: markerPos = np.float64(2.02)
13.0766 	EXP 	slider: markerPos = np.float64(2.02)
13.0873 	EXP 	slider: markerPos = np.float64(2.02)
13.0938 	EXP 	slider: markerPos = np.float64(2.02)
13.1039 	EXP 	slider: markerPos = np.float64(2.02)
13.1105 	EXP 	slider: markerPos = np.float64(2.02)
13.1206 	EXP 	slider: markerPos = np.float64(2.02)
13.1270 	EXP 	slider: markerPos = np.float64(2.02)
13.1375 	EXP 	slider: markerPos = np.float64(2.02)
13.1440 	EXP 	slider: markerPos = np.float64(2.02)
13.1541 	EXP 	slider: markerPos = np.float64(2.02)
13.1605 	EXP 	slider: markerPos = np.float64(2.02)
13.1706 	EXP 	slider: markerPos = np.float64(2.02)
13.1768 	EXP 	slider: markerPos = np.float64(2.02)
13.1870 	EXP 	slider: markerPos = np.float64(2.02)
13.1933 	EXP 	slider: markerPos = np.float64(2.02)
13.2037 	EXP 	slider: markerPos = np.float64(2.02)
13.2101 	EXP 	slider: markerPos = np.float64(2.02)
13.2205 	EXP 	slider: markerPos = np.float64(2.02)
13.2270 	EXP 	slider: markerPos = np.float64(2.02)
13.2373 	EXP 	slider: markerPos = np.float64(2.02)
13.2412 	DATA 	Mouse:  Left button up, pos=(404,166)
13.2441 	EXP 	slider: markerPos = np.float64(2.02)
13.2540 	EXP 	slider: markerPos = np.float64(2.02)
13.2544 	EXP 	New trial (rep=0, index=7): <Trial 7 (7 in rep 0) data={'Study_word': 'police', 'thisN': 7, 'thisTrialN': 7, 'thisRepN': 0}>
13.2626 	EXP 	StudyText: autoDraw = False
13.2626 	EXP 	slider: autoDraw = False
13.2626 	EXP 	StudyText: height = np.float64(0.05)
13.2626 	EXP 	StudyText: height = np.float64(0.05)
13.2626 	EXP 	StudyText: height = np.float64(0.05)
13.2626 	EXP 	StudyText: text = 'police'
13.2626 	EXP 	slider: markerPos = None
13.2626 	EXP 	slider: markerPos = None
13.2626 	EXP 	StudyText: autoDraw = True
13.2626 	EXP 	slider: autoDraw = True
14.3910 	DATA 	Mouse: Left button down, pos=(206,162)
14.4039 	EXP 	slider: markerPos = np.float64(1.03)
14.4103 	EXP 	slider: markerPos = np.float64(1.03)
14.4212 	EXP 	slider: markerPos = np.float64(1.03)
14.4283 	EXP 	slider: markerPos = np.float64(1.03)
14.4367 	EXP 	slider: markerPos = np.float64(1.03)
14.4436 	EXP 	slider: markerPos = np.float64(1.03)
14.4542 	EXP 	slider: markerPos = np.float64(1.03)
14.4608 	EXP 	slider: markerPos = np.float64(1.03)
14.4706 	EXP 	slider: markerPos = np.float64(1.03)
14.4771 	EXP 	slider: markerPos = np.float64(1.03)
14.4875 	EXP 	slider: markerPos = np.float64(1.03)
14.4942 	EXP 	slider: markerPos = np.float64(1.03)
14.5037 	EXP 	slider: markerPos = np.float64(1.03)
14.5101 	EXP 	slider: markerPos = np.float64(1.03)
14.5203 	EXP 	slider: markerPos = np.float64(1.03)
14.5265 	EXP 	slider: markerPos = np.float64(1.03)
14.5369 	EXP 	slider: markerPos = np.float64(1.03)
14.5432 	EXP 	slider: markerPos = np.float64(1.03)
14.5535 	EXP 	slider: markerPos = np.float64(1.03)
14.5597 	EXP 	slider: markerPos = np.float64(1.03)
14.5702 	EXP 	slider: markerPos = np.float64(1.03)
14.5763 	EXP 	slider: markerPos = np.float64(1.03)
14.5868 	EXP 	slider: markerPos = np.float64(1.03)
14.5929 	EXP 	slider: markerPos = np.float64(1.03)
14.6036 	EXP 	slider: markerPos = np.float64(1.03)
14.6041 	DATA 	Mouse:  Left button up, pos=(206,162)
14.6100 	EXP 	slider: markerPos = np.float64(1.03)
14.6106 	EXP 	New trial (rep=0, index=8): <Trial 8 (8 in rep 0) data={'Study_word': 'chart', 'thisN': 8, 'thisTrialN': 8, 'thisRepN': 0}>
14.6201 	EXP 	StudyText: autoDraw = False
14.6201 	EXP 	slider: autoDraw = False
14.6201 	EXP 	StudyText: height = np.float64(0.05)
14.6201 	EXP 	StudyText: height = np.float64(0.05)
14.6201 	EXP 	StudyText: height = np.float64(0.05)
14.6201 	EXP 	StudyText: text = 'chart'
14.6201 	EXP 	slider: markerPos = None
14.6201 	EXP 	slider: markerPos = None
14.6201 	EXP 	StudyText: autoDraw = True
14.6201 	EXP 	slider: autoDraw = True
15.6552 	DATA 	Mouse: Left button down, pos=(206,162)
15.6623 	EXP 	slider: markerPos = np.float64(1.03)
15.6700 	EXP 	slider: markerPos = np.float64(1.03)
15.6763 	EXP 	slider: markerPos = np.float64(1.03)
15.6878 	EXP 	slider: markerPos = np.float64(1.03)
15.6948 	EXP 	slider: markerPos = np.float64(1.03)
15.7039 	EXP 	slider: markerPos = np.float64(1.03)
15.7104 	EXP 	slider: markerPos = np.float64(1.03)
15.7211 	EXP 	slider: markerPos = np.float64(1.03)
15.7273 	EXP 	slider: markerPos = np.float64(1.03)
15.7379 	EXP 	slider: markerPos = np.float64(1.03)
15.7451 	EXP 	slider: markerPos = np.float64(1.03)
15.7534 	EXP 	slider: markerPos = np.float64(1.03)
15.7597 	EXP 	slider: markerPos = np.float64(1.03)
15.7711 	EXP 	slider: markerPos = np.float64(1.03)
15.7781 	EXP 	slider: markerPos = np.float64(1.03)
15.7868 	EXP 	slider: markerPos = np.float64(1.03)
15.7935 	EXP 	slider: markerPos = np.float64(1.03)
15.8046 	EXP 	slider: markerPos = np.float64(1.03)
15.8116 	EXP 	slider: markerPos = np.float64(1.03)
15.8205 	EXP 	slider: markerPos = np.float64(1.03)
15.8275 	EXP 	slider: markerPos = np.float64(1.03)
15.8374 	EXP 	slider: markerPos = np.float64(1.03)
15.8443 	EXP 	slider: markerPos = np.float64(1.03)
15.8544 	EXP 	slider: markerPos = np.float64(1.03)
15.8614 	EXP 	slider: markerPos = np.float64(1.03)
15.8620 	DATA 	Mouse:  Left button up, pos=(206,162)
15.8701 	EXP 	slider: markerPos = np.float64(1.03)
15.8705 	EXP 	New trial (rep=0, index=9): <Trial 9 (9 in rep 0) data={'Study_word': 'pastry', 'thisN': 9, 'thisTrialN': 9, 'thisRepN': 0}>
15.8795 	EXP 	StudyText: autoDraw = False
15.8795 	EXP 	slider: autoDraw = False
15.8795 	EXP 	StudyText: height = np.float64(0.05)
15.8795 	EXP 	StudyText: height = np.float64(0.05)
15.8795 	EXP 	StudyText: height = np.float64(0.05)
15.8795 	EXP 	StudyText: text = 'pastry'
15.8795 	EXP 	slider: markerPos = None
15.8795 	EXP 	slider: markerPos = None
15.8795 	EXP 	StudyText: autoDraw = True
15.8795 	EXP 	slider: autoDraw = True
17.5242 	DATA 	Mouse: Left button down, pos=(588,157)
17.5367 	EXP 	slider: markerPos = np.float64(2.94)
17.5437 	EXP 	slider: markerPos = np.float64(2.94)
17.5542 	EXP 	slider: markerPos = np.float64(2.94)
17.5607 	EXP 	slider: markerPos = np.float64(2.94)
17.5708 	EXP 	slider: markerPos = np.float64(2.94)
17.5774 	EXP 	slider: markerPos = np.float64(2.94)
17.5875 	EXP 	slider: markerPos = np.float64(2.94)
17.5942 	EXP 	slider: markerPos = np.float64(2.94)
17.6043 	EXP 	slider: markerPos = np.float64(2.94)
17.6109 	EXP 	slider: markerPos = np.float64(2.94)
17.6209 	EXP 	slider: markerPos = np.float64(2.94)
17.6277 	EXP 	slider: markerPos = np.float64(2.94)
17.6375 	EXP 	slider: markerPos = np.float64(2.94)
17.6441 	EXP 	slider: markerPos = np.float64(2.94)
17.6542 	EXP 	slider: markerPos = np.float64(2.94)
17.6609 	EXP 	slider: markerPos = np.float64(2.94)
17.6705 	EXP 	slider: markerPos = np.float64(2.94)
17.6770 	EXP 	slider: markerPos = np.float64(2.94)
17.6871 	EXP 	slider: markerPos = np.float64(2.94)
17.6935 	EXP 	slider: markerPos = np.float64(2.94)
17.7039 	EXP 	slider: markerPos = np.float64(2.94)
17.7103 	EXP 	slider: markerPos = np.float64(2.94)
17.7206 	EXP 	slider: markerPos = np.float64(2.94)
17.7271 	EXP 	slider: markerPos = np.float64(2.94)
17.7371 	EXP 	slider: markerPos = np.float64(2.94)
17.7436 	EXP 	slider: markerPos = np.float64(2.94)
17.7538 	EXP 	slider: markerPos = np.float64(2.94)
17.7544 	DATA 	Mouse:  Left button up, pos=(588,157)
17.7604 	EXP 	slider: markerPos = np.float64(2.94)
17.7609 	EXP 	New trial (rep=0, index=10): <Trial 10 (10 in rep 0) data={'Study_word': 'keys', 'thisN': 10, 'thisTrialN': 10, 'thisRepN': 0}>
17.7701 	EXP 	StudyText: autoDraw = False
17.7701 	EXP 	slider: autoDraw = False
17.7701 	EXP 	StudyText: height = np.float64(0.05)
17.7701 	EXP 	StudyText: height = np.float64(0.05)
17.7701 	EXP 	StudyText: height = np.float64(0.05)
17.7701 	EXP 	StudyText: text = 'keys'
17.7701 	EXP 	slider: markerPos = None
17.7701 	EXP 	slider: markerPos = None
17.7701 	EXP 	StudyText: autoDraw = True
17.7701 	EXP 	slider: autoDraw = True
20.9442 	DATA 	Mouse: Left button down, pos=(411,155)
20.9544 	EXP 	slider: markerPos = np.float64(2.055)
20.9614 	EXP 	slider: markerPos = np.float64(2.055)
20.9703 	EXP 	slider: markerPos = np.float64(2.055)
20.9772 	EXP 	slider: markerPos = np.float64(2.055)
20.9875 	EXP 	slider: markerPos = np.float64(2.055)
20.9941 	EXP 	slider: markerPos = np.float64(2.055)
21.0042 	EXP 	slider: markerPos = np.float64(2.055)
21.0109 	EXP 	slider: markerPos = np.float64(2.055)
21.0205 	EXP 	slider: markerPos = np.float64(2.055)
21.0270 	EXP 	slider: markerPos = np.float64(2.055)
21.0374 	EXP 	slider: markerPos = np.float64(2.055)
21.0439 	EXP 	slider: markerPos = np.float64(2.055)
21.0542 	EXP 	slider: markerPos = np.float64(2.055)
21.0608 	EXP 	slider: markerPos = np.float64(2.055)
21.0708 	EXP 	slider: markerPos = np.float64(2.055)
21.0777 	EXP 	slider: markerPos = np.float64(2.055)
21.0875 	EXP 	slider: markerPos = np.float64(2.055)
21.0943 	EXP 	slider: markerPos = np.float64(2.055)
21.1039 	EXP 	slider: markerPos = np.float64(2.055)
21.1103 	EXP 	slider: markerPos = np.float64(2.055)
21.1204 	EXP 	slider: markerPos = np.float64(2.055)
21.1268 	EXP 	slider: markerPos = np.float64(2.055)
21.1372 	EXP 	slider: markerPos = np.float64(2.055)
21.1437 	EXP 	slider: markerPos = np.float64(2.055)
21.1536 	EXP 	slider: markerPos = np.float64(2.055)
21.1576 	DATA 	Mouse:  Left button up, pos=(411,155)
21.1603 	EXP 	slider: markerPos = np.float64(2.055)
21.1703 	EXP 	slider: markerPos = np.float64(2.055)
21.1707 	EXP 	New trial (rep=0, index=11): <Trial 11 (11 in rep 0) data={'Study_word': 'laptop', 'thisN': 11, 'thisTrialN': 11, 'thisRepN': 0}>
21.1789 	EXP 	StudyText: autoDraw = False
21.1789 	EXP 	slider: autoDraw = False
21.1789 	EXP 	StudyText: height = np.float64(0.05)
21.1789 	EXP 	StudyText: height = np.float64(0.05)
21.1789 	EXP 	StudyText: height = np.float64(0.05)
21.1789 	EXP 	StudyText: text = 'laptop'
21.1789 	EXP 	slider: markerPos = None
21.1789 	EXP 	slider: markerPos = None
21.1789 	EXP 	StudyText: autoDraw = True
21.1789 	EXP 	slider: autoDraw = True
23.0051 	DATA 	Mouse: Left button down, pos=(198,162)
23.0121 	EXP 	slider: markerPos = np.float64(0.9900000000000002)
23.0199 	EXP 	slider: markerPos = np.float64(0.9900000000000002)
23.0267 	EXP 	slider: markerPos = np.float64(0.9900000000000002)
23.0375 	EXP 	slider: markerPos = np.float64(0.9900000000000002)
23.0444 	EXP 	slider: markerPos = np.float64(0.9900000000000002)
23.0540 	EXP 	slider: markerPos = np.float64(0.9900000000000002)
23.0610 	EXP 	slider: markerPos = np.float64(0.9900000000000002)
23.0705 	EXP 	slider: markerPos = np.float64(0.9900000000000002)
23.0776 	EXP 	slider: markerPos = np.float64(0.9900000000000002)
23.0874 	EXP 	slider: markerPos = np.float64(0.9900000000000002)
23.0940 	EXP 	slider: markerPos = np.float64(0.9900000000000002)
23.1041 	EXP 	slider: markerPos = np.float64(0.9900000000000002)
23.1108 	EXP 	slider: markerPos = np.float64(0.9900000000000002)
23.1207 	EXP 	slider: markerPos = np.float64(0.9900000000000002)
23.1274 	EXP 	slider: markerPos = np.float64(0.9900000000000002)
23.1375 	EXP 	slider: markerPos = np.float64(0.9900000000000002)
23.1443 	EXP 	slider: markerPos = np.float64(0.9900000000000002)
23.1539 	EXP 	slider: markerPos = np.float64(0.9900000000000002)
23.1602 	EXP 	slider: markerPos = np.float64(0.9900000000000002)
23.1700 	EXP 	slider: markerPos = np.float64(0.9900000000000002)
23.1706 	DATA 	Mouse:  Left button up, pos=(198,162)
23.1766 	EXP 	slider: markerPos = np.int64(1)
23.1770 	EXP 	New trial (rep=0, index=12): <Trial 12 (12 in rep 0) data={'Study_word': 'book', 'thisN': 12, 'thisTrialN': 12, 'thisRepN': 0}>
23.1866 	EXP 	StudyText: autoDraw = False
23.1866 	EXP 	slider: autoDraw = False
23.1866 	EXP 	StudyText: height = np.float64(0.05)
23.1866 	EXP 	StudyText: height = np.float64(0.05)
23.1866 	EXP 	StudyText: height = np.float64(0.05)
23.1866 	EXP 	StudyText: text = 'book'
23.1866 	EXP 	slider: markerPos = None
23.1866 	EXP 	slider: markerPos = None
23.1866 	EXP 	StudyText: autoDraw = True
23.1866 	EXP 	slider: autoDraw = True
24.7410 	DATA 	Mouse: Left button down, pos=(206,158)
24.7533 	EXP 	slider: markerPos = np.float64(1.03)
24.7598 	EXP 	slider: markerPos = np.float64(1.03)
24.7708 	EXP 	slider: markerPos = np.float64(1.03)
24.7774 	EXP 	slider: markerPos = np.float64(1.03)
24.7874 	EXP 	slider: markerPos = np.float64(1.03)
24.7939 	EXP 	slider: markerPos = np.float64(1.03)
24.8038 	EXP 	slider: markerPos = np.float64(1.03)
24.8105 	EXP 	slider: markerPos = np.float64(1.03)
24.8208 	EXP 	slider: markerPos = np.float64(1.03)
24.8275 	EXP 	slider: markerPos = np.float64(1.03)
24.8372 	EXP 	slider: markerPos = np.float64(1.03)
24.8435 	EXP 	slider: markerPos = np.float64(1.03)
24.8541 	EXP 	slider: markerPos = np.float64(1.03)
24.8606 	EXP 	slider: markerPos = np.float64(1.03)
24.8704 	EXP 	slider: markerPos = np.float64(1.03)
24.8767 	EXP 	slider: markerPos = np.float64(1.03)
24.8869 	EXP 	slider: markerPos = np.float64(1.03)
24.8933 	EXP 	slider: markerPos = np.float64(1.03)
24.9038 	EXP 	slider: markerPos = np.float64(1.03)
24.9100 	EXP 	slider: markerPos = np.float64(1.03)
24.9201 	EXP 	slider: markerPos = np.float64(1.03)
24.9263 	EXP 	slider: markerPos = np.float64(1.03)
24.9367 	EXP 	slider: markerPos = np.float64(1.03)
24.9432 	EXP 	slider: markerPos = np.float64(1.03)
24.9534 	EXP 	slider: markerPos = np.float64(1.03)
24.9596 	EXP 	slider: markerPos = np.float64(1.03)
24.9701 	EXP 	slider: markerPos = np.float64(1.03)
24.9707 	DATA 	Mouse:  Left button up, pos=(206,158)
24.9765 	EXP 	slider: markerPos = np.float64(1.03)
24.9770 	EXP 	New trial (rep=0, index=13): <Trial 13 (13 in rep 0) data={'Study_word': 'board', 'thisN': 13, 'thisTrialN': 13, 'thisRepN': 0}>
24.9867 	EXP 	StudyText: autoDraw = False
24.9867 	EXP 	slider: autoDraw = False
24.9867 	EXP 	StudyText: height = np.float64(0.05)
24.9867 	EXP 	StudyText: height = np.float64(0.05)
24.9867 	EXP 	StudyText: height = np.float64(0.05)
24.9867 	EXP 	StudyText: text = 'board'
24.9867 	EXP 	slider: markerPos = None
24.9867 	EXP 	slider: markerPos = None
24.9867 	EXP 	StudyText: autoDraw = True
24.9867 	EXP 	slider: autoDraw = True
26.5889 	DATA 	Mouse: Left button down, pos=(402,156)
26.5960 	EXP 	slider: markerPos = np.float64(2.01)
26.6032 	EXP 	slider: markerPos = np.float64(2.01)
26.6104 	EXP 	slider: markerPos = np.float64(2.01)
26.6210 	EXP 	slider: markerPos = np.float64(2.01)
26.6281 	EXP 	slider: markerPos = np.float64(2.01)
26.6366 	EXP 	slider: markerPos = np.float64(2.01)
26.6438 	EXP 	slider: markerPos = np.float64(2.01)
26.6544 	EXP 	slider: markerPos = np.float64(2.01)
26.6613 	EXP 	slider: markerPos = np.float64(2.01)
26.6703 	EXP 	slider: markerPos = np.float64(2.01)
26.6768 	EXP 	slider: markerPos = np.float64(2.01)
26.6874 	EXP 	slider: markerPos = np.float64(2.01)
26.6940 	EXP 	slider: markerPos = np.float64(2.01)
26.7041 	EXP 	slider: markerPos = np.float64(2.01)
26.7112 	EXP 	slider: markerPos = np.float64(2.01)
26.7204 	EXP 	slider: markerPos = np.float64(2.01)
26.7271 	EXP 	slider: markerPos = np.float64(2.01)
26.7371 	EXP 	slider: markerPos = np.float64(2.01)
26.7435 	EXP 	slider: markerPos = np.float64(2.01)
26.7539 	EXP 	slider: markerPos = np.float64(2.01)
26.7603 	EXP 	slider: markerPos = np.float64(2.01)
26.7703 	EXP 	slider: markerPos = np.float64(2.01)
26.7764 	EXP 	slider: markerPos = np.float64(2.01)
26.7804 	DATA 	Mouse:  Left button up, pos=(402,156)
26.7869 	EXP 	slider: markerPos = np.float64(2.01)
26.7928 	EXP 	slider: markerPos = np.float64(2.01)
26.7932 	EXP 	New trial (rep=0, index=14): <Trial 14 (14 in rep 0) data={'Study_word': 'marble', 'thisN': 14, 'thisTrialN': 14, 'thisRepN': 0}>
26.8034 	EXP 	StudyText: autoDraw = False
26.8034 	EXP 	slider: autoDraw = False
26.8034 	EXP 	StudyText: height = np.float64(0.05)
26.8034 	EXP 	StudyText: height = np.float64(0.05)
26.8034 	EXP 	StudyText: height = np.float64(0.05)
26.8034 	EXP 	StudyText: text = 'marble'
26.8034 	EXP 	slider: markerPos = None
26.8034 	EXP 	slider: markerPos = None
26.8034 	EXP 	StudyText: autoDraw = True
26.8034 	EXP 	slider: autoDraw = True
28.7939 	DATA 	Mouse: Left button down, pos=(408,173)
28.8038 	EXP 	slider: markerPos = np.float64(2.04)
28.8102 	EXP 	slider: markerPos = np.float64(2.04)
28.8210 	EXP 	slider: markerPos = np.float64(2.04)
28.8280 	EXP 	slider: markerPos = np.float64(2.04)
28.8369 	EXP 	slider: markerPos = np.float64(2.04)
28.8434 	EXP 	slider: markerPos = np.float64(2.04)
28.8544 	EXP 	slider: markerPos = np.float64(2.04)
28.8614 	EXP 	slider: markerPos = np.float64(2.04)
28.8699 	EXP 	slider: markerPos = np.float64(2.04)
28.8769 	EXP 	slider: markerPos = np.float64(2.04)
28.8874 	EXP 	slider: markerPos = np.float64(2.04)
28.8940 	EXP 	slider: markerPos = np.float64(2.04)
28.9041 	EXP 	slider: markerPos = np.float64(2.04)
28.9110 	EXP 	slider: markerPos = np.float64(2.04)
28.9202 	EXP 	slider: markerPos = np.float64(2.04)
28.9272 	EXP 	slider: markerPos = np.float64(2.04)
28.9375 	EXP 	slider: markerPos = np.float64(2.04)
28.9443 	EXP 	slider: markerPos = np.float64(2.04)
28.9538 	EXP 	slider: markerPos = np.float64(2.04)
28.9605 	EXP 	slider: markerPos = np.float64(2.04)
28.9704 	EXP 	slider: markerPos = np.float64(2.04)
28.9769 	EXP 	slider: markerPos = np.float64(2.04)
28.9872 	EXP 	slider: markerPos = np.float64(2.04)
28.9937 	EXP 	slider: markerPos = np.float64(2.04)
28.9977 	DATA 	Mouse:  Left button up, pos=(408,173)
29.0042 	EXP 	slider: markerPos = np.float64(2.04)
29.0111 	EXP 	slider: markerPos = np.float64(2.04)
29.0153 	EXP 	Imported /Users/vineesmacbook/Desktop/PsychoPy/Word Priming/test_conditions - Sheet1-2.csv as conditions, 20 conditions, 3 params
29.0157 	EXP 	New trial (rep=0, index=0): <Trial 0 (0 in rep 0) data={'test_word': 'bo_t_e', 'Reference': 'bottle', 'old_new': 'new', 'thisN': 0, 'thisTrialN': 0, 'thisRepN': 0}>
29.0273 	EXP 	StudyText: autoDraw = False
29.0273 	EXP 	slider: autoDraw = False
29.0273 	EXP 	TestText: height = np.float64(0.05)
29.0273 	EXP 	TestText: height = np.float64(0.05)
29.0273 	EXP 	TestText: height = np.float64(0.05)
29.0273 	EXP 	TestText: text = 'bo_t_e'
29.0273 	EXP 	TestText: autoDraw = True
29.0273 	EXP 	test_textbox: autoDraw = True
29.0273 	EXP 	submit_text: autoDraw = True
33.3317 	DATA 	Keypress: b
33.5148 	EXP 	Device response: <KeyPress from None: t=33.3117162080016, value=b, duration=None>
33.5217 	WARNING 	t of last frame was 200.60ms (=1/4)
33.5224 	EXP 	Device response: <KeyPress from None: t=33.3117162080016, value=b, duration=0.056314249988645315>
33.7715 	EXP 	Device response: <KeyPress from None: t=33.76481012397562, value=o, duration=None>
33.7840 	DATA 	Keypress: o
33.8219 	EXP 	Device response: <KeyPress from None: t=33.76481012397562, value=o, duration=0.04834112501703203>
34.3787 	DATA 	Keypress: t
34.3797 	EXP 	Device response: <KeyPress from None: t=34.36292854099884, value=t, duration=None>
34.4386 	EXP 	Device response: <KeyPress from None: t=34.36292854099884, value=t, duration=0.064102666976396>
34.5148 	DATA 	Keypress: t
34.5155 	EXP 	Device response: <KeyPress from None: t=34.493780290998984, value=t, duration=None>
34.5713 	EXP 	Device response: <KeyPress from None: t=34.493780290998984, value=t, duration=0.07238724999479018>
34.6549 	EXP 	Device response: <KeyPress from None: t=34.65076020799461, value=l, duration=None>
34.6644 	DATA 	Keypress: l
34.7216 	EXP 	Device response: <KeyPress from None: t=34.65076020799461, value=l, duration=0.06429779098834842>
34.9063 	DATA 	Keypress: e
34.9072 	EXP 	Device response: <KeyPress from None: t=34.895836082985625, value=e, duration=None>
34.9887 	EXP 	Device response: <KeyPress from None: t=34.895836082985625, value=e, duration=0.08019820801564492>
37.6386 	DATA 	Mouse: Left button down, pos=(606,146)
37.6400 	EXP 	New trial (rep=0, index=1): <Trial 1 (1 in rep 0) data={'test_word': 'p_li_e', 'Reference': 'police', 'old_new': 'old', 'thisN': 1, 'thisTrialN': 1, 'thisRepN': 0}>
37.6505 	EXP 	TestText: autoDraw = False
37.6505 	EXP 	test_textbox: autoDraw = False
37.6505 	EXP 	submit_text: autoDraw = False
37.6505 	EXP 	TestText: height = np.float64(0.05)
37.6505 	EXP 	TestText: height = np.float64(0.05)
37.6505 	EXP 	TestText: height = np.float64(0.05)
37.6505 	EXP 	TestText: text = 'p_li_e'
37.6505 	EXP 	TestText: autoDraw = True
37.6505 	EXP 	test_textbox: autoDraw = True
37.6505 	EXP 	submit_text: autoDraw = True
37.6612 	DATA 	Mouse:  Left button up, pos=(606,146)
39.2558 	DATA 	Keypress: p
39.2569 	EXP 	Device response: <KeyPress from None: t=39.246731332998024, value=p, duration=None>
39.3097 	EXP 	Device response: <KeyPress from None: t=39.246731332998024, value=p, duration=0.06022845799452625>
39.4215 	EXP 	Device response: <KeyPress from None: t=39.41858112398768, value=o, duration=None>
39.4279 	DATA 	Keypress: o
39.4773 	EXP 	Device response: <KeyPress from None: t=39.41858112398768, value=o, duration=0.05329062498640269>
39.5881 	EXP 	Device response: <KeyPress from None: t=39.586693665973144, value=l, duration=None>
39.5953 	DATA 	Keypress: l
39.6434 	EXP 	Device response: <KeyPress from None: t=39.586693665973144, value=l, duration=0.056319542025448754>
39.8171 	DATA 	Keypress: i
39.8181 	EXP 	Device response: <KeyPress from None: t=39.80574474899913, value=i, duration=None>
39.8432 	EXP 	Device response: <KeyPress from None: t=39.80574474899913, value=i, duration=0.036261708999518305>
40.2264 	EXP 	Device response: <KeyPress from None: t=40.224628040974494, value=c, duration=None>
40.2371 	DATA 	Keypress: c
40.3721 	EXP 	Device response: <KeyPress from None: t=40.224628040974494, value=c, duration=0.13627987500512972>
40.4382 	EXP 	Device response: <KeyPress from None: t=40.437539290986024, value=e, duration=None>
40.4453 	DATA 	Keypress: e
40.5385 	EXP 	Device response: <KeyPress from None: t=40.437539290986024, value=e, duration=0.09284945801482536>
43.0236 	DATA 	Mouse: Left button down, pos=(589,155)
43.0285 	EXP 	New trial (rep=0, index=2): <Trial 2 (2 in rep 0) data={'test_word': 'c_m_ra', 'Reference': 'camera', 'old_new': 'new', 'thisN': 2, 'thisTrialN': 2, 'thisRepN': 0}>
43.0408 	EXP 	TestText: autoDraw = False
43.0408 	EXP 	test_textbox: autoDraw = False
43.0408 	EXP 	submit_text: autoDraw = False
43.0408 	EXP 	TestText: height = np.float64(0.05)
43.0408 	EXP 	TestText: height = np.float64(0.05)
43.0408 	EXP 	TestText: height = np.float64(0.05)
43.0408 	EXP 	TestText: text = 'c_m_ra'
43.0408 	EXP 	TestText: autoDraw = True
43.0408 	EXP 	test_textbox: autoDraw = True
43.0408 	EXP 	submit_text: autoDraw = True
43.2213 	DATA 	Mouse:  Left button up, pos=(589,155)
45.2557 	DATA 	Keypress: c
45.2569 	EXP 	Device response: <KeyPress from None: t=45.24445291599841, value=c, duration=None>
45.3050 	EXP 	Device response: <KeyPress from None: t=45.24445291599841, value=c, duration=0.048251291998894885>
45.3760 	EXP 	Device response: <KeyPress from None: t=45.372527582978364, value=a, duration=None>
45.3863 	DATA 	Keypress: a
45.5105 	EXP 	Device response: <KeyPress from None: t=45.372527582978364, value=a, duration=0.13232000000425614>
45.6261 	EXP 	Device response: <KeyPress from None: t=45.62350312399212, value=m, duration=None>
45.6366 	DATA 	Keypress: m
45.6922 	EXP 	Device response: <KeyPress from None: t=45.62350312399212, value=m, duration=0.06824045898974873>
45.8770 	EXP 	Device response: <KeyPress from None: t=45.87399479097803, value=e, duration=None>
45.8808 	DATA 	Keypress: e
45.9607 	EXP 	Device response: <KeyPress from None: t=45.87399479097803, value=e, duration=0.08373366700834595>
46.1214 	EXP 	Device response: <KeyPress from None: t=46.12049204099458, value=r, duration=None>
46.1254 	DATA 	Keypress: r
46.1886 	EXP 	Device response: <KeyPress from None: t=46.12049204099458, value=r, duration=0.05626929199206643>
46.2548 	EXP 	Device response: <KeyPress from None: t=46.249557665985776, value=a, duration=None>
46.2588 	DATA 	Keypress: a
46.3715 	EXP 	Device response: <KeyPress from None: t=46.249557665985776, value=a, duration=0.11633629200514406>
47.5439 	DATA 	Mouse: Left button down, pos=(603,163)
47.5447 	EXP 	New trial (rep=0, index=3): <Trial 3 (3 in rep 0) data={'test_word': '_o_se', 'Reference': 'mouse', 'old_new': 'old', 'thisN': 3, 'thisTrialN': 3, 'thisRepN': 0}>
47.5708 	WARNING 	t of last frame was 27.48ms (=1/36)
47.5708 	EXP 	TestText: autoDraw = False
47.5708 	EXP 	test_textbox: autoDraw = False
47.5708 	EXP 	submit_text: autoDraw = False
47.5708 	EXP 	TestText: height = np.float64(0.05)
47.5708 	EXP 	TestText: height = np.float64(0.05)
47.5708 	EXP 	TestText: height = np.float64(0.05)
47.5708 	EXP 	TestText: text = '_o_se'
47.5708 	EXP 	TestText: autoDraw = True
47.5708 	EXP 	test_textbox: autoDraw = True
47.5708 	EXP 	submit_text: autoDraw = True
47.7292 	DATA 	Mouse:  Left button up, pos=(603,163)
48.6407 	DATA 	Mouse: Left button down, pos=(595,149)
48.6453 	EXP 	New trial (rep=0, index=4): <Trial 4 (4 in rep 0) data={'test_word': 'c_s_io_', 'Reference': 'cushion', 'old_new': 'old', 'thisN': 4, 'thisTrialN': 4, 'thisRepN': 0}>
48.6543 	EXP 	TestText: autoDraw = False
48.6543 	EXP 	test_textbox: autoDraw = False
48.6543 	EXP 	submit_text: autoDraw = False
48.6543 	EXP 	TestText: height = np.float64(0.05)
48.6543 	EXP 	TestText: height = np.float64(0.05)
48.6543 	EXP 	TestText: height = np.float64(0.05)
48.6543 	EXP 	TestText: text = 'c_s_io_'
48.6543 	EXP 	TestText: autoDraw = True
48.6543 	EXP 	test_textbox: autoDraw = True
48.6543 	EXP 	submit_text: autoDraw = True
48.8071 	DATA 	Mouse:  Left button up, pos=(595,149)
51.2049 	EXP 	Device response: <KeyPress from None: t=51.20344658297836, value=c, duration=None>
51.2101 	DATA 	Keypress: c
51.2717 	EXP 	Device response: <KeyPress from None: t=51.20344658297836, value=c, duration=0.056218958023237064>
51.5394 	DATA 	Keypress: r
51.5403 	EXP 	Device response: <KeyPress from None: t=51.53042208298575, value=r, duration=None>
51.6049 	EXP 	Device response: <KeyPress from None: t=51.53042208298575, value=r, duration=0.07233175000874326>
52.1547 	EXP 	Device response: <KeyPress from None: t=52.14943908297573, value=u, duration=None>
52.1654 	DATA 	Keypress: u
52.2219 	EXP 	Device response: <KeyPress from None: t=52.14943908297573, value=u, duration=0.06427879101829603>
52.3441 	EXP 	Device response: <KeyPress from None: t=52.341418123978656, value=i, duration=None>
52.3480 	DATA 	Keypress: i
52.4052 	EXP 	Device response: <KeyPress from None: t=52.341418123978656, value=i, duration=0.05649262500810437>
54.5939 	EXP 	Device response: <KeyPress from None: t=54.59125779097667, value=backspace, duration=None>
54.5973 	DATA 	Keypress: backspace
54.6379 	EXP 	Device response: <KeyPress from None: t=54.59125779097667, value=backspace, duration=0.044389208022039384>
54.7265 	EXP 	Device response: <KeyPress from None: t=54.72435399898677, value=backspace, duration=None>
54.7294 	DATA 	Keypress: backspace
54.7885 	EXP 	Device response: <KeyPress from None: t=54.72435399898677, value=backspace, duration=0.05228254199028015>
54.8881 	EXP 	Device response: <KeyPress from None: t=54.883441332989605, value=backspace, duration=None>
54.8919 	DATA 	Keypress: backspace
54.9385 	EXP 	Device response: <KeyPress from None: t=54.883441332989605, value=backspace, duration=0.044074000004911795>
55.9715 	EXP 	Device response: <KeyPress from None: t=55.97018449899042, value=u, duration=None>
55.9788 	DATA 	Keypress: u
56.0386 	EXP 	Device response: <KeyPress from None: t=55.97018449899042, value=u, duration=0.05640933400718495>
56.1285 	DATA 	Keypress: s
56.1295 	EXP 	Device response: <KeyPress from None: t=56.11420899897348, value=s, duration=None>
56.2218 	EXP 	Device response: <KeyPress from None: t=56.11420899897348, value=s, duration=0.10031908401288092>
57.0882 	EXP 	Device response: <KeyPress from None: t=57.08218670799397, value=h, duration=None>
57.0925 	DATA 	Keypress: h
57.1552 	EXP 	Device response: <KeyPress from None: t=57.08218670799397, value=h, duration=0.06440083298366517>
57.3559 	DATA 	Keypress: i
57.3570 	EXP 	Device response: <KeyPress from None: t=57.34331224899506, value=i, duration=None>
57.4048 	EXP 	Device response: <KeyPress from None: t=57.34331224899506, value=i, duration=0.05633491699700244>
57.5100 	EXP 	Device response: <KeyPress from None: t=57.509296082978835, value=o, duration=None>
57.5138 	DATA 	Keypress: o
57.5713 	EXP 	Device response: <KeyPress from None: t=57.509296082978835, value=o, duration=0.06025787501130253>
57.7835 	DATA 	Keypress: n
57.7844 	EXP 	Device response: <KeyPress from None: t=57.77227687399136, value=n, duration=None>
57.8214 	EXP 	Device response: <KeyPress from None: t=57.77227687399136, value=n, duration=0.04033383398200385>
58.6377 	EXP 	New trial (rep=0, index=5): <Trial 5 (5 in rep 0) data={'test_word': '_o_rd', 'Reference': 'board', 'old_new': 'old', 'thisN': 5, 'thisTrialN': 5, 'thisRepN': 0}>
58.6471 	EXP 	TestText: autoDraw = False
58.6471 	EXP 	test_textbox: autoDraw = False
58.6471 	EXP 	submit_text: autoDraw = False
58.6471 	EXP 	TestText: autoDraw = False
58.6471 	EXP 	test_textbox: autoDraw = False
58.6471 	EXP 	submit_text: autoDraw = False
58.6471 	EXP 	TestText: height = np.float64(0.05)
58.6471 	EXP 	TestText: height = np.float64(0.05)
58.6471 	EXP 	TestText: height = np.float64(0.05)
58.6471 	EXP 	TestText: text = '_o_rd'
58.6471 	EXP 	TestText: autoDraw = True
58.6471 	EXP 	test_textbox: autoDraw = True
58.6471 	EXP 	submit_text: autoDraw = True
61.5879 	EXP 	Device response: <KeyPress from None: t=61.58708133298205, value=b, duration=None>
61.5933 	DATA 	Keypress: b
61.6549 	EXP 	Device response: <KeyPress from None: t=61.58708133298205, value=b, duration=0.06030070799170062>
62.3059 	DATA 	Keypress: o
62.3069 	EXP 	Device response: <KeyPress from None: t=62.29411049897317, value=o, duration=None>
62.3595 	EXP 	Device response: <KeyPress from None: t=62.29411049897317, value=o, duration=0.060271042020758614>
63.7546 	EXP 	Device response: <KeyPress from None: t=63.75214345799759, value=a, duration=None>
63.7587 	DATA 	Keypress: a
63.8050 	EXP 	Device response: <KeyPress from None: t=63.75214345799759, value=a, duration=0.040209165978012607>
64.0547 	EXP 	Device response: <KeyPress from None: t=64.05024591597612, value=r, duration=None>
64.0588 	DATA 	Keypress: r
64.1047 	EXP 	Device response: <KeyPress from None: t=64.05024591597612, value=r, duration=0.052070042002014816>
64.2714 	EXP 	Device response: <KeyPress from None: t=64.26599787399755, value=d, duration=None>
64.2828 	DATA 	Keypress: d
64.3217 	EXP 	Device response: <KeyPress from None: t=64.26599787399755, value=d, duration=0.04424220899818465>
65.5382 	DATA 	Mouse: Left button down, pos=(578,158)
65.5393 	EXP 	New trial (rep=0, index=6): <Trial 6 (6 in rep 0) data={'test_word': '_ruis_', 'Reference': 'cruise', 'old_new': 'old', 'thisN': 6, 'thisTrialN': 6, 'thisRepN': 0}>
65.5497 	EXP 	TestText: autoDraw = False
65.5497 	EXP 	test_textbox: autoDraw = False
65.5497 	EXP 	submit_text: autoDraw = False
65.5497 	EXP 	TestText: height = np.float64(0.05)
65.5497 	EXP 	TestText: height = np.float64(0.05)
65.5497 	EXP 	TestText: height = np.float64(0.05)
65.5497 	EXP 	TestText: text = '_ruis_'
65.5497 	EXP 	TestText: autoDraw = True
65.5497 	EXP 	test_textbox: autoDraw = True
65.5497 	EXP 	submit_text: autoDraw = True
65.7070 	DATA 	Mouse:  Left button up, pos=(578,158)
68.0890 	DATA 	Keypress: c
68.0903 	EXP 	Device response: <KeyPress from None: t=68.07893141597742, value=c, duration=None>
68.1424 	EXP 	Device response: <KeyPress from None: t=68.07893141597742, value=c, duration=0.060388917016098276>
68.2555 	DATA 	Keypress: r
68.2564 	EXP 	Device response: <KeyPress from None: t=68.24625037398073, value=r, duration=None>
68.3102 	EXP 	Device response: <KeyPress from None: t=68.24625037398073, value=r, duration=0.060032084002159536>
68.8270 	EXP 	Device response: <KeyPress from None: t=68.8260255829955, value=u, duration=None>
68.8308 	DATA 	Keypress: u
68.8880 	EXP 	Device response: <KeyPress from None: t=68.8260255829955, value=u, duration=0.0603127499925904>
69.0224 	DATA 	Keypress: i
69.0233 	EXP 	Device response: <KeyPress from None: t=69.01202116598142, value=i, duration=None>
69.0766 	EXP 	Device response: <KeyPress from None: t=69.01202116598142, value=i, duration=0.06015979201765731>
69.3891 	DATA 	Keypress: s
69.3901 	EXP 	Device response: <KeyPress from None: t=69.3799179159978, value=s, duration=None>
69.5050 	EXP 	Device response: <KeyPress from None: t=69.3799179159978, value=s, duration=0.11642087498330511>
69.6113 	DATA 	Keypress: e
69.6120 	EXP 	Device response: <KeyPress from None: t=69.60598774897517, value=e, duration=None>
69.6926 	EXP 	Device response: <KeyPress from None: t=69.60598774897517, value=e, duration=0.08433570901979692>
70.2213 	DATA 	Mouse: Left button down, pos=(578,156)
70.2225 	EXP 	New trial (rep=0, index=7): <Trial 7 (7 in rep 0) data={'test_word': 'v_s_', 'Reference': 'vase', 'old_new': 'new', 'thisN': 7, 'thisTrialN': 7, 'thisRepN': 0}>
70.2335 	EXP 	TestText: autoDraw = False
70.2335 	EXP 	test_textbox: autoDraw = False
70.2335 	EXP 	submit_text: autoDraw = False
70.2335 	EXP 	TestText: height = np.float64(0.05)
70.2335 	EXP 	TestText: height = np.float64(0.05)
70.2335 	EXP 	TestText: height = np.float64(0.05)
70.2335 	EXP 	TestText: text = 'v_s_'
70.2335 	EXP 	TestText: autoDraw = True
70.2335 	EXP 	test_textbox: autoDraw = True
70.2335 	EXP 	submit_text: autoDraw = True
70.3742 	DATA 	Mouse:  Left button up, pos=(578,156)
80.2208 	EXP 	New trial (rep=0, index=8): <Trial 8 (8 in rep 0) data={'test_word': 'c_s_', 'Reference': 'case', 'old_new': 'old', 'thisN': 8, 'thisTrialN': 8, 'thisRepN': 0}>
80.2290 	EXP 	TestText: autoDraw = False
80.2290 	EXP 	test_textbox: autoDraw = False
80.2290 	EXP 	submit_text: autoDraw = False
80.2290 	EXP 	TestText: autoDraw = False
80.2290 	EXP 	test_textbox: autoDraw = False
80.2290 	EXP 	submit_text: autoDraw = False
80.2290 	EXP 	TestText: height = np.float64(0.05)
80.2290 	EXP 	TestText: height = np.float64(0.05)
80.2290 	EXP 	TestText: height = np.float64(0.05)
80.2290 	EXP 	TestText: text = 'c_s_'
80.2290 	EXP 	TestText: autoDraw = True
80.2290 	EXP 	test_textbox: autoDraw = True
80.2290 	EXP 	submit_text: autoDraw = True
82.0721 	DATA 	Keypress: c
82.0732 	EXP 	Device response: <KeyPress from None: t=82.06228895799723, value=c, duration=None>
82.1382 	EXP 	Device response: <KeyPress from None: t=82.06228895799723, value=c, duration=0.06833120799274184>
82.1888 	DATA 	Keypress: a
82.1896 	EXP 	Device response: <KeyPress from None: t=82.18021604098612, value=a, duration=None>
82.2881 	EXP 	Device response: <KeyPress from None: t=82.18021604098612, value=a, duration=0.10033924999879673>
82.4102 	DATA 	Keypress: s
82.4109 	EXP 	Device response: <KeyPress from None: t=82.40525637398241, value=s, duration=None>
82.4877 	EXP 	Device response: <KeyPress from None: t=82.40525637398241, value=s, duration=0.07635941699845716>
82.6058 	DATA 	Keypress: e
82.6067 	EXP 	Device response: <KeyPress from None: t=82.59716124899569, value=e, duration=None>
82.6713 	EXP 	Device response: <KeyPress from None: t=82.59716124899569, value=e, duration=0.06849079197854735>
83.2099 	DATA 	Mouse: Left button down, pos=(578,156)
83.2108 	EXP 	New trial (rep=0, index=9): <Trial 9 (9 in rep 0) data={'test_word': 't_hi_t', 'Reference': 't-shirt', 'old_new': 'old', 'thisN': 9, 'thisTrialN': 9, 'thisRepN': 0}>
83.2208 	EXP 	TestText: autoDraw = False
83.2208 	EXP 	test_textbox: autoDraw = False
83.2208 	EXP 	submit_text: autoDraw = False
83.2208 	EXP 	TestText: height = np.float64(0.05)
83.2208 	EXP 	TestText: height = np.float64(0.05)
83.2208 	EXP 	TestText: height = np.float64(0.05)
83.2208 	EXP 	TestText: text = 't_hi_t'
83.2208 	EXP 	TestText: autoDraw = True
83.2208 	EXP 	test_textbox: autoDraw = True
83.2208 	EXP 	submit_text: autoDraw = True
83.3407 	DATA 	Mouse:  Left button up, pos=(578,156)
85.1282 	DATA 	Keypress: t
85.1291 	EXP 	Device response: <KeyPress from None: t=85.12222541598021, value=t, duration=None>
85.1710 	EXP 	Device response: <KeyPress from None: t=85.12222541598021, value=t, duration=0.04832929201074876>
85.3377 	EXP 	Device response: <KeyPress from None: t=85.3311219579773, value=space, duration=None>
85.3415 	DATA 	Keypress: space
85.3927 	EXP 	Device response: <KeyPress from None: t=85.3311219579773, value=space, duration=0.05625979101751>
85.5386 	DATA 	Keypress: s
85.5394 	EXP 	Device response: <KeyPress from None: t=85.5301922489889, value=s, duration=None>
85.6209 	EXP 	Device response: <KeyPress from None: t=85.5301922489889, value=s, duration=0.08429091700236313>
86.0951 	DATA 	Keypress: h
86.0961 	EXP 	Device response: <KeyPress from None: t=86.08924487399054, value=h, duration=None>
86.1771 	EXP 	Device response: <KeyPress from None: t=86.08924487399054, value=h, duration=0.08421570900827646>
86.5391 	DATA 	Keypress: i
86.5400 	EXP 	Device response: <KeyPress from None: t=86.53117491598823, value=i, duration=None>
86.5938 	EXP 	Device response: <KeyPress from None: t=86.53117491598823, value=i, duration=0.05615604200283997>
86.9877 	EXP 	Device response: <KeyPress from None: t=86.98328104100074, value=r, duration=None>
86.9920 	DATA 	Keypress: r
87.0544 	EXP 	Device response: <KeyPress from None: t=86.98328104100074, value=r, duration=0.06821374999708496>
87.1211 	EXP 	Device response: <KeyPress from None: t=87.11616212397348, value=t, duration=None>
87.1253 	DATA 	Keypress: t
87.1711 	EXP 	Device response: <KeyPress from None: t=87.11616212397348, value=t, duration=0.052285625017248094>
88.3429 	DATA 	Mouse: Left button down, pos=(581,135)
88.5209 	DATA 	Mouse:  Left button up, pos=(581,135)
89.5263 	DATA 	Mouse: Left button down, pos=(581,155)
89.5272 	EXP 	New trial (rep=0, index=10): <Trial 10 (10 in rep 0) data={'test_word': 'p_st_r', 'Reference': 'poster', 'old_new': 'old', 'thisN': 10, 'thisTrialN': 10, 'thisRepN': 0}>
89.5373 	EXP 	TestText: autoDraw = False
89.5373 	EXP 	test_textbox: autoDraw = False
89.5373 	EXP 	submit_text: autoDraw = False
89.5373 	EXP 	TestText: height = np.float64(0.05)
89.5373 	EXP 	TestText: height = np.float64(0.05)
89.5373 	EXP 	TestText: height = np.float64(0.05)
89.5373 	EXP 	TestText: text = 'p_st_r'
89.5373 	EXP 	TestText: autoDraw = True
89.5373 	EXP 	test_textbox: autoDraw = True
89.5373 	EXP 	submit_text: autoDraw = True
89.7375 	DATA 	Mouse:  Left button up, pos=(581,155)
91.1219 	DATA 	Keypress: p
91.1229 	EXP 	Device response: <KeyPress from None: t=91.1141151659831, value=p, duration=None>
91.1753 	EXP 	Device response: <KeyPress from None: t=91.1141151659831, value=p, duration=0.06013145801261999>
91.2885 	DATA 	Keypress: o
91.2894 	EXP 	Device response: <KeyPress from None: t=91.27691824900103, value=o, duration=None>
91.3376 	EXP 	Device response: <KeyPress from None: t=91.27691824900103, value=o, duration=0.05654399999184534>
91.5877 	EXP 	Device response: <KeyPress from None: t=91.58310745799099, value=s, duration=None>
91.5941 	DATA 	Keypress: s
91.6876 	EXP 	Device response: <KeyPress from None: t=91.58310745799099, value=s, duration=0.10030787499272265>
91.9211 	EXP 	Device response: <KeyPress from None: t=91.91706420798437, value=t, duration=None>
91.9279 	DATA 	Keypress: t
91.9712 	EXP 	Device response: <KeyPress from None: t=91.91706420798437, value=t, duration=0.052314958011265844>
92.0545 	EXP 	Device response: <KeyPress from None: t=92.05205174899311, value=e, duration=None>
92.0608 	DATA 	Keypress: e
92.1438 	EXP 	Device response: <KeyPress from None: t=92.05205174899311, value=e, duration=0.08836562500800937>
92.2055 	DATA 	Keypress: r
92.2063 	EXP 	Device response: <KeyPress from None: t=92.19795854098629, value=r, duration=None>
92.2430 	EXP 	Device response: <KeyPress from None: t=92.19795854098629, value=r, duration=0.0402879579924047>
93.2545 	DATA 	Mouse: Left button down, pos=(590,141)
93.2556 	EXP 	New trial (rep=0, index=11): <Trial 11 (11 in rep 0) data={'test_word': 'p_nc_l', 'Reference': 'pencil', 'old_new': 'new', 'thisN': 11, 'thisTrialN': 11, 'thisRepN': 0}>
93.2662 	EXP 	TestText: autoDraw = False
93.2662 	EXP 	test_textbox: autoDraw = False
93.2662 	EXP 	submit_text: autoDraw = False
93.2662 	EXP 	TestText: height = np.float64(0.05)
93.2662 	EXP 	TestText: height = np.float64(0.05)
93.2662 	EXP 	TestText: height = np.float64(0.05)
93.2662 	EXP 	TestText: text = 'p_nc_l'
93.2662 	EXP 	TestText: autoDraw = True
93.2662 	EXP 	test_textbox: autoDraw = True
93.2662 	EXP 	submit_text: autoDraw = True
93.4272 	DATA 	Mouse:  Left button up, pos=(590,141)
95.0271 	EXP 	Device response: <KeyPress from None: t=95.0260298329813, value=p, duration=None>
95.0321 	DATA 	Keypress: p
95.0878 	EXP 	Device response: <KeyPress from None: t=95.0260298329813, value=p, duration=0.06028541599516757>
95.2112 	DATA 	Keypress: e
95.2122 	EXP 	Device response: <KeyPress from None: t=95.20397983299335, value=e, duration=None>
95.2709 	EXP 	Device response: <KeyPress from None: t=95.20397983299335, value=e, duration=0.06419191599707119>
96.7711 	EXP 	Device response: <KeyPress from None: t=96.76998808298958, value=n, duration=None>
96.7783 	DATA 	Keypress: n
96.8215 	EXP 	Device response: <KeyPress from None: t=96.76998808298958, value=n, duration=0.04446062500937842>
96.9710 	EXP 	Device response: <KeyPress from None: t=96.96897124897805, value=c, duration=None>
96.9779 	DATA 	Keypress: c
97.0602 	EXP 	Device response: <KeyPress from None: t=96.96897124897805, value=c, duration=0.08815054199658334>
97.5044 	EXP 	Device response: <KeyPress from None: t=97.4989427489927, value=i, duration=None>
97.5085 	DATA 	Keypress: i
97.5546 	EXP 	Device response: <KeyPress from None: t=97.4989427489927, value=i, duration=0.04818225000053644>
97.6926 	EXP 	Device response: <KeyPress from None: t=97.69184029099415, value=l, duration=None>
97.6962 	DATA 	Keypress: l
97.7542 	EXP 	Device response: <KeyPress from None: t=97.69184029099415, value=l, duration=0.0594837499957066>
98.8045 	DATA 	Mouse: Left button down, pos=(609,146)
98.8056 	EXP 	New trial (rep=0, index=12): <Trial 12 (12 in rep 0) data={'test_word': 'p_str_', 'Reference': 'pastry', 'old_new': 'old', 'thisN': 12, 'thisTrialN': 12, 'thisRepN': 0}>
98.8158 	EXP 	TestText: autoDraw = False
98.8158 	EXP 	test_textbox: autoDraw = False
98.8158 	EXP 	submit_text: autoDraw = False
98.8158 	EXP 	TestText: height = np.float64(0.05)
98.8158 	EXP 	TestText: height = np.float64(0.05)
98.8158 	EXP 	TestText: height = np.float64(0.05)
98.8158 	EXP 	TestText: text = 'p_str_'
98.8158 	EXP 	TestText: autoDraw = True
98.8158 	EXP 	test_textbox: autoDraw = True
98.8158 	EXP 	submit_text: autoDraw = True
98.9540 	DATA 	Mouse:  Left button up, pos=(609,146)
99.3073 	WARNING 	t of last frame was 86.98ms (=1/11)
99.9543 	EXP 	Device response: <KeyPress from None: t=99.94887712399941, value=p, duration=None>
99.9589 	DATA 	Keypress: p
100.0093 	EXP 	Device response: <KeyPress from None: t=99.94887712399941, value=p, duration=0.055160249990876764>
100.1388 	DATA 	Keypress: o
100.1397 	EXP 	Device response: <KeyPress from None: t=100.12586891598767, value=o, duration=None>
100.1708 	EXP 	Device response: <KeyPress from None: t=100.12586891598767, value=o, duration=0.044330625009024516>
100.4601 	EXP 	Device response: <KeyPress from None: t=100.45888354099588, value=s, duration=None>
100.4639 	DATA 	Keypress: s
100.5431 	EXP 	Device response: <KeyPress from None: t=100.45888354099588, value=s, duration=0.08030566698289476>
100.8543 	EXP 	Device response: <KeyPress from None: t=100.84992270797375, value=t, duration=None>
100.8615 	DATA 	Keypress: t
100.9215 	EXP 	Device response: <KeyPress from None: t=100.84992270797375, value=t, duration=0.06022550002671778>
101.0102 	EXP 	Device response: <KeyPress from None: t=101.00769008297357, value=e, duration=None>
101.0135 	DATA 	Keypress: e
101.0922 	EXP 	Device response: <KeyPress from None: t=101.00769008297357, value=e, duration=0.08116116601740941>
101.1386 	DATA 	Keypress: r
101.1394 	EXP 	Device response: <KeyPress from None: t=101.12773058298626, value=r, duration=None>
101.1880 	EXP 	Device response: <KeyPress from None: t=101.12773058298626, value=r, duration=0.04834283300442621>
103.1877 	EXP 	Device response: <KeyPress from None: t=103.18391662399517, value=backspace, duration=None>
103.1950 	DATA 	Keypress: backspace
103.2756 	EXP 	Device response: <KeyPress from None: t=103.18391662399517, value=backspace, duration=0.08831504199770279>
103.3766 	DATA 	Keypress: backspace
103.3771 	EXP 	Device response: <KeyPress from None: t=103.37122604099568, value=backspace, duration=None>
103.4262 	EXP 	Device response: <KeyPress from None: t=103.37122604099568, value=backspace, duration=0.05189366699778475>
103.5383 	DATA 	Keypress: backspace
103.5390 	EXP 	Device response: <KeyPress from None: t=103.53182458298397, value=backspace, duration=None>
103.6046 	EXP 	Device response: <KeyPress from None: t=103.53182458298397, value=backspace, duration=0.06041387500590645>
103.7049 	DATA 	Keypress: backspace
103.7055 	EXP 	Device response: <KeyPress from None: t=103.69676508297562, value=backspace, duration=None>
103.7543 	EXP 	Device response: <KeyPress from None: t=103.69676508297562, value=backspace, duration=0.057040250016143546>
103.8876 	EXP 	Device response: <KeyPress from None: t=103.88426479097689, value=backspace, duration=None>
103.8937 	DATA 	Keypress: backspace
103.9213 	EXP 	Device response: <KeyPress from None: t=103.88426479097689, value=backspace, duration=0.0278419170062989>
104.6057 	DATA 	Keypress: a
104.6067 	EXP 	Device response: <KeyPress from None: t=104.59675724897534, value=a, duration=None>
104.6882 	EXP 	Device response: <KeyPress from None: t=104.59675724897534, value=a, duration=0.0802686250244733>
104.8721 	DATA 	Keypress: s
104.8730 	EXP 	Device response: <KeyPress from None: t=104.86165487399558, value=s, duration=None>
104.9424 	EXP 	Device response: <KeyPress from None: t=104.86165487399558, value=s, duration=0.08042816698434763>
105.9877 	EXP 	Device response: <KeyPress from None: t=105.98577558298712, value=t, duration=None>
105.9950 	DATA 	Keypress: t
106.0380 	EXP 	Device response: <KeyPress from None: t=105.98577558298712, value=t, duration=0.04428783300681971>
106.0764 	EXP 	Device response: <KeyPress from None: t=106.07464641597471, value=r, duration=None>
106.0804 	DATA 	Keypress: r
106.1542 	EXP 	Device response: <KeyPress from None: t=106.07464641597471, value=r, duration=0.06832900000154041>
106.2103 	EXP 	Device response: <KeyPress from None: t=106.20673570799408, value=y, duration=None>
106.2137 	DATA 	Keypress: y
106.2606 	EXP 	Device response: <KeyPress from None: t=106.20673570799408, value=y, duration=0.048197291005635634>
107.9544 	DATA 	Mouse: Left button down, pos=(619,150)
107.9555 	EXP 	New trial (rep=0, index=13): <Trial 13 (13 in rep 0) data={'test_word': '_ho_e', 'Reference': 'phone', 'old_new': 'old', 'thisN': 13, 'thisTrialN': 13, 'thisRepN': 0}>
107.9656 	EXP 	TestText: autoDraw = False
107.9656 	EXP 	test_textbox: autoDraw = False
107.9656 	EXP 	submit_text: autoDraw = False
107.9656 	EXP 	TestText: height = np.float64(0.05)
107.9656 	EXP 	TestText: height = np.float64(0.05)
107.9656 	EXP 	TestText: height = np.float64(0.05)
107.9656 	EXP 	TestText: text = '_ho_e'
107.9656 	EXP 	TestText: autoDraw = True
107.9656 	EXP 	test_textbox: autoDraw = True
107.9656 	EXP 	submit_text: autoDraw = True
108.1373 	DATA 	Mouse:  Left button up, pos=(619,150)
117.9539 	EXP 	New trial (rep=0, index=14): <Trial 14 (14 in rep 0) data={'test_word': '_ha_t', 'Reference': 'chart', 'old_new': 'old', 'thisN': 14, 'thisTrialN': 14, 'thisRepN': 0}>
117.9623 	EXP 	TestText: autoDraw = False
117.9623 	EXP 	test_textbox: autoDraw = False
117.9623 	EXP 	submit_text: autoDraw = False
117.9623 	EXP 	TestText: autoDraw = False
117.9623 	EXP 	test_textbox: autoDraw = False
117.9623 	EXP 	submit_text: autoDraw = False
117.9623 	EXP 	TestText: height = np.float64(0.05)
117.9623 	EXP 	TestText: height = np.float64(0.05)
117.9623 	EXP 	TestText: height = np.float64(0.05)
117.9623 	EXP 	TestText: text = '_ha_t'
117.9623 	EXP 	TestText: autoDraw = True
117.9623 	EXP 	test_textbox: autoDraw = True
117.9623 	EXP 	submit_text: autoDraw = True
120.3767 	EXP 	Device response: <KeyPress from None: t=120.37484304097597, value=c, duration=None>
120.3816 	DATA 	Keypress: c
120.4583 	EXP 	Device response: <KeyPress from None: t=120.37484304097597, value=c, duration=0.08030916700954549>
120.7208 	EXP 	Device response: <KeyPress from None: t=120.71896349897725, value=h, duration=None>
120.7271 	DATA 	Keypress: h
120.7879 	EXP 	Device response: <KeyPress from None: t=120.71896349897725, value=h, duration=0.05621983401942998>
120.8385 	DATA 	Keypress: a
120.8393 	EXP 	Device response: <KeyPress from None: t=120.82673804098158, value=a, duration=None>
120.9379 	EXP 	Device response: <KeyPress from None: t=120.82673804098158, value=a, duration=0.09952391701517627>
121.0874 	EXP 	Device response: <KeyPress from None: t=121.08510237399605, value=r, duration=None>
121.0946 	DATA 	Keypress: r
121.1374 	EXP 	Device response: <KeyPress from None: t=121.08510237399605, value=r, duration=0.04809174998081289>
121.2595 	EXP 	Device response: <KeyPress from None: t=121.25597537399153, value=t, duration=None>
121.2630 	DATA 	Keypress: t
121.3096 	EXP 	Device response: <KeyPress from None: t=121.25597537399153, value=t, duration=0.04823895898880437>
123.2710 	DATA 	Mouse: Left button down, pos=(588,163)
123.2721 	EXP 	New trial (rep=0, index=15): <Trial 15 (15 in rep 0) data={'test_word': '_a_bl_', 'Reference': 'marble', 'old_new': 'old', 'thisN': 15, 'thisTrialN': 15, 'thisRepN': 0}>
123.2821 	EXP 	TestText: autoDraw = False
123.2821 	EXP 	test_textbox: autoDraw = False
123.2821 	EXP 	submit_text: autoDraw = False
123.2821 	EXP 	TestText: height = np.float64(0.05)
123.2821 	EXP 	TestText: height = np.float64(0.05)
123.2821 	EXP 	TestText: height = np.float64(0.05)
123.2821 	EXP 	TestText: text = '_a_bl_'
123.2821 	EXP 	TestText: autoDraw = True
123.2821 	EXP 	test_textbox: autoDraw = True
123.2821 	EXP 	submit_text: autoDraw = True
123.4306 	DATA 	Mouse:  Left button up, pos=(588,163)
124.8217 	DATA 	Keypress: m
124.8227 	EXP 	Device response: <KeyPress from None: t=124.81390099899727, value=m, duration=None>
124.8710 	EXP 	Device response: <KeyPress from None: t=124.81390099899727, value=m, duration=0.048281416995450854>
124.9217 	DATA 	Keypress: a
124.9226 	EXP 	Device response: <KeyPress from None: t=124.9138516659732, value=a, duration=None>
125.0380 	EXP 	Device response: <KeyPress from None: t=124.9138516659732, value=a, duration=0.11668508301954716>
125.3091 	EXP 	Device response: <KeyPress from None: t=125.3072307909897, value=r, duration=None>
125.3126 	DATA 	Keypress: r
125.3706 	EXP 	Device response: <KeyPress from None: t=125.3072307909897, value=r, duration=0.05987258299137466>
126.1220 	DATA 	Keypress: b
126.1230 	EXP 	Device response: <KeyPress from None: t=126.11382045797654, value=b, duration=None>
126.1706 	EXP 	Device response: <KeyPress from None: t=126.11382045797654, value=b, duration=0.05633583301096223>
126.6039 	EXP 	Device response: <KeyPress from None: t=126.6002577909967, value=l, duration=None>
126.6105 	DATA 	Keypress: l
126.6540 	EXP 	Device response: <KeyPress from None: t=126.6002577909967, value=l, duration=0.04777508298866451>
126.8374 	EXP 	Device response: <KeyPress from None: t=126.83186833298532, value=e, duration=None>
126.8408 	DATA 	Keypress: e
126.9093 	EXP 	Device response: <KeyPress from None: t=126.83186833298532, value=e, duration=0.07616579098976217>
127.9259 	DATA 	Mouse: Left button down, pos=(590,142)
127.9269 	EXP 	New trial (rep=0, index=16): <Trial 16 (16 in rep 0) data={'test_word': 'l_pt_p', 'Reference': 'laptop', 'old_new': 'old', 'thisN': 16, 'thisTrialN': 16, 'thisRepN': 0}>
127.9373 	EXP 	TestText: autoDraw = False
127.9373 	EXP 	test_textbox: autoDraw = False
127.9373 	EXP 	submit_text: autoDraw = False
127.9373 	EXP 	TestText: height = np.float64(0.05)
127.9373 	EXP 	TestText: height = np.float64(0.05)
127.9373 	EXP 	TestText: height = np.float64(0.05)
127.9373 	EXP 	TestText: text = 'l_pt_p'
127.9373 	EXP 	TestText: autoDraw = True
127.9373 	EXP 	test_textbox: autoDraw = True
127.9373 	EXP 	submit_text: autoDraw = True
128.1136 	DATA 	Mouse:  Left button up, pos=(590,142)
129.3280 	DATA 	Keypress: l
129.3291 	EXP 	Device response: <KeyPress from None: t=129.3204554579861, value=l, duration=None>
129.3875 	EXP 	Device response: <KeyPress from None: t=129.3204554579861, value=l, duration=0.05960104099358432>
129.4380 	DATA 	Keypress: a
129.4388 	EXP 	Device response: <KeyPress from None: t=129.42879116599215, value=a, duration=None>
129.5374 	EXP 	Device response: <KeyPress from None: t=129.42879116599215, value=a, duration=0.1042445829953067>
129.6208 	EXP 	Device response: <KeyPress from None: t=129.61682812398067, value=p, duration=None>
129.6249 	DATA 	Keypress: p
129.6711 	EXP 	Device response: <KeyPress from None: t=129.61682812398067, value=p, duration=0.04425150001770817>
130.1602 	EXP 	Device response: <KeyPress from None: t=130.15968574897852, value=t, duration=None>
130.1644 	DATA 	Keypress: t
130.2207 	EXP 	Device response: <KeyPress from None: t=130.15968574897852, value=t, duration=0.05665037501603365>
130.5598 	EXP 	Device response: <KeyPress from None: t=130.5587781239883, value=o, duration=None>
130.5718 	DATA 	Keypress: o
130.6040 	EXP 	Device response: <KeyPress from None: t=130.5587781239883, value=o, duration=0.044407167006284>
130.7114 	DATA 	Keypress: p
130.7124 	EXP 	Device response: <KeyPress from None: t=130.70573912397958, value=p, duration=None>
130.7592 	EXP 	Device response: <KeyPress from None: t=130.70573912397958, value=p, duration=0.0522150420001708>
131.8374 	DATA 	Mouse: Left button down, pos=(605,148)
131.8386 	EXP 	New trial (rep=0, index=17): <Trial 17 (17 in rep 0) data={'test_word': 'k_y_', 'Reference': 'keys', 'old_new': 'old', 'thisN': 17, 'thisTrialN': 17, 'thisRepN': 0}>
131.8487 	EXP 	TestText: autoDraw = False
131.8487 	EXP 	test_textbox: autoDraw = False
131.8487 	EXP 	submit_text: autoDraw = False
131.8487 	EXP 	TestText: height = np.float64(0.05)
131.8487 	EXP 	TestText: height = np.float64(0.05)
131.8487 	EXP 	TestText: height = np.float64(0.05)
131.8487 	EXP 	TestText: text = 'k_y_'
131.8487 	EXP 	TestText: autoDraw = True
131.8487 	EXP 	test_textbox: autoDraw = True
131.8487 	EXP 	submit_text: autoDraw = True
131.9793 	DATA 	Mouse:  Left button up, pos=(605,148)
133.0668 	DATA 	Keypress: k
133.0681 	EXP 	Device response: <KeyPress from None: t=133.05370574898552, value=k, duration=None>
133.1038 	EXP 	Device response: <KeyPress from None: t=133.05370574898552, value=k, duration=0.044585833995370194>
133.2206 	EXP 	Device response: <KeyPress from None: t=133.21763920798548, value=e, duration=None>
133.2269 	DATA 	Keypress: e
133.2920 	EXP 	Device response: <KeyPress from None: t=133.21763920798548, value=e, duration=0.0722412499890197>
133.6540 	EXP 	Device response: <KeyPress from None: t=133.65199145799852, value=y, duration=None>
133.6612 	DATA 	Keypress: y
133.7211 	EXP 	Device response: <KeyPress from None: t=133.65199145799852, value=y, duration=0.059993165981722996>
133.7881 	DATA 	Keypress: s
133.7890 	EXP 	Device response: <KeyPress from None: t=133.77965945799951, value=s, duration=None>
133.8874 	EXP 	Device response: <KeyPress from None: t=133.77965945799951, value=s, duration=0.10440241597825661>
134.8894 	DATA 	Mouse: Left button down, pos=(605,149)
134.8944 	EXP 	New trial (rep=0, index=18): <Trial 18 (18 in rep 0) data={'test_word': 'ta_l_', 'Reference': 'table', 'old_new': 'new', 'thisN': 18, 'thisTrialN': 18, 'thisRepN': 0}>
134.9201 	WARNING 	Multiple dropped frames have occurred - I'll stop bothering you about them!
134.9201 	EXP 	TestText: autoDraw = False
134.9201 	EXP 	test_textbox: autoDraw = False
134.9201 	EXP 	submit_text: autoDraw = False
134.9201 	EXP 	TestText: height = np.float64(0.05)
134.9201 	EXP 	TestText: height = np.float64(0.05)
134.9201 	EXP 	TestText: height = np.float64(0.05)
134.9201 	EXP 	TestText: text = 'ta_l_'
134.9201 	EXP 	TestText: autoDraw = True
134.9201 	EXP 	test_textbox: autoDraw = True
134.9201 	EXP 	submit_text: autoDraw = True
135.0539 	DATA 	Mouse:  Left button up, pos=(605,149)
137.1614 	DATA 	Keypress: t
137.1624 	EXP 	Device response: <KeyPress from None: t=137.1556082489842, value=t, duration=None>
137.2209 	EXP 	Device response: <KeyPress from None: t=137.1556082489842, value=t, duration=0.05629649999900721>
137.2872 	EXP 	Device response: <KeyPress from None: t=137.2849171239941, value=a, duration=None>
137.2931 	DATA 	Keypress: a
137.3710 	EXP 	Device response: <KeyPress from None: t=137.2849171239941, value=a, duration=0.07603866700083017>
139.2040 	EXP 	Device response: <KeyPress from None: t=139.199619291001, value=b, duration=None>
139.2078 	DATA 	Keypress: b
139.2541 	EXP 	Device response: <KeyPress from None: t=139.199619291001, value=b, duration=0.05250287498347461>
139.4613 	DATA 	Keypress: k
139.4622 	EXP 	Device response: <KeyPress from None: t=139.45554941598675, value=k, duration=None>
139.5086 	EXP 	Device response: <KeyPress from None: t=139.45554941598675, value=k, duration=0.0521927920053713>
140.7420 	EXP 	Device response: <KeyPress from None: t=140.74055579098058, value=backspace, duration=None>
140.7453 	DATA 	Keypress: backspace
140.7931 	EXP 	Device response: <KeyPress from None: t=140.74055579098058, value=backspace, duration=0.048291292012436315>
141.3705 	EXP 	Device response: <KeyPress from None: t=141.36948691599537, value=l, duration=None>
141.3772 	DATA 	Keypress: l
141.4205 	EXP 	Device response: <KeyPress from None: t=141.36948691599537, value=l, duration=0.04827020800439641>
141.5039 	EXP 	Device response: <KeyPress from None: t=141.50250245799543, value=e, duration=None>
141.5105 	DATA 	Keypress: e
141.6087 	EXP 	Device response: <KeyPress from None: t=141.50250245799543, value=e, duration=0.10426512500271201>
142.6087 	DATA 	Mouse: Left button down, pos=(601,160)
142.6097 	EXP 	New trial (rep=0, index=19): <Trial 19 (19 in rep 0) data={'test_word': '_oo_', 'Reference': 'book', 'old_new': 'old', 'thisN': 19, 'thisTrialN': 19, 'thisRepN': 0}>
142.6191 	EXP 	TestText: autoDraw = False
142.6191 	EXP 	test_textbox: autoDraw = False
142.6191 	EXP 	submit_text: autoDraw = False
142.6191 	EXP 	TestText: height = np.float64(0.05)
142.6191 	EXP 	TestText: height = np.float64(0.05)
142.6191 	EXP 	TestText: height = np.float64(0.05)
142.6191 	EXP 	TestText: text = '_oo_'
142.6191 	EXP 	TestText: autoDraw = True
142.6191 	EXP 	test_textbox: autoDraw = True
142.6191 	EXP 	submit_text: autoDraw = True
142.7594 	DATA 	Mouse:  Left button up, pos=(601,160)
144.4430 	EXP 	Device response: <KeyPress from None: t=144.44165212399093, value=b, duration=None>
144.4479 	DATA 	Keypress: b
144.5039 	EXP 	Device response: <KeyPress from None: t=144.44165212399093, value=b, duration=0.056047124991891906>
145.4706 	EXP 	Device response: <KeyPress from None: t=145.46543479099637, value=o, duration=None>
145.4748 	DATA 	Keypress: o
145.5210 	EXP 	Device response: <KeyPress from None: t=145.46543479099637, value=o, duration=0.048303999996278435>
145.5881 	DATA 	Keypress: o
145.5889 	EXP 	Device response: <KeyPress from None: t=145.5793940409785, value=o, duration=None>
145.6542 	EXP 	Device response: <KeyPress from None: t=145.5793940409785, value=o, duration=0.06431345801684074>
146.4218 	DATA 	Keypress: k
146.4228 	EXP 	Device response: <KeyPress from None: t=146.41425108298426, value=k, duration=None>
146.4755 	EXP 	Device response: <KeyPress from None: t=146.41425108298426, value=k, duration=0.0564391250081826>
147.6254 	DATA 	Mouse: Left button down, pos=(592,164)
147.6366 	EXP 	TestText: autoDraw = False
147.6366 	EXP 	test_textbox: autoDraw = False
147.6366 	EXP 	submit_text: autoDraw = False
147.6367 	EXP 	Word Priming Experiment: status = STOPPED
147.6530 	INFO 	saved data to '/Users/vineesmacbook/Desktop/PsychoPy/Word Priming/data/DA_Word Priming Experiment_2025-10-09_12h18.03.496.csv'
147.6543 	INFO 	saved data to /Users/vineesmacbook/Desktop/PsychoPy/Word Priming/data/DA_Word Priming Experiment_2025-10-09_12h18.03.496.psydat
147.7733 	WARNING 	Stopping key buffers but this could be dangerous ifother keyboards rely on the same.
